2026-05-21 16:38:50 [INFO] Training log started: training_20260521_163850.log
2026-05-21 16:38:50 [INFO] PATCH_SIZE=(128, 128, 64), GRAD_ACCUM_STEPS=2
2026-05-21 16:38:50 [INFO] Loading clinical constraints from ./prostate_prime_constraints_v2.csv ...
2026-05-21 16:38:51 [INFO] Curriculum ramp: lambda_mse=25.0 constant, physics lambdas 0 -> target over 30 epochs
2026-05-21 16:38:51 [INFO] Model ready on cuda, epochs=100, AMP=ON
2026-05-21 16:38:51 [INFO] Epoch 1/100 [RAMP 1/30 (3% of physics)] ramp=0.033 lr=1.00e-04
2026-05-21 16:38:57 [INFO] Step 5/54 Loss=35.8937 mse=1.1875 v_opt=3.27172 v_mand=2.66956 ptv=0.2254 ptv_max=0.02433 ring=0.03583 smooth=1.3757 laplacian=5.4062 beam=0.27264 homogeneity=0.0480 body=0.00000 bowel=0.43922 femur=0.48457
2026-05-21 16:38:59 [INFO] Step 10/54 Loss=39.9958 mse=1.3710 v_opt=3.23088 v_mand=2.63463 ptv=0.2330 ptv_max=0.01344 ring=0.02201 smooth=1.4299 laplacian=5.5877 beam=0.01055 homogeneity=0.0354 body=0.00000 bowel=0.00000 femur=0.00000
2026-05-21 16:39:02 [INFO] Step 15/54 Loss=43.3975 mse=1.4795 v_opt=3.27731 v_mand=2.69194 ptv=0.2361 ptv_max=0.03371 ring=0.05762 smooth=1.7819 laplacian=7.0808 beam=0.27001 homogeneity=0.0601 body=0.00000 bowel=0.43195 femur=0.00000
2026-05-21 16:39:05 [INFO] Step 20/54 Loss=36.4067 mse=1.2139 v_opt=3.26147 v_mand=2.66216 ptv=0.2226 ptv_max=0.02643 ring=0.03190 smooth=1.0572 laplacian=4.1585 beam=0.03749 homogeneity=0.0501 body=0.00000 bowel=0.60456 femur=0.60297
2026-05-21 16:39:09 [INFO] Step 25/54 Loss=10.8567 mse=0.4060 v_opt=0.00000 v_mand=0.00000 ptv=0.0000 ptv_max=0.00000 ring=0.00000 smooth=0.5219 laplacian=2.0491 beam=0.36365 homogeneity=0.0000 body=0.00000 bowel=0.57517 femur=0.00000
2026-05-21 16:39:13 [INFO] Step 30/54 Loss=28.6641 mse=0.9045 v_opt=3.23616 v_mand=2.63864 ptv=0.2189 ptv_max=0.00820 ring=0.01655 smooth=0.8495 laplacian=3.3456 beam=0.19105 homogeneity=0.0270 body=0.00000 bowel=0.92752 femur=0.73200
2026-05-21 16:39:15 [INFO] Step 35/54 Loss=34.7147 mse=1.1499 v_opt=3.19531 v_mand=2.59953 ptv=0.2160 ptv_max=0.00432 ring=0.01085 smooth=0.6954 laplacian=2.6669 beam=0.02534 homogeneity=0.0213 body=0.00000 bowel=0.99143 femur=1.06673
2026-05-21 16:39:18 [INFO] Step 40/54 Loss=34.8032 mse=1.1493 v_opt=3.23709 v_mand=2.63577 ptv=0.2043 ptv_max=0.01155 ring=0.02085 smooth=0.6663 laplacian=2.6098 beam=0.00196 homogeneity=0.0293 body=0.00000 bowel=0.97159 femur=1.20108
2026-05-21 16:39:22 [INFO] Step 45/54 Loss=22.6213 mse=0.6761 v_opt=3.27333 v_mand=2.66713 ptv=0.1921 ptv_max=0.00235 ring=0.00416 smooth=0.1820 laplacian=0.6737 beam=0.02340 homogeneity=0.0170 body=0.00000 bowel=0.84668 femur=1.28515
2026-05-21 16:39:25 [INFO] Step 50/54 Loss=26.1254 mse=0.8157 v_opt=3.28674 v_mand=2.67845 ptv=0.1797 ptv_max=0.00452 ring=0.00743 smooth=0.3531 laplacian=1.3403 beam=0.21710 homogeneity=0.0217 body=0.00000 bowel=0.78997 femur=0.88984
2026-05-21 16:39:27 [INFO] Step 54/54 Loss=26.9787 mse=0.8810 v_opt=3.21571 v_mand=2.61721 ptv=0.2386 ptv_max=0.00026 ring=0.00135 smooth=0.3215 laplacian=1.2330 beam=0.41046 homogeneity=0.0172 body=0.00000 bowel=0.00000 femur=0.00000
2026-05-21 16:39:27 [INFO] Running validation at epoch 1...
2026-05-21 16:41:50 [INFO] Epoch 1 Summary: Train=29.2154 Val=0.0825 (MSE=0.0825)
          Metrics: PTV_D95=45.58Gy Bladder=53.04Gy Rectum=54.42Gy
          Metrics: Ring=55.86Gy Dmax=161.93Gy BG=61.97Gy
2026-05-21 16:41:50 [INFO] [PHYSICS] Saved best model val_loss=0.0825
2026-05-21 16:41:50 [INFO] [CLINICAL] Saved best model Score=104.870 PTV_D95=45.58Gy Bladder=53.04Gy Rectum=54.42Gy
2026-05-21 16:41:50 [INFO] Epoch 2/100 [RAMP 2/30 (7% of physics)] ramp=0.067 lr=1.00e-04
2026-05-21 16:41:57 [INFO] Step 5/54 Loss=27.9325 mse=0.6738 v_opt=3.25115 v_mand=2.64216 ptv=0.2089 ptv_max=0.00273 ring=0.00384 smooth=0.3717 laplacian=1.4341 beam=0.06188 homogeneity=0.0213 body=0.00000 bowel=0.58196 femur=0.84261
2026-05-21 16:42:00 [INFO] Step 10/54 Loss=26.4661 mse=0.6746 v_opt=3.19589 v_mand=2.59514 ptv=0.2370 ptv_max=0.00009 ring=0.00062 smooth=0.2347 laplacian=0.8869 beam=0.09241 homogeneity=0.0172 body=0.00000 bowel=0.00000 femur=0.00000
2026-05-21 16:42:02 [INFO] Step 15/54 Loss=29.7510 mse=0.7411 v_opt=3.19587 v_mand=2.60895 ptv=0.1951 ptv_max=0.00218 ring=0.00320 smooth=0.1633 laplacian=0.6010 beam=0.18541 homogeneity=0.0184 body=0.00000 bowel=0.83997 femur=1.23330
2026-05-21 16:42:06 [INFO] Step 20/54 Loss=35.5866 mse=0.9704 v_opt=3.18339 v_mand=2.59475 ptv=0.2138 ptv_max=0.00070 ring=0.00103 smooth=0.1890 laplacian=0.7206 beam=0.12546 homogeneity=0.0163 body=0.00000 bowel=0.91113 femur=1.31764
2026-05-21 16:42:12 [INFO] Step 25/54 Loss=36.6462 mse=1.0211 v_opt=3.16978 v_mand=2.56703 ptv=0.2020 ptv_max=0.00153 ring=0.00296 smooth=0.3221 laplacian=1.2340 beam=0.08316 homogeneity=0.0178 body=0.00000 bowel=0.74721 femur=1.14661
2026-05-21 16:42:15 [INFO] Step 30/54 Loss=28.0155 mse=0.6942 v_opt=3.11031 v_mand=2.52790 ptv=0.2095 ptv_max=0.00037 ring=0.00178 smooth=0.1572 laplacian=0.5801 beam=0.21948 homogeneity=0.0159 body=0.00000 bowel=0.89532 femur=0.72465
2026-05-21 16:42:18 [INFO] Step 35/54 Loss=22.3240 mse=0.5699 v_opt=2.16176 v_mand=1.74325 ptv=0.2166 ptv_max=0.00088 ring=0.00071 smooth=0.1187 laplacian=0.4315 beam=0.15753 homogeneity=0.0170 body=0.00000 bowel=0.81929 femur=1.17451
2026-05-21 16:42:21 [INFO] Step 40/54 Loss=29.0644 mse=0.7387 v_opt=3.04420 v_mand=2.45982 ptv=0.2108 ptv_max=0.00081 ring=0.00188 smooth=0.1659 laplacian=0.6108 beam=0.01147 homogeneity=0.0169 body=0.00000 bowel=0.80802 femur=1.19786
2026-05-21 16:42:26 [INFO] Step 45/54 Loss=24.4557 mse=0.5873 v_opt=2.92852 v_mand=2.36420 ptv=0.2384 ptv_max=0.00081 ring=0.00111 smooth=0.1377 laplacian=0.4991 beam=0.00003 homogeneity=0.0201 body=0.00000 bowel=0.53371 femur=0.90572
2026-05-21 16:42:29 [INFO] Step 50/54 Loss=27.1878 mse=0.6773 v_opt=3.02819 v_mand=2.45285 ptv=0.2367 ptv_max=0.00016 ring=0.00018 smooth=0.1159 laplacian=0.4274 beam=0.02161 homogeneity=0.0178 body=0.00000 bowel=0.59198 femur=1.11427
2026-05-21 16:42:32 [INFO] Step 54/54 Loss=27.9447 mse=0.6949 v_opt=3.09605 v_mand=2.49555 ptv=0.2125 ptv_max=0.00228 ring=0.00532 smooth=0.1821 laplacian=0.6802 beam=0.22631 homogeneity=0.0233 body=0.00000 bowel=0.55772 femur=1.17556
2026-05-21 16:42:32 [INFO] Running validation at epoch 2...
