2026-06-10 15:57:29 [INFO] Training log started: logs/training_20260610_155729.log
2026-06-10 15:57:29 [INFO] PATCH_SIZE=(128, 128, 64), GRAD_ACCUM_STEPS=2
2026-06-10 15:57:29 [INFO] Loading clinical constraints (inline config) ...
2026-06-10 15:57:29 [INFO] Curriculum ramp: lambda_mse=25.0 constant, physics lambdas 0 -> target over 5 epochs
2026-06-10 15:57:29 [INFO] Model ready on cuda, epochs=10, AMP=ON
2026-06-10 15:57:29 [INFO] Epoch 1/10 [RAMP 1/5 (20% of physics)] ramp=0.200 lr=1.00e-04
2026-06-10 15:59:08 [INFO] Step 5/56 Loss=461.2371 mse=1.3162 v_opt=0.00000 v_mand=0.00000 ptv=0.1085 ptv_max=0.36139 global_ceil=6.89882 ring=0.02835 smooth=0.7218 laplacian=2.8211 anticollapse=0.00006 shell_inner=0.00000 shell_outer=0.00000 homogeneity=0.0000 body=0.00000 bowel=0.13186 femur=0.13319 penile=0.01083 bg=5.13639
2026-06-10 16:00:29 [INFO] Step 10/56 Loss=363.3230 mse=1.1911 v_opt=0.00000 v_mand=0.00000 ptv=0.0573 ptv_max=0.12544 global_ceil=5.35088 ring=0.01977 smooth=0.5348 laplacian=2.1012 anticollapse=0.00000 shell_inner=0.00000 shell_outer=0.00000 homogeneity=0.0000 body=0.00000 bowel=0.24361 femur=0.11070 penile=0.05317 bg=4.97407
2026-06-10 16:02:21 [INFO] Step 15/56 Loss=323.7494 mse=1.1044 v_opt=0.00000 v_mand=0.00000 ptv=0.0969 ptv_max=0.24771 global_ceil=4.71552 ring=0.02054 smooth=0.4781 laplacian=1.8759 anticollapse=0.00001 shell_inner=0.00000 shell_outer=0.00000 homogeneity=0.0000 body=0.00000 bowel=0.17003 femur=0.12139 penile=0.00000 bg=4.94417
2026-06-10 16:03:32 [INFO] Step 20/56 Loss=302.0789 mse=0.9394 v_opt=0.00000 v_mand=0.00000 ptv=0.1035 ptv_max=0.29887 global_ceil=4.40776 ring=0.02245 smooth=0.4199 laplacian=1.6388 anticollapse=0.00002 shell_inner=0.00000 shell_outer=0.00000 homogeneity=0.0000 body=0.00000 bowel=0.33562 femur=0.11726 penile=0.01152 bg=4.96673
2026-06-10 16:05:08 [INFO] Step 25/56 Loss=454.4982 mse=0.9866 v_opt=0.00000 v_mand=0.00000 ptv=0.0829 ptv_max=0.15035 global_ceil=6.94955 ring=0.02124 smooth=0.4960 laplacian=1.9331 anticollapse=0.00011 shell_inner=0.00000 shell_outer=0.00000 homogeneity=0.0000 body=0.00000 bowel=0.37256 femur=0.11363 penile=0.03244 bg=4.79164
2026-06-10 16:06:34 [INFO] Step 30/56 Loss=383.5499 mse=1.0319 v_opt=0.00000 v_mand=0.00000 ptv=0.0920 ptv_max=0.26029 global_ceil=5.74040 ring=0.02314 smooth=0.5419 laplacian=2.1215 anticollapse=0.00001 shell_inner=0.00000 shell_outer=0.00000 homogeneity=0.0000 body=0.00000 bowel=0.23316 femur=0.11179 penile=0.00000 bg=4.88977
2026-06-10 16:08:10 [INFO] Step 35/56 Loss=166.6460 mse=0.8393 v_opt=0.00000 v_mand=0.00000 ptv=0.0815 ptv_max=0.17952 global_ceil=2.21423 ring=0.01957 smooth=0.3209 laplacian=1.2502 anticollapse=0.00000 shell_inner=0.00000 shell_outer=0.00000 homogeneity=0.0000 body=0.00000 bowel=0.33799 femur=0.12205 penile=0.00000 bg=4.78590
2026-06-10 16:09:38 [INFO] Step 40/56 Loss=219.4981 mse=1.0675 v_opt=0.00000 v_mand=0.00000 ptv=0.0694 ptv_max=0.09108 global_ceil=2.99649 ring=0.02072 smooth=0.4965 laplacian=1.9520 anticollapse=0.00001 shell_inner=0.00000 shell_outer=0.00000 homogeneity=0.0000 body=0.00000 bowel=0.53815 femur=0.13726 penile=0.01942 bg=4.85379
2026-06-10 16:11:32 [INFO] Step 45/56 Loss=193.1902 mse=1.2801 v_opt=0.00000 v_mand=0.00000 ptv=0.0696 ptv_max=0.10331 global_ceil=2.47323 ring=0.02336 smooth=0.5997 laplacian=2.3591 anticollapse=0.00000 shell_inner=0.00000 shell_outer=0.00000 homogeneity=0.0000 body=0.00000 bowel=0.13218 femur=0.13213 penile=0.03710 bg=5.28197
2026-06-10 16:12:52 [INFO] Step 50/56 Loss=138.1177 mse=1.3719 v_opt=0.00000 v_mand=0.00000 ptv=0.0596 ptv_max=0.06837 global_ceil=1.68041 ring=0.01996 smooth=0.5792 laplacian=2.2840 anticollapse=0.00000 shell_inner=0.00000 shell_outer=0.00000 homogeneity=0.0000 body=0.00000 bowel=0.13906 femur=0.15893 penile=0.00000 bg=0.54280
2026-06-10 16:14:41 [INFO] Step 55/56 Loss=80.9154 mse=0.7578 v_opt=0.00000 v_mand=0.00000 ptv=0.0015 ptv_max=0.01275 global_ceil=0.86247 ring=0.01901 smooth=0.3538 laplacian=1.3817 anticollapse=0.00000 shell_inner=0.00000 shell_outer=0.00000 homogeneity=0.0000 body=0.00000 bowel=0.09411 femur=0.00000 penile=0.00000 bg=4.83872
2026-06-10 16:14:48 [INFO] Step 56/56 Loss=123.4322 mse=1.0275 v_opt=0.00000 v_mand=0.00000 ptv=0.0357 ptv_max=0.03449 global_ceil=1.44111 ring=0.01501 smooth=0.4259 laplacian=1.6786 anticollapse=0.00000 shell_inner=0.00000 shell_outer=0.00000 homogeneity=0.0000 body=0.00000 bowel=0.12530 femur=0.12118 penile=0.08164 bg=4.89929
2026-06-10 16:14:48 [INFO] Running validation at epoch 1...
2026-06-10 16:17:46 [INFO] Epoch 1 Summary: Train=278.3286 Val=0.1030 (MSE=0.1030)
          Coverage D95:  PTV_62_20_D95=32.58Gy  PTV_44_20_D95=36.53Gy
          SIB Means:    PTV_62_20=58.94Gy PTV_44_20=57.08Gy
          OAR Metrics:  Bladder=60.56Gy Rectum=55.49Gy Bowel=56.58Gy Femur=56.44Gy Ring=56.69Gy Penile=55.00Gy
          Physics:      Dmax=132.74Gy BG=56.66Gy HI=1.376 CI=153.99
2026-06-10 16:17:46 [INFO] [DIAGNOSTIC] Saved fallback model MSE=0.1030
2026-06-10 16:17:46 [INFO] Epoch 2/10 [RAMP 2/5 (40% of physics)] ramp=0.400 lr=9.76e-05
2026-06-10 16:17:55 [INFO] Step 5/56 Loss=249.6001 mse=0.7888 v_opt=0.00000 v_mand=0.00000 ptv=0.0579 ptv_max=0.05142 global_ceil=1.72015 ring=0.01518 smooth=0.4084 laplacian=1.6033 anticollapse=0.00000 shell_inner=0.00000 shell_outer=0.00000 homogeneity=0.0000 body=0.00000 bowel=0.20971 femur=0.15873 penile=0.01998 bg=4.87409
2026-06-10 16:18:02 [INFO] Step 10/56 Loss=237.2064 mse=1.2724 v_opt=0.00000 v_mand=0.00000 ptv=0.0641 ptv_max=0.06778 global_ceil=1.47040 ring=0.02020 smooth=0.6173 laplacian=2.4381 anticollapse=0.00000 shell_inner=0.00000 shell_outer=0.00000 homogeneity=0.0000 body=0.00000 bowel=0.10130 femur=0.16185 penile=0.00000 bg=6.31190
2026-06-10 16:18:09 [INFO] Step 15/56 Loss=155.4038 mse=0.9390 v_opt=0.00000 v_mand=0.00000 ptv=0.0448 ptv_max=0.03671 global_ceil=0.91327 ring=0.01450 smooth=0.3876 laplacian=1.5224 anticollapse=0.00000 shell_inner=0.00000 shell_outer=0.00000 homogeneity=0.0000 body=0.00000 bowel=0.11451 femur=0.15729 penile=0.04180 bg=4.82244
2026-06-10 16:18:15 [INFO] Step 20/56 Loss=120.8082 mse=0.7617 v_opt=0.00000 v_mand=0.00000 ptv=0.0518 ptv_max=0.04866 global_ceil=0.65027 ring=0.01478 smooth=0.3203 laplacian=1.2543 anticollapse=0.00000 shell_inner=0.00000 shell_outer=0.00000 homogeneity=0.0000 body=0.00000 bowel=0.26277 femur=0.16183 penile=0.02444 bg=4.90156
2026-06-10 16:18:23 [INFO] Step 25/56 Loss=140.5359 mse=1.2533 v_opt=0.00000 v_mand=0.00000 ptv=0.0481 ptv_max=0.04533 global_ceil=0.71573 ring=0.02056 smooth=0.4933 laplacian=1.9512 anticollapse=0.00000 shell_inner=0.00000 shell_outer=0.00000 homogeneity=0.0000 body=0.00000 bowel=0.15155 femur=0.18194 penile=0.02230 bg=4.93828
2026-06-10 16:18:29 [INFO] Step 30/56 Loss=93.9385 mse=0.8568 v_opt=0.00000 v_mand=0.00000 ptv=0.0246 ptv_max=0.00737 global_ceil=0.42377 ring=0.00943 smooth=0.3169 laplacian=1.2328 anticollapse=0.00000 shell_inner=0.00000 shell_outer=0.00000 homogeneity=0.0000 body=0.00000 bowel=0.17848 femur=0.12534 penile=0.00000 bg=4.83243
2026-06-10 16:18:37 [INFO] Step 35/56 Loss=94.5156 mse=0.4706 v_opt=0.00000 v_mand=0.00000 ptv=0.0000 ptv_max=0.00000 global_ceil=0.54802 ring=0.00000 smooth=0.2264 laplacian=0.8679 anticollapse=0.00000 shell_inner=0.00000 shell_outer=0.00000 homogeneity=0.0000 body=0.00000 bowel=0.00000 femur=0.00000 penile=0.00000 bg=4.22257
2026-06-10 16:18:43 [INFO] Step 40/56 Loss=107.7947 mse=0.9636 v_opt=0.00000 v_mand=0.00000 ptv=0.0453 ptv_max=0.02553 global_ceil=0.51297 ring=0.01359 smooth=0.2913 laplacian=1.1365 anticollapse=0.00000 shell_inner=0.00000 shell_outer=0.00000 homogeneity=0.0000 body=0.00000 bowel=0.23285 femur=0.13299 penile=0.02799 bg=4.67997
2026-06-10 16:18:52 [INFO] Step 45/56 Loss=95.9372 mse=0.7722 v_opt=0.00000 v_mand=0.00000 ptv=0.0328 ptv_max=0.01675 global_ceil=0.44930 ring=0.00998 smooth=0.2390 laplacian=0.9280 anticollapse=0.00000 shell_inner=0.00000 shell_outer=0.00000 homogeneity=0.0000 body=0.00000 bowel=0.52133 femur=0.12745 penile=0.03031 bg=4.49051
2026-06-10 16:18:58 [INFO] Step 50/56 Loss=110.1699 mse=1.0136 v_opt=0.00000 v_mand=0.00000 ptv=0.0415 ptv_max=0.02377 global_ceil=0.52468 ring=0.01660 smooth=0.3436 laplacian=1.3485 anticollapse=0.00000 shell_inner=0.00000 shell_outer=0.00000 homogeneity=0.0000 body=0.00000 bowel=0.17300 femur=0.13068 penile=0.04152 bg=4.69763
2026-06-10 16:19:06 [INFO] Step 55/56 Loss=109.0762 mse=1.2167 v_opt=0.00000 v_mand=0.00000 ptv=0.0413 ptv_max=0.01847 global_ceil=0.47785 ring=0.01441 smooth=0.4674 laplacian=1.8508 anticollapse=0.00000 shell_inner=0.00000 shell_outer=0.00000 homogeneity=0.0000 body=0.00000 bowel=0.12244 femur=0.11565 penile=0.03592 bg=4.66412
2026-06-10 16:19:07 [INFO] Step 56/56 Loss=126.2113 mse=1.0245 v_opt=0.00000 v_mand=0.00000 ptv=0.0374 ptv_max=0.01892 global_ceil=0.65200 ring=0.01411 smooth=0.4034 laplacian=1.5871 anticollapse=0.00000 shell_inner=0.00000 shell_outer=0.00000 homogeneity=0.0000 body=0.00000 bowel=0.32639 femur=0.12500 penile=0.03156 bg=4.63872
2026-06-10 16:19:07 [INFO] Running validation at epoch 2...
2026-06-10 16:19:51 [INFO] Epoch 2 Summary: Train=150.3586 Val=0.0981 (MSE=0.0981)
          Coverage D95:  PTV_62_20_D95=35.64Gy  PTV_44_20_D95=38.21Gy
          SIB Means:    PTV_62_20=58.31Gy PTV_44_20=56.86Gy
          OAR Metrics:  Bladder=60.22Gy Rectum=55.90Gy Bowel=56.25Gy Femur=56.21Gy Ring=56.63Gy Penile=55.19Gy
          Physics:      Dmax=106.43Gy BG=56.16Gy HI=0.850 CI=157.48
2026-06-10 16:19:51 [INFO] [DIAGNOSTIC] Saved fallback model MSE=0.0981
2026-06-10 16:19:51 [INFO] Epoch 3/10 [RAMP 3/5 (60% of physics)] ramp=0.600 lr=9.05e-05
2026-06-10 16:19:59 [INFO] Step 5/56 Loss=149.1682 mse=1.1532 v_opt=0.00000 v_mand=0.00000 ptv=0.0345 ptv_max=0.01581 global_ceil=0.49742 ring=0.01507 smooth=0.4331 laplacian=1.7080 anticollapse=0.00000 shell_inner=0.00000 shell_outer=0.00000 homogeneity=0.0000 body=0.00000 bowel=0.08103 femur=0.11384 penile=0.06878 bg=4.54066
2026-06-10 16:20:05 [INFO] Step 10/56 Loss=133.0820 mse=0.9184 v_opt=0.00000 v_mand=0.00000 ptv=0.0262 ptv_max=0.00853 global_ceil=0.44593 ring=0.00734 smooth=0.3257 laplacian=1.2709 anticollapse=0.00000 shell_inner=0.00000 shell_outer=0.00000 homogeneity=0.0000 body=0.00000 bowel=0.00000 femur=0.11304 penile=0.08196 bg=4.58314
2026-06-10 16:20:13 [INFO] Step 15/56 Loss=81.0106 mse=1.1367 v_opt=0.00000 v_mand=0.00000 ptv=0.0338 ptv_max=0.00746 global_ceil=0.26000 ring=0.00946 smooth=0.3593 laplacian=1.4175 anticollapse=0.00000 shell_inner=0.00000 shell_outer=0.00000 homogeneity=0.0000 body=0.00000 bowel=0.11092 femur=0.10438 penile=0.00000 bg=0.45656
2026-06-10 16:20:18 [INFO] Step 20/56 Loss=130.4751 mse=1.1527 v_opt=0.00000 v_mand=0.00000 ptv=0.0407 ptv_max=0.01377 global_ceil=0.38788 ring=0.01316 smooth=0.4041 laplacian=1.5966 anticollapse=0.00000 shell_inner=0.00000 shell_outer=0.00000 homogeneity=0.0000 body=0.00000 bowel=0.12859 femur=0.10324 penile=0.04078 bg=4.66732
2026-06-10 16:20:26 [INFO] Step 25/56 Loss=102.8863 mse=0.7306 v_opt=0.00000 v_mand=0.00000 ptv=0.0338 ptv_max=0.00473 global_ceil=0.29219 ring=0.00823 smooth=0.2611 laplacian=1.0172 anticollapse=0.00000 shell_inner=0.00000 shell_outer=0.00000 homogeneity=0.0000 body=0.00000 bowel=0.36391 femur=0.11364 penile=0.01804 bg=4.44498
2026-06-10 16:20:31 [INFO] Step 30/56 Loss=101.5032 mse=0.8511 v_opt=0.00000 v_mand=0.00000 ptv=0.0247 ptv_max=0.00270 global_ceil=0.28082 ring=0.00456 smooth=0.2525 laplacian=0.9876 anticollapse=0.00000 shell_inner=0.00000 shell_outer=0.00000 homogeneity=0.0000 body=0.00000 bowel=0.18379 femur=0.10417 penile=0.05809 bg=4.34975
2026-06-10 16:20:39 [INFO] Step 35/56 Loss=88.8321 mse=0.9681 v_opt=0.00000 v_mand=0.00000 ptv=0.0333 ptv_max=0.00567 global_ceil=0.18702 ring=0.00626 smooth=0.2565 laplacian=1.0100 anticollapse=0.00000 shell_inner=0.00000 shell_outer=0.00000 homogeneity=0.0000 body=0.00000 bowel=0.20996 femur=0.09950 penile=0.01305 bg=4.52273
2026-06-10 16:20:45 [INFO] Step 40/56 Loss=75.3110 mse=0.8854 v_opt=0.00000 v_mand=0.00000 ptv=0.0356 ptv_max=0.00457 global_ceil=0.26284 ring=0.00838 smooth=0.2804 laplacian=1.0959 anticollapse=0.00000 shell_inner=0.00000 shell_outer=0.00000 homogeneity=0.0000 body=0.00000 bowel=0.13123 femur=0.09753 penile=0.00000 bg=0.45731
2026-06-10 16:20:52 [INFO] Step 45/56 Loss=81.5953 mse=0.8719 v_opt=0.00000 v_mand=0.00000 ptv=0.0290 ptv_max=0.00387 global_ceil=0.16028 ring=0.00602 smooth=0.2522 laplacian=0.9853 anticollapse=0.00000 shell_inner=0.00000 shell_outer=0.00000 homogeneity=0.0000 body=0.00000 bowel=0.33911 femur=0.09878 penile=0.04325 bg=4.32193
2026-06-10 16:20:58 [INFO] Step 50/56 Loss=69.8134 mse=0.6963 v_opt=0.00000 v_mand=0.00000 ptv=0.0299 ptv_max=0.00226 global_ceil=0.11491 ring=0.00463 smooth=0.1724 laplacian=0.6692 anticollapse=0.00000 shell_inner=0.00000 shell_outer=0.00000 homogeneity=0.0000 body=0.00000 bowel=0.43680 femur=0.09852 penile=0.02753 bg=4.33433
2026-06-10 16:21:05 [INFO] Step 55/56 Loss=80.4484 mse=0.8207 v_opt=0.00000 v_mand=0.00000 ptv=0.0240 ptv_max=0.00213 global_ceil=0.16098 ring=0.00462 smooth=0.2218 laplacian=0.8631 anticollapse=0.00000 shell_inner=0.00000 shell_outer=0.00000 homogeneity=0.0000 body=0.00000 bowel=0.38907 femur=0.09319 penile=0.05641 bg=4.27524
2026-06-10 16:21:06 [INFO] Step 56/56 Loss=80.1170 mse=0.9922 v_opt=0.00000 v_mand=0.00000 ptv=0.0204 ptv_max=0.00057 global_ceil=0.14600 ring=0.00441 smooth=0.3083 laplacian=1.2271 anticollapse=0.00000 shell_inner=0.00000 shell_outer=0.00000 homogeneity=0.0000 body=0.00000 bowel=0.16000 femur=0.08144 penile=0.00000 bg=4.37783
2026-06-10 16:21:06 [INFO] Running validation at epoch 3...
2026-06-10 16:21:48 [INFO] Epoch 3 Summary: Train=99.5121 Val=0.0918 (MSE=0.0918)
          Coverage D95:  PTV_62_20_D95=41.36Gy  PTV_44_20_D95=39.61Gy
          SIB Means:    PTV_62_20=56.20Gy PTV_44_20=55.22Gy
          OAR Metrics:  Bladder=58.02Gy Rectum=55.66Gy Bowel=55.12Gy Femur=55.07Gy Ring=55.57Gy Penile=54.65Gy
          Physics:      Dmax=92.12Gy BG=54.96Gy HI=0.590 CI=148.67
2026-06-10 16:21:48 [INFO] [DIAGNOSTIC] Saved fallback model MSE=0.0918
2026-06-10 16:21:48 [INFO] Epoch 4/10 [RAMP 4/5 (80% of physics)] ramp=0.800 lr=7.96e-05
2026-06-10 16:21:56 [INFO] Step 5/56 Loss=104.3564 mse=0.7423 v_opt=0.00000 v_mand=0.00000 ptv=0.0267 ptv_max=0.00163 global_ceil=0.19063 ring=0.00563 smooth=0.2375 laplacian=0.9325 anticollapse=0.00000 shell_inner=0.00000 shell_outer=0.00000 homogeneity=0.0000 body=0.00000 bowel=0.26578 femur=0.09220 penile=0.00000 bg=4.34957
