2026-06-17 16:20:16 [INFO] Training log started: logs/training_20260617_162016.log
2026-06-17 16:20:16 [INFO] PATCH_SIZE=(128, 128, 64), GRAD_ACCUM_STEPS=2
2026-06-17 16:20:16 [INFO] Loading clinical constraints (inline config) ...
2026-06-17 16:20:16 [INFO] Curriculum ramp: lambda_mse=25.0 constant, physics lambdas 0 -> target over 30 epochs
2026-06-17 16:20:16 [INFO] Model ready on cuda, epochs=300, AMP=ON
2026-06-17 16:20:16 [INFO] Epoch 1/300 [RAMP 1/30 (3% of physics)] ramp=0.033 lr=1.00e-04
2026-06-17 16:20:24 [INFO] Step 5/56 Loss=73.7560 mse=0.8927 v_opt=0.72248 v_mand=0.33303 ptv=0.0000 ptv_max=0.00000 global_ceil=4.91986 ring=0.00180 smooth=1.0499 laplacian=4.1845 anticollapse=0.00012 shell_inner=0.00000 shell_outer=0.00000 homogeneity=0.0000 body=0.00000 bowel=0.01234 femur=0.25115 penile=0.00000 bg=4.51734
2026-06-17 16:20:30 [INFO] Step 10/56 Loss=69.4503 mse=0.7884 v_opt=0.69458 v_mand=0.32259 ptv=0.0085 ptv_max=0.00989 global_ceil=4.75494 ring=0.02138 smooth=0.7554 laplacian=3.0075 anticollapse=0.00002 shell_inner=0.00000 shell_outer=0.00000 homogeneity=0.0000 body=0.00000 bowel=0.00544 femur=0.18112 penile=0.00000 bg=4.42148
2026-06-17 16:20:37 [INFO] Step 15/56 Loss=78.8885 mse=1.1067 v_opt=0.68677 v_mand=0.31733 ptv=0.0056 ptv_max=0.00545 global_ceil=4.88023 ring=0.01871 smooth=1.1120 laplacian=4.4295 anticollapse=0.00001 shell_inner=0.00000 shell_outer=0.00000 homogeneity=0.0000 body=0.00000 bowel=0.01761 femur=0.12071 penile=0.00000 bg=5.17475
2026-06-17 16:20:42 [INFO] Step 20/56 Loss=65.9892 mse=0.9923 v_opt=0.89701 v_mand=0.45158 ptv=0.0112 ptv_max=0.01094 global_ceil=3.90584 ring=0.02796 smooth=0.7737 laplacian=3.0799 anticollapse=0.00004 shell_inner=0.00000 shell_outer=0.00000 homogeneity=0.0000 body=0.00000 bowel=0.02755 femur=0.12184 penile=0.00000 bg=3.52772
2026-06-17 16:20:49 [INFO] Step 25/56 Loss=76.2380 mse=1.2128 v_opt=0.72448 v_mand=0.34037 ptv=0.0055 ptv_max=0.00452 global_ceil=4.34609 ring=0.01459 smooth=1.0077 laplacian=4.0122 anticollapse=0.00001 shell_inner=0.00000 shell_outer=0.00000 homogeneity=0.0000 body=0.00000 bowel=0.01598 femur=0.17363 penile=0.00000 bg=5.13591
2026-06-17 16:20:55 [INFO] Step 30/56 Loss=63.2847 mse=1.0713 v_opt=0.75380 v_mand=0.36343 ptv=0.0068 ptv_max=0.00318 global_ceil=3.39795 ring=0.01082 smooth=0.9060 laplacian=3.6008 anticollapse=0.00001 shell_inner=0.00000 shell_outer=0.00000 homogeneity=0.0000 body=0.00000 bowel=0.02462 femur=0.23319 penile=0.00000 bg=5.16335
2026-06-17 16:21:02 [INFO] Step 35/56 Loss=41.4833 mse=0.8294 v_opt=0.89440 v_mand=0.43326 ptv=0.0064 ptv_max=0.00307 global_ceil=1.86415 ring=0.01151 smooth=0.5596 laplacian=2.2165 anticollapse=0.00000 shell_inner=0.00000 shell_outer=0.00000 homogeneity=0.0000 body=0.00000 bowel=0.02905 femur=0.12293 penile=0.00000 bg=3.68120
2026-06-17 16:21:07 [INFO] Step 40/56 Loss=46.8417 mse=0.7972 v_opt=0.80250 v_mand=0.38400 ptv=0.0000 ptv_max=0.00000 global_ceil=2.47089 ring=0.00036 smooth=0.7822 laplacian=3.1088 anticollapse=0.00006 shell_inner=0.00000 shell_outer=0.00000 homogeneity=0.0000 body=0.00000 bowel=0.02256 femur=0.16741 penile=0.00000 bg=4.23626
2026-06-17 16:21:15 [INFO] Step 45/56 Loss=50.0316 mse=1.0725 v_opt=0.76769 v_mand=0.36315 ptv=0.0033 ptv_max=0.00245 global_ceil=2.08493 ring=0.00874 smooth=0.6935 laplacian=2.7571 anticollapse=0.00000 shell_inner=0.00000 shell_outer=0.00000 homogeneity=0.0000 body=0.00000 bowel=0.03312 femur=0.16843 penile=0.00000 bg=4.79738
2026-06-17 16:21:20 [INFO] Step 50/56 Loss=38.8112 mse=0.7502 v_opt=0.70095 v_mand=0.32394 ptv=0.0070 ptv_max=0.00057 global_ceil=1.79099 ring=0.00389 smooth=0.5042 laplacian=1.9852 anticollapse=0.00002 shell_inner=0.00000 shell_outer=0.00000 homogeneity=0.0000 body=0.00000 bowel=0.01554 femur=0.13075 penile=0.00000 bg=4.42910
2026-06-17 16:21:28 [INFO] Step 55/56 Loss=26.1442 mse=0.6421 v_opt=0.29189 v_mand=0.12304 ptv=0.0068 ptv_max=0.00104 global_ceil=0.83840 ring=0.00774 smooth=0.4727 laplacian=1.8758 anticollapse=0.00000 shell_inner=0.00000 shell_outer=0.00000 homogeneity=0.0000 body=0.00000 bowel=0.03213 femur=0.00000 penile=0.00000 bg=4.29604
2026-06-17 16:21:28 [INFO] Step 56/56 Loss=31.9232 mse=0.7759 v_opt=0.84535 v_mand=0.41866 ptv=0.0041 ptv_max=0.00188 global_ceil=1.15612 ring=0.00730 smooth=0.4134 laplacian=1.6377 anticollapse=0.00000 shell_inner=0.00000 shell_outer=0.00000 homogeneity=0.0000 body=0.00000 bowel=0.03436 femur=0.08578 penile=0.00000 bg=0.40450
2026-06-17 16:21:28 [INFO] Running validation at epoch 1...
2026-06-17 16:22:08 [INFO] Epoch 1 Summary: Train=59.9373 Val=0.0788 (MSE=0.0788)
          Coverage D95:  PTV_62_20_D95=0.00Gy  PTV_44_20_D95=35.01Gy
          SIB Means:    PTV_62_20=0.00Gy PTV_44_20=46.85Gy
          OAR Metrics:  Bladder=44.01Gy Rectum=47.05Gy Bowel=47.21Gy Femur=46.46Gy Ring=45.47Gy Penile=45.11Gy
          Physics:      Dmax=131.70Gy BG=48.31Gy HI=0.000 CI=0.00
2026-06-17 16:22:08 [INFO] [DIAGNOSTIC] Saved fallback model MSE=0.0788
2026-06-17 16:22:08 [INFO] Epoch 2/300 [RAMP 2/30 (7% of physics)] ramp=0.067 lr=1.00e-04
2026-06-17 16:22:16 [INFO] Step 5/56 Loss=34.8349 mse=0.6941 v_opt=0.89775 v_mand=0.44899 ptv=0.0037 ptv_max=0.00202 global_ceil=0.65921 ring=0.00356 smooth=0.4313 laplacian=1.7060 anticollapse=0.00000 shell_inner=0.00000 shell_outer=0.00000 homogeneity=0.0000 body=0.00000 bowel=0.03597 femur=0.08221 penile=0.00000 bg=3.80591
2026-06-17 16:22:22 [INFO] Step 10/56 Loss=41.2279 mse=0.9060 v_opt=0.74930 v_mand=0.35076 ptv=0.0058 ptv_max=0.00141 global_ceil=0.72871 ring=0.00629 smooth=0.4631 laplacian=1.8396 anticollapse=0.00000 shell_inner=0.00000 shell_outer=0.00000 homogeneity=0.0000 body=0.00000 bowel=0.03637 femur=0.11291 penile=0.00000 bg=3.83632
2026-06-17 16:22:29 [INFO] Step 15/56 Loss=37.4433 mse=0.8532 v_opt=0.73317 v_mand=0.34980 ptv=0.0063 ptv_max=0.00029 global_ceil=0.59899 ring=0.00299 smooth=0.4411 laplacian=1.7517 anticollapse=0.00000 shell_inner=0.00000 shell_outer=0.00000 homogeneity=0.0000 body=0.00000 bowel=0.03645 femur=0.07642 penile=0.00000 bg=4.08820
2026-06-17 16:22:34 [INFO] Step 20/56 Loss=32.6015 mse=0.7251 v_opt=0.83024 v_mand=0.41747 ptv=0.0067 ptv_max=0.00045 global_ceil=0.51784 ring=0.00442 smooth=0.3856 laplacian=1.5265 anticollapse=0.00000 shell_inner=0.00000 shell_outer=0.00000 homogeneity=0.0000 body=0.00000 bowel=0.03737 femur=0.09540 penile=0.00000 bg=3.68408
2026-06-17 16:22:42 [INFO] Step 25/56 Loss=31.1406 mse=0.7091 v_opt=0.91043 v_mand=0.45457 ptv=0.0071 ptv_max=0.00032 global_ceil=0.46761 ring=0.00447 smooth=0.3025 laplacian=1.1905 anticollapse=0.00000 shell_inner=0.00000 shell_outer=0.00000 homogeneity=0.0000 body=0.00000 bowel=0.04141 femur=0.07364 penile=0.00000 bg=3.42182
2026-06-17 16:22:48 [INFO] Step 30/56 Loss=22.3592 mse=0.4871 v_opt=0.99623 v_mand=0.50900 ptv=0.0061 ptv_max=0.00007 global_ceil=0.29803 ring=0.00206 smooth=0.2149 laplacian=0.8412 anticollapse=0.00000 shell_inner=0.00000 shell_outer=0.00000 homogeneity=0.0000 body=0.00000 bowel=0.04208 femur=0.05321 penile=0.00072 bg=3.41423
2026-06-17 16:22:54 [INFO] Step 35/56 Loss=24.8414 mse=0.6365 v_opt=1.00410 v_mand=0.53561 ptv=0.0057 ptv_max=0.00013 global_ceil=0.23117 ring=0.00305 smooth=0.2624 laplacian=1.0413 anticollapse=0.00000 shell_inner=0.00000 shell_outer=0.00000 homogeneity=0.0000 body=0.00000 bowel=0.03888 femur=0.05463 penile=0.00000 bg=3.40382
2026-06-17 16:23:00 [INFO] Step 40/56 Loss=28.2205 mse=0.7404 v_opt=0.91287 v_mand=0.45761 ptv=0.0000 ptv_max=0.00000 global_ceil=0.28319 ring=0.00001 smooth=0.3047 laplacian=1.1988 anticollapse=0.00000 shell_inner=0.00000 shell_outer=0.00000 homogeneity=0.0000 body=0.00000 bowel=0.03935 femur=0.07669 penile=0.00000 bg=3.43174
2026-06-17 16:23:07 [INFO] Step 45/56 Loss=22.5742 mse=0.5895 v_opt=0.91362 v_mand=0.46099 ptv=0.0064 ptv_max=0.00006 global_ceil=0.18484 ring=0.00117 smooth=0.2131 laplacian=0.8326 anticollapse=0.00000 shell_inner=0.00000 shell_outer=0.00000 homogeneity=0.0000 body=0.00000 bowel=0.04122 femur=0.05750 penile=0.00000 bg=3.54863
2026-06-17 16:23:13 [INFO] Step 50/56 Loss=22.7306 mse=0.6097 v_opt=0.85178 v_mand=0.42602 ptv=0.0074 ptv_max=0.00013 global_ceil=0.17919 ring=0.00209 smooth=0.2331 laplacian=0.9208 anticollapse=0.00000 shell_inner=0.00000 shell_outer=0.00000 homogeneity=0.0000 body=0.00000 bowel=0.04225 femur=0.05954 penile=0.00000 bg=3.36785
2026-06-17 16:23:20 [INFO] Step 55/56 Loss=13.4303 mse=0.3441 v_opt=1.01358 v_mand=0.51765 ptv=0.0033 ptv_max=0.00000 global_ceil=0.03622 ring=0.00012 smooth=0.1114 laplacian=0.4287 anticollapse=0.00000 shell_inner=0.00000 shell_outer=0.00000 homogeneity=0.0000 body=0.00000 bowel=0.04338 femur=0.04463 penile=0.00000 bg=3.22810
2026-06-17 16:23:21 [INFO] Step 56/56 Loss=23.1909 mse=0.6432 v_opt=0.99966 v_mand=0.51179 ptv=0.0057 ptv_max=0.00002 global_ceil=0.15021 ring=0.00091 smooth=0.2484 laplacian=0.9798 anticollapse=0.00000 shell_inner=0.00000 shell_outer=0.00000 homogeneity=0.0000 body=0.00000 bowel=0.04268 femur=0.05948 penile=0.00000 bg=3.22163
2026-06-17 16:23:21 [INFO] Running validation at epoch 2...
2026-06-17 16:24:01 [INFO] Epoch 2 Summary: Train=28.5844 Val=0.0660 (MSE=0.0660)
          Coverage D95:  PTV_62_20_D95=0.00Gy  PTV_44_20_D95=34.42Gy
          SIB Means:    PTV_62_20=0.00Gy PTV_44_20=45.99Gy
          OAR Metrics:  Bladder=44.26Gy Rectum=46.40Gy Bowel=46.21Gy Femur=45.62Gy Ring=45.32Gy Penile=45.38Gy
          Physics:      Dmax=86.08Gy BG=46.64Gy HI=0.000 CI=0.00
2026-06-17 16:24:01 [INFO] [DIAGNOSTIC] Saved fallback model MSE=0.0660
2026-06-17 16:24:01 [INFO] Epoch 3/300 [RAMP 3/30 (10% of physics)] ramp=0.100 lr=1.00e-04
2026-06-17 16:24:09 [INFO] Step 5/56 Loss=21.5042 mse=0.5432 v_opt=0.90154 v_mand=0.44905 ptv=0.0068 ptv_max=0.00001 global_ceil=0.07383 ring=0.00035 smooth=0.1700 laplacian=0.6645 anticollapse=0.00000 shell_inner=0.00000 shell_outer=0.00000 homogeneity=0.0000 body=0.00000 bowel=0.04117 femur=0.04834 penile=0.00000 bg=3.12241
2026-06-17 16:24:15 [INFO] Step 10/56 Loss=27.6499 mse=0.7453 v_opt=1.02705 v_mand=0.53122 ptv=0.0062 ptv_max=0.00000 global_ceil=0.08645 ring=0.00016 smooth=0.2260 laplacian=0.8992 anticollapse=0.00000 shell_inner=0.00000 shell_outer=0.00000 homogeneity=0.0000 body=0.00000 bowel=0.04194 femur=0.04747 penile=0.00000 bg=3.39698
2026-06-17 16:24:23 [INFO] Step 15/56 Loss=19.2765 mse=0.4746 v_opt=0.91410 v_mand=0.47163 ptv=0.0041 ptv_max=0.00000 global_ceil=0.05898 ring=0.00001 smooth=0.1063 laplacian=0.4075 anticollapse=0.00000 shell_inner=0.00000 shell_outer=0.00000 homogeneity=0.0000 body=0.00000 bowel=0.03288 femur=0.03049 penile=0.00000 bg=2.99081
2026-06-17 16:24:28 [INFO] Step 20/56 Loss=19.5108 mse=0.4923 v_opt=0.99240 v_mand=0.50920 ptv=0.0000 ptv_max=0.00000 global_ceil=0.04383 ring=0.00000 smooth=0.1356 laplacian=0.5244 anticollapse=0.00000 shell_inner=0.00000 shell_outer=0.00000 homogeneity=0.0000 body=0.00000 bowel=0.04088 femur=0.04955 penile=0.00263 bg=3.01557
2026-06-17 16:24:36 [INFO] Step 25/56 Loss=18.7378 mse=0.4989 v_opt=0.86865 v_mand=0.43821 ptv=0.0061 ptv_max=0.00000 global_ceil=0.02440 ring=0.00004 smooth=0.1200 laplacian=0.4657 anticollapse=0.00000 shell_inner=0.00000 shell_outer=0.00000 homogeneity=0.0000 body=0.00000 bowel=0.04551 femur=0.04035 penile=0.00000 bg=3.01994
2026-06-17 16:24:42 [INFO] Step 30/56 Loss=21.0248 mse=0.5904 v_opt=0.91915 v_mand=0.47177 ptv=0.0000 ptv_max=0.00000 global_ceil=0.02095 ring=0.00000 smooth=0.1273 laplacian=0.4946 anticollapse=0.00000 shell_inner=0.00000 shell_outer=0.00000 homogeneity=0.0000 body=0.00000 bowel=0.04415 femur=0.03771 penile=0.00000 bg=2.97615
2026-06-17 16:24:49 [INFO] Step 35/56 Loss=16.5946 mse=0.4295 v_opt=0.93375 v_mand=0.48435 ptv=0.0039 ptv_max=0.00000 global_ceil=0.00638 ring=0.00000 smooth=0.0853 laplacian=0.3262 anticollapse=0.00000 shell_inner=0.00000 shell_outer=0.00000 homogeneity=0.0000 body=0.00000 bowel=0.04811 femur=0.02770 penile=0.00000 bg=2.93193
2026-06-17 16:24:54 [INFO] Step 40/56 Loss=16.7219 mse=0.4370 v_opt=0.87090 v_mand=0.43903 ptv=0.0067 ptv_max=0.00000 global_ceil=0.01337 ring=0.00000 smooth=0.0905 laplacian=0.3469 anticollapse=0.00000 shell_inner=0.00000 shell_outer=0.00000 homogeneity=0.0000 body=0.00000 bowel=0.04266 femur=0.02687 penile=0.00000 bg=2.89453
2026-06-17 16:25:01 [INFO] Step 45/56 Loss=18.7434 mse=0.5223 v_opt=0.88192 v_mand=0.44505 ptv=0.0040 ptv_max=0.00000 global_ceil=0.00978 ring=0.00000 smooth=0.0786 laplacian=0.2954 anticollapse=0.00000 shell_inner=0.00000 shell_outer=0.00000 homogeneity=0.0000 body=0.00000 bowel=0.03773 femur=0.02091 penile=0.00000 bg=2.88819
2026-06-17 16:25:07 [INFO] Step 50/56 Loss=22.0050 mse=0.6452 v_opt=0.86057 v_mand=0.43172 ptv=0.0000 ptv_max=0.00000 global_ceil=0.01885 ring=0.00000 smooth=0.1143 laplacian=0.4485 anticollapse=0.00000 shell_inner=0.00000 shell_outer=0.00000 homogeneity=0.0000 body=0.00000 bowel=0.04013 femur=0.03274 penile=0.00000 bg=2.87244
2026-06-17 16:25:14 [INFO] Step 55/56 Loss=18.9099 mse=0.5314 v_opt=0.87973 v_mand=0.44386 ptv=0.0051 ptv_max=0.00000 global_ceil=0.00672 ring=0.00000 smooth=0.1011 laplacian=0.3868 anticollapse=0.00000 shell_inner=0.00000 shell_outer=0.00000 homogeneity=0.0000 body=0.00000 bowel=0.04788 femur=0.02009 penile=0.00000 bg=2.90268
2026-06-17 16:25:15 [INFO] Step 56/56 Loss=17.1594 mse=0.4722 v_opt=0.82182 v_mand=0.40103 ptv=0.0041 ptv_max=0.00000 global_ceil=0.00345 ring=0.00000 smooth=0.0945 laplacian=0.3648 anticollapse=0.00000 shell_inner=0.00000 shell_outer=0.00000 homogeneity=0.0000 body=0.00000 bowel=0.05089 femur=0.02137 penile=0.00000 bg=2.95445
2026-06-17 16:25:15 [INFO] Running validation at epoch 3...
2026-06-17 16:25:56 [INFO] Epoch 3 Summary: Train=19.8659 Val=0.0578 (MSE=0.0578)
          Coverage D95:  PTV_62_20_D95=0.00Gy  PTV_44_20_D95=33.77Gy
          SIB Means:    PTV_62_20=0.00Gy PTV_44_20=44.80Gy
          OAR Metrics:  Bladder=43.30Gy Rectum=44.05Gy Bowel=44.82Gy Femur=44.37Gy Ring=44.14Gy Penile=44.11Gy
          Physics:      Dmax=68.98Gy BG=45.06Gy HI=0.000 CI=0.00
2026-06-17 16:25:56 [INFO] [PHYSICS] Saved best model val_loss=0.0578
2026-06-17 16:25:56 [INFO] [CLINICAL] Saved best model Score=234.552 PTV_62_20_D95=0.00Gy PTV_44_20_D95=33.77Gy Bladder=43.30Gy Rectum=44.05Gy
2026-06-17 16:25:56 [INFO] [DIAGNOSTIC] Saved fallback model MSE=0.0578
2026-06-17 16:25:56 [INFO] Epoch 4/300 [RAMP 4/30 (13% of physics)] ramp=0.133 lr=1.00e-04
2026-06-17 16:26:04 [INFO] Step 5/56 Loss=19.1975 mse=0.4875 v_opt=0.87341 v_mand=0.44035 ptv=0.0049 ptv_max=0.00000 global_ceil=0.00032 ring=0.00000 smooth=0.0787 laplacian=0.2996 anticollapse=0.00000 shell_inner=0.00000 shell_outer=0.00000 homogeneity=0.0000 body=0.00000 bowel=0.04169 femur=0.01943 penile=0.00000 bg=2.75965
2026-06-17 16:26:09 [INFO] Step 10/56 Loss=18.4340 mse=0.4669 v_opt=0.80015 v_mand=0.38686 ptv=0.0058 ptv_max=0.00000 global_ceil=0.00121 ring=0.00000 smooth=0.0989 laplacian=0.3828 anticollapse=0.00000 shell_inner=0.00000 shell_outer=0.00000 homogeneity=0.0000 body=0.00000 bowel=0.04372 femur=0.02468 penile=0.00000 bg=2.81285
2026-06-17 16:26:17 [INFO] Step 15/56 Loss=20.3591 mse=0.5580 v_opt=0.73536 v_mand=0.34562 ptv=0.0000 ptv_max=0.00000 global_ceil=0.00539 ring=0.00000 smooth=0.0792 laplacian=0.3035 anticollapse=0.00000 shell_inner=0.00000 shell_outer=0.00000 homogeneity=0.0000 body=0.00000 bowel=0.01872 femur=0.01880 penile=0.00000 bg=2.71399
2026-06-17 16:26:22 [INFO] Step 20/56 Loss=17.7773 mse=0.4455 v_opt=0.79633 v_mand=0.38492 ptv=0.0041 ptv_max=0.00000 global_ceil=0.00078 ring=0.00000 smooth=0.0704 laplacian=0.2666 anticollapse=0.00000 shell_inner=0.00000 shell_outer=0.00000 homogeneity=0.0000 body=0.00000 bowel=0.03219 femur=0.01966 penile=0.00000 bg=2.77926
2026-06-17 16:26:30 [INFO] Step 25/56 Loss=16.7250 mse=0.4223 v_opt=0.71460 v_mand=0.33354 ptv=0.0054 ptv_max=0.00000 global_ceil=0.00081 ring=0.00000 smooth=0.0717 laplacian=0.2746 anticollapse=0.00000 shell_inner=0.00000 shell_outer=0.00000 homogeneity=0.0000 body=0.00000 bowel=0.02404 femur=0.02240 penile=0.00000 bg=2.70098
2026-06-17 16:26:35 [INFO] Step 30/56 Loss=19.8555 mse=0.5392 v_opt=0.76257 v_mand=0.36371 ptv=0.0000 ptv_max=0.00000 global_ceil=0.00130 ring=0.00000 smooth=0.0815 laplacian=0.3090 anticollapse=0.00000 shell_inner=0.00000 shell_outer=0.00000 homogeneity=0.0000 body=0.00000 bowel=0.04262 femur=0.01680 penile=0.00000 bg=2.68219
2026-06-17 16:26:43 [INFO] Step 35/56 Loss=18.1744 mse=0.4871 v_opt=0.67939 v_mand=0.31268 ptv=0.0059 ptv_max=0.00000 global_ceil=0.00069 ring=0.00000 smooth=0.0739 laplacian=0.2833 anticollapse=0.00000 shell_inner=0.00000 shell_outer=0.00000 homogeneity=0.0000 body=0.00000 bowel=0.03347 femur=0.01931 penile=0.00000 bg=2.67447
2026-06-17 16:26:49 [INFO] Step 40/56 Loss=19.5097 mse=0.5256 v_opt=0.70155 v_mand=0.32532 ptv=0.0049 ptv_max=0.00000 global_ceil=0.00534 ring=0.00000 smooth=0.0877 laplacian=0.3424 anticollapse=0.00000 shell_inner=0.00000 shell_outer=0.00000 homogeneity=0.0000 body=0.00000 bowel=0.03693 femur=0.01727 penile=0.00000 bg=2.74560
2026-06-17 16:26:56 [INFO] Step 45/56 Loss=17.1076 mse=0.4235 v_opt=0.82440 v_mand=0.40250 ptv=0.0050 ptv_max=0.00000 global_ceil=0.00000 ring=0.00000 smooth=0.0644 laplacian=0.2440 anticollapse=0.00000 shell_inner=0.00000 shell_outer=0.00000 homogeneity=0.0000 body=0.00000 bowel=0.03909 femur=0.01522 penile=0.00000 bg=2.60893
2026-06-17 16:27:02 [INFO] Step 50/56 Loss=17.3839 mse=0.4602 v_opt=0.67506 v_mand=0.30870 ptv=0.0060 ptv_max=0.00000 global_ceil=0.00024 ring=0.00000 smooth=0.0657 laplacian=0.2504 anticollapse=0.00000 shell_inner=0.00000 shell_outer=0.00000 homogeneity=0.0000 body=0.00000 bowel=0.02404 femur=0.01501 penile=0.00000 bg=2.63774
2026-06-17 16:27:09 [INFO] Step 55/56 Loss=16.4019 mse=0.4039 v_opt=0.63849 v_mand=0.29224 ptv=0.0050 ptv_max=0.00000 global_ceil=0.00852 ring=0.00000 smooth=0.0717 laplacian=0.2788 anticollapse=0.00000 shell_inner=0.00000 shell_outer=0.00000 homogeneity=0.0000 body=0.00000 bowel=0.03302 femur=0.01058 penile=0.00000 bg=2.79379
2026-06-17 16:27:10 [INFO] Step 56/56 Loss=16.4361 mse=0.4122 v_opt=0.73764 v_mand=0.34545 ptv=0.0045 ptv_max=0.00000 global_ceil=0.00000 ring=0.00000 smooth=0.0612 laplacian=0.2270 anticollapse=0.00000 shell_inner=0.00000 shell_outer=0.00000 homogeneity=0.0000 body=0.00000 bowel=0.02648 femur=0.01331 penile=0.00000 bg=2.64365
2026-06-17 16:27:10 [INFO] Running validation at epoch 4...
2026-06-17 16:27:52 [INFO] Epoch 4 Summary: Train=17.7166 Val=0.0528 (MSE=0.0528)
          Coverage D95:  PTV_62_20_D95=0.00Gy  PTV_44_20_D95=33.14Gy
          SIB Means:    PTV_62_20=0.00Gy PTV_44_20=43.66Gy
          OAR Metrics:  Bladder=41.84Gy Rectum=41.71Gy Bowel=43.23Gy Femur=42.88Gy Ring=42.58Gy Penile=42.66Gy
          Physics:      Dmax=66.57Gy BG=43.50Gy HI=0.000 CI=0.00
2026-06-17 16:27:52 [INFO] [PHYSICS] Saved best model val_loss=0.0528
2026-06-17 16:27:52 [INFO] [CLINICAL] Saved best model Score=232.340 PTV_62_20_D95=0.00Gy PTV_44_20_D95=33.14Gy Bladder=41.84Gy Rectum=41.71Gy
2026-06-17 16:27:52 [INFO] [DIAGNOSTIC] Saved fallback model MSE=0.0528
2026-06-17 16:27:52 [INFO] Epoch 5/300 [RAMP 5/30 (17% of physics)] ramp=0.167 lr=1.00e-04
2026-06-17 16:27:59 [INFO] Step 5/56 Loss=21.6382 mse=0.5639 v_opt=0.66656 v_mand=0.30661 ptv=0.0000 ptv_max=0.00000 global_ceil=0.00824 ring=0.00000 smooth=0.0790 laplacian=0.3008 anticollapse=0.00000 shell_inner=0.00000 shell_outer=0.00000 homogeneity=0.0000 body=0.00000 bowel=0.00668 femur=0.01201 penile=0.00000 bg=2.57975
2026-06-17 16:28:05 [INFO] Step 10/56 Loss=14.6869 mse=0.3137 v_opt=0.63063 v_mand=0.28039 ptv=0.0056 ptv_max=0.00000 global_ceil=0.00000 ring=0.00000 smooth=0.0404 laplacian=0.1485 anticollapse=0.00000 shell_inner=0.00000 shell_outer=0.00000 homogeneity=0.0000 body=0.00000 bowel=0.02525 femur=0.00912 penile=0.00000 bg=2.50190
2026-06-17 16:28:11 [INFO] Step 15/56 Loss=14.5222 mse=0.4078 v_opt=0.00000 v_mand=0.00000 ptv=0.0058 ptv_max=0.00000 global_ceil=0.00000 ring=0.00000 smooth=0.0506 laplacian=0.1877 anticollapse=0.00000 shell_inner=0.00000 shell_outer=0.00000 homogeneity=0.0000 body=0.00000 bowel=0.02550 femur=0.00000 penile=0.00000 bg=2.52596
2026-06-17 16:28:17 [INFO] Step 20/56 Loss=14.1049 mse=0.2551 v_opt=0.77762 v_mand=0.37728 ptv=0.0039 ptv_max=0.00000 global_ceil=0.00000 ring=0.00000 smooth=0.0327 laplacian=0.1170 anticollapse=0.00000 shell_inner=0.00000 shell_outer=0.00000 homogeneity=0.0000 body=0.00000 bowel=0.02235 femur=0.00484 penile=0.00000 bg=2.53458
2026-06-17 16:28:24 [INFO] Step 25/56 Loss=16.2348 mse=0.3737 v_opt=0.63580 v_mand=0.28868 ptv=0.0052 ptv_max=0.00000 global_ceil=0.00000 ring=0.00000 smooth=0.0655 laplacian=0.2471 anticollapse=0.00000 shell_inner=0.00000 shell_outer=0.00000 homogeneity=0.0000 body=0.00000 bowel=0.01288 femur=0.01187 penile=0.00000 bg=2.50400
2026-06-17 16:28:31 [INFO] Step 30/56 Loss=18.7608 mse=0.4826 v_opt=0.57845 v_mand=0.25188 ptv=0.0060 ptv_max=0.00000 global_ceil=0.00012 ring=0.00000 smooth=0.0759 laplacian=0.2927 anticollapse=0.00000 shell_inner=0.00000 shell_outer=0.00000 homogeneity=0.0000 body=0.00000 bowel=0.02022 femur=0.01497 penile=0.00000 bg=2.55913
2026-06-17 16:28:37 [INFO] Step 35/56 Loss=17.5296 mse=0.4219 v_opt=0.66928 v_mand=0.30816 ptv=0.0053 ptv_max=0.00000 global_ceil=0.00000 ring=0.00000 smooth=0.0587 laplacian=0.2182 anticollapse=0.00000 shell_inner=0.00000 shell_outer=0.00000 homogeneity=0.0000 body=0.00000 bowel=0.02324 femur=0.00706 penile=0.00000 bg=2.44271
2026-06-17 16:28:43 [INFO] Step 40/56 Loss=16.5227 mse=0.4092 v_opt=0.55086 v_mand=0.23306 ptv=0.0058 ptv_max=0.00000 global_ceil=0.00074 ring=0.00000 smooth=0.0707 laplacian=0.2635 anticollapse=0.00000 shell_inner=0.00000 shell_outer=0.00000 homogeneity=0.0000 body=0.00000 bowel=0.02250 femur=0.01156 penile=0.00000 bg=2.39980
2026-06-17 16:28:49 [INFO] Step 45/56 Loss=16.8777 mse=0.4099 v_opt=0.59363 v_mand=0.25956 ptv=0.0061 ptv_max=0.00000 global_ceil=0.00000 ring=0.00000 smooth=0.0593 laplacian=0.2265 anticollapse=0.00000 shell_inner=0.00000 shell_outer=0.00000 homogeneity=0.0000 body=0.00000 bowel=0.01373 femur=0.00925 penile=0.00000 bg=2.49822
2026-06-17 16:28:56 [INFO] Step 50/56 Loss=16.5348 mse=0.3887 v_opt=0.62999 v_mand=0.27598 ptv=0.0056 ptv_max=0.00000 global_ceil=0.00000 ring=0.00000 smooth=0.0536 laplacian=0.2011 anticollapse=0.00000 shell_inner=0.00000 shell_outer=0.00000 homogeneity=0.0000 body=0.00000 bowel=0.01327 femur=0.00801 penile=0.00000 bg=2.52568
2026-06-17 16:29:03 [INFO] Step 55/56 Loss=15.4177 mse=0.3644 v_opt=0.54406 v_mand=0.23477 ptv=0.0072 ptv_max=0.00000 global_ceil=0.00007 ring=0.00000 smooth=0.0635 laplacian=0.2405 anticollapse=0.00000 shell_inner=0.00000 shell_outer=0.00000 homogeneity=0.0000 body=0.00000 bowel=0.00000 femur=0.00677 penile=0.00000 bg=2.45435
2026-06-17 16:29:05 [INFO] Step 56/56 Loss=17.0859 mse=0.4355 v_opt=0.49671 v_mand=0.20225 ptv=0.0071 ptv_max=0.00000 global_ceil=0.00104 ring=0.00000 smooth=0.0770 laplacian=0.2955 anticollapse=0.00000 shell_inner=0.00000 shell_outer=0.00000 homogeneity=0.0000 body=0.00000 bowel=0.00557 femur=0.01114 penile=0.00000 bg=2.51713
2026-06-17 16:29:05 [INFO] Running validation at epoch 5...
2026-06-17 16:29:45 [INFO] Epoch 5 Summary: Train=17.0801 Val=0.0494 (MSE=0.0494)
          Coverage D95:  PTV_62_20_D95=0.00Gy  PTV_44_20_D95=32.35Gy
          SIB Means:    PTV_62_20=0.00Gy PTV_44_20=42.79Gy
          OAR Metrics:  Bladder=41.02Gy Rectum=41.24Gy Bowel=42.04Gy Femur=41.75Gy Ring=41.57Gy Penile=41.47Gy
          Physics:      Dmax=67.54Gy BG=42.29Gy HI=0.000 CI=0.00
2026-06-17 16:29:45 [INFO] [PHYSICS] Saved best model val_loss=0.0494
2026-06-17 16:29:45 [INFO] [CLINICAL] Saved best model Score=231.736 PTV_62_20_D95=0.00Gy PTV_44_20_D95=32.35Gy Bladder=41.02Gy Rectum=41.24Gy
2026-06-17 16:29:45 [INFO] [DIAGNOSTIC] Saved fallback model MSE=0.0494
2026-06-17 16:29:45 [INFO] Epoch 6/300 [RAMP 6/30 (20% of physics)] ramp=0.200 lr=1.00e-04
2026-06-17 16:29:54 [INFO] Step 5/56 Loss=16.6564 mse=0.3739 v_opt=0.52076 v_mand=0.21916 ptv=0.0081 ptv_max=0.00000 global_ceil=0.00010 ring=0.00000 smooth=0.0762 laplacian=0.2956 anticollapse=0.00000 shell_inner=0.00000 shell_outer=0.00000 homogeneity=0.0000 body=0.00000 bowel=0.00964 femur=0.00670 penile=0.00000 bg=2.38585
2026-06-17 16:29:59 [INFO] Step 10/56 Loss=21.8748 mse=0.5617 v_opt=0.46702 v_mand=0.18326 ptv=0.0000 ptv_max=0.00000 global_ceil=0.01438 ring=0.00009 smooth=0.0805 laplacian=0.3151 anticollapse=0.00000 shell_inner=0.00000 shell_outer=0.00000 homogeneity=0.0000 body=0.00000 bowel=0.01397 femur=0.01095 penile=0.00000 bg=2.43438
2026-06-17 16:30:07 [INFO] Step 15/56 Loss=17.0284 mse=0.3885 v_opt=0.49245 v_mand=0.20263 ptv=0.0074 ptv_max=0.00000 global_ceil=0.00313 ring=0.00000 smooth=0.0750 laplacian=0.2915 anticollapse=0.00000 shell_inner=0.00000 shell_outer=0.00000 homogeneity=0.0000 body=0.00000 bowel=0.01007 femur=0.00889 penile=0.00000 bg=2.38719
2026-06-17 16:30:13 [INFO] Step 20/56 Loss=15.7776 mse=0.2824 v_opt=0.75962 v_mand=0.36192 ptv=0.0066 ptv_max=0.00000 global_ceil=0.00000 ring=0.00000 smooth=0.0421 laplacian=0.1532 anticollapse=0.00000 shell_inner=0.00000 shell_outer=0.00000 homogeneity=0.0000 body=0.00000 bowel=0.00599 femur=0.00404 penile=0.00000 bg=2.35041
2026-06-17 16:30:20 [INFO] Step 25/56 Loss=16.3980 mse=0.3653 v_opt=0.49222 v_mand=0.19846 ptv=0.0074 ptv_max=0.00000 global_ceil=0.00083 ring=0.00000 smooth=0.0670 laplacian=0.2521 anticollapse=0.00000 shell_inner=0.00000 shell_outer=0.00000 homogeneity=0.0000 body=0.00000 bowel=0.00670 femur=0.00680 penile=0.00000 bg=2.45937
2026-06-17 16:30:26 [INFO] Step 30/56 Loss=16.2292 mse=0.3644 v_opt=0.50945 v_mand=0.20944 ptv=0.0058 ptv_max=0.00000 global_ceil=0.00000 ring=0.00000 smooth=0.0436 laplacian=0.1581 anticollapse=0.00000 shell_inner=0.00000 shell_outer=0.00000 homogeneity=0.0000 body=0.00000 bowel=0.00077 femur=0.00491 penile=0.00000 bg=2.37341
2026-06-17 16:30:33 [INFO] Step 35/56 Loss=18.3280 mse=0.4540 v_opt=0.49272 v_mand=0.20017 ptv=0.0063 ptv_max=0.00000 global_ceil=0.00031 ring=0.00000 smooth=0.0617 laplacian=0.2392 anticollapse=0.00000 shell_inner=0.00000 shell_outer=0.00000 homogeneity=0.0000 body=0.00000 bowel=0.00106 femur=0.00831 penile=0.00000 bg=2.33593
2026-06-17 16:30:39 [INFO] Step 40/56 Loss=14.2629 mse=0.2980 v_opt=0.49039 v_mand=0.20014 ptv=0.0069 ptv_max=0.00000 global_ceil=0.00000 ring=0.00000 smooth=0.0445 laplacian=0.1674 anticollapse=0.00000 shell_inner=0.00000 shell_outer=0.00000 homogeneity=0.0000 body=0.00000 bowel=0.00061 femur=0.00675 penile=0.00000 bg=2.26380
2026-06-17 16:30:46 [INFO] Step 45/56 Loss=11.5660 mse=0.2804 v_opt=0.00000 v_mand=0.00000 ptv=0.0000 ptv_max=0.00000 global_ceil=0.00000 ring=0.00000 smooth=0.0396 laplacian=0.1399 anticollapse=0.00000 shell_inner=0.00000 shell_outer=0.00000 homogeneity=0.0000 body=0.00000 bowel=0.00000 femur=0.00312 penile=0.00000 bg=2.27056
2026-06-17 16:30:51 [INFO] Step 50/56 Loss=14.9860 mse=0.3374 v_opt=0.44100 v_mand=0.16926 ptv=0.0085 ptv_max=0.00000 global_ceil=0.00001 ring=0.00000 smooth=0.0654 laplacian=0.2493 anticollapse=0.00000 shell_inner=0.00000 shell_outer=0.00000 homogeneity=0.0000 body=0.00000 bowel=0.00206 femur=0.00521 penile=0.00000 bg=2.28731
2026-06-17 16:30:59 [INFO] Step 55/56 Loss=15.0109 mse=0.3439 v_opt=0.41693 v_mand=0.15441 ptv=0.0080 ptv_max=0.00000 global_ceil=0.00035 ring=0.00000 smooth=0.0664 laplacian=0.2525 anticollapse=0.00000 shell_inner=0.00000 shell_outer=0.00000 homogeneity=0.0000 body=0.00000 bowel=0.00087 femur=0.00573 penile=0.00000 bg=2.29041
2026-06-17 16:30:59 [INFO] Step 56/56 Loss=16.0515 mse=0.3647 v_opt=0.50048 v_mand=0.20736 ptv=0.0075 ptv_max=0.00000 global_ceil=0.00003 ring=0.00000 smooth=0.0547 laplacian=0.2084 anticollapse=0.00000 shell_inner=0.00000 shell_outer=0.00000 homogeneity=0.0000 body=0.00000 bowel=0.00000 femur=0.00937 penile=0.00000 bg=2.28045
2026-06-17 16:30:59 [INFO] Running validation at epoch 6...
2026-06-17 16:31:40 [INFO] Epoch 6 Summary: Train=16.2976 Val=0.0471 (MSE=0.0471)
          Coverage D95:  PTV_62_20_D95=0.00Gy  PTV_44_20_D95=31.54Gy
          SIB Means:    PTV_62_20=0.00Gy PTV_44_20=41.92Gy
          OAR Metrics:  Bladder=40.61Gy Rectum=41.04Gy Bowel=41.22Gy Femur=40.98Gy Ring=40.89Gy Penile=40.76Gy
          Physics:      Dmax=69.20Gy BG=41.41Gy HI=0.000 CI=0.00
2026-06-17 16:31:40 [INFO] [PHYSICS] Saved best model val_loss=0.0471
2026-06-17 16:31:40 [INFO] [CLINICAL] Saved best model Score=231.545 PTV_62_20_D95=0.00Gy PTV_44_20_D95=31.54Gy Bladder=40.61Gy Rectum=41.04Gy
2026-06-17 16:31:40 [INFO] [DIAGNOSTIC] Saved fallback model MSE=0.0471
2026-06-17 16:31:40 [INFO] Epoch 7/300 [RAMP 7/30 (23% of physics)] ramp=0.233 lr=1.00e-04
2026-06-17 16:31:48 [INFO] Step 5/56 Loss=14.9562 mse=0.2954 v_opt=0.43689 v_mand=0.17104 ptv=0.0096 ptv_max=0.00000 global_ceil=0.00000 ring=0.00000 smooth=0.0468 laplacian=0.1743 anticollapse=0.00001 shell_inner=0.00000 shell_outer=0.00000 homogeneity=0.0000 body=0.00000 bowel=0.00000 femur=0.00376 penile=0.00000 bg=2.25011
2026-06-17 16:31:54 [INFO] Step 10/56 Loss=16.2861 mse=0.3367 v_opt=0.43034 v_mand=0.16337 ptv=0.0085 ptv_max=0.00000 global_ceil=0.00166 ring=0.00000 smooth=0.0655 laplacian=0.2465 anticollapse=0.00000 shell_inner=0.00000 shell_outer=0.00000 homogeneity=0.0000 body=0.00000 bowel=0.00032 femur=0.00571 penile=0.00000 bg=2.36758
2026-06-17 16:32:01 [INFO] Step 15/56 Loss=15.3060 mse=0.3125 v_opt=0.41717 v_mand=0.15904 ptv=0.0086 ptv_max=0.00000 global_ceil=0.00003 ring=0.00000 smooth=0.0604 laplacian=0.2302 anticollapse=0.00000 shell_inner=0.00000 shell_outer=0.00000 homogeneity=0.0000 body=0.00000 bowel=0.00006 femur=0.00450 penile=0.00000 bg=2.28175
2026-06-17 16:32:06 [INFO] Step 20/56 Loss=15.8734 mse=0.3402 v_opt=0.39300 v_mand=0.14537 ptv=0.0100 ptv_max=0.00000 global_ceil=0.00016 ring=0.00000 smooth=0.0710 laplacian=0.2729 anticollapse=0.00001 shell_inner=0.00000 shell_outer=0.00000 homogeneity=0.0000 body=0.00000 bowel=0.00000 femur=0.00612 penile=0.00000 bg=2.28913
2026-06-17 16:32:14 [INFO] Step 25/56 Loss=16.6544 mse=0.3705 v_opt=0.41231 v_mand=0.15252 ptv=0.0080 ptv_max=0.00000 global_ceil=0.00018 ring=0.00000 smooth=0.0645 laplacian=0.2429 anticollapse=0.00000 shell_inner=0.00000 shell_outer=0.00000 homogeneity=0.0000 body=0.00000 bowel=0.00054 femur=0.00618 penile=0.00000 bg=2.26793
2026-06-17 16:32:20 [INFO] Step 30/56 Loss=14.5925 mse=0.2980 v_opt=0.39617 v_mand=0.14641 ptv=0.0096 ptv_max=0.00000 global_ceil=0.00136 ring=0.00000 smooth=0.0712 laplacian=0.2776 anticollapse=0.00000 shell_inner=0.00000 shell_outer=0.00000 homogeneity=0.0000 body=0.00000 bowel=0.00000 femur=0.00527 penile=0.00000 bg=2.15242
2026-06-17 16:32:27 [INFO] Step 35/56 Loss=17.2512 mse=0.3953 v_opt=0.38986 v_mand=0.14189 ptv=0.0097 ptv_max=0.00000 global_ceil=0.00172 ring=0.00000 smooth=0.0719 laplacian=0.2733 anticollapse=0.00000 shell_inner=0.00000 shell_outer=0.00000 homogeneity=0.0000 body=0.00000 bowel=0.00000 femur=0.00419 penile=0.00000 bg=2.26356
2026-06-17 16:32:32 [INFO] Step 40/56 Loss=15.4801 mse=0.3259 v_opt=0.39332 v_mand=0.14616 ptv=0.0086 ptv_max=0.00000 global_ceil=0.00000 ring=0.00000 smooth=0.0553 laplacian=0.2082 anticollapse=0.00000 shell_inner=0.00000 shell_outer=0.00000 homogeneity=0.0000 body=0.00000 bowel=0.00000 femur=0.00373 penile=0.00000 bg=2.28484
2026-06-17 16:32:40 [INFO] Step 45/56 Loss=16.6092 mse=0.3740 v_opt=0.41604 v_mand=0.15558 ptv=0.0097 ptv_max=0.00000 global_ceil=0.00000 ring=0.00000 smooth=0.0630 laplacian=0.2409 anticollapse=0.00001 shell_inner=0.00000 shell_outer=0.00000 homogeneity=0.0000 body=0.00000 bowel=0.00000 femur=0.00512 penile=0.00000 bg=2.19466
2026-06-17 16:32:46 [INFO] Step 50/56 Loss=14.7856 mse=0.3085 v_opt=0.39693 v_mand=0.14609 ptv=0.0081 ptv_max=0.00000 global_ceil=0.00000 ring=0.00000 smooth=0.0527 laplacian=0.1992 anticollapse=0.00000 shell_inner=0.00000 shell_outer=0.00000 homogeneity=0.0000 body=0.00000 bowel=0.00024 femur=0.00442 penile=0.00000 bg=2.17456
2026-06-17 16:32:53 [INFO] Step 55/56 Loss=15.2286 mse=0.3201 v_opt=0.42081 v_mand=0.16148 ptv=0.0080 ptv_max=0.00000 global_ceil=0.00001 ring=0.00000 smooth=0.0455 laplacian=0.1725 anticollapse=0.00000 shell_inner=0.00000 shell_outer=0.00000 homogeneity=0.0000 body=0.00000 bowel=0.00000 femur=0.00539 penile=0.00000 bg=2.15895
2026-06-17 16:32:53 [INFO] Step 56/56 Loss=15.3317 mse=0.3326 v_opt=0.29220 v_mand=0.13419 ptv=0.0081 ptv_max=0.00000 global_ceil=0.00000 ring=0.00000 smooth=0.0422 laplacian=0.1618 anticollapse=0.00000 shell_inner=0.00000 shell_outer=0.00000 homogeneity=0.0000 body=0.00000 bowel=0.00000 femur=0.00000 penile=0.00000 bg=2.23720
2026-06-17 16:32:53 [INFO] Running validation at epoch 7...
2026-06-17 16:33:34 [INFO] Epoch 7 Summary: Train=16.2418 Val=0.0451 (MSE=0.0451)
          Coverage D95:  PTV_62_20_D95=0.00Gy  PTV_44_20_D95=31.26Gy
          SIB Means:    PTV_62_20=0.00Gy PTV_44_20=41.05Gy
          OAR Metrics:  Bladder=40.31Gy Rectum=40.62Gy Bowel=40.49Gy Femur=40.31Gy Ring=40.29Gy Penile=40.09Gy
          Physics:      Dmax=67.13Gy BG=40.65Gy HI=0.000 CI=0.00
2026-06-17 16:33:34 [INFO] [PHYSICS] Saved best model val_loss=0.0451
2026-06-17 16:33:34 [INFO] [CLINICAL] Saved best model Score=231.115 PTV_62_20_D95=0.00Gy PTV_44_20_D95=31.26Gy Bladder=40.31Gy Rectum=40.62Gy
2026-06-17 16:33:34 [INFO] [DIAGNOSTIC] Saved fallback model MSE=0.0451
2026-06-17 16:33:34 [INFO] Epoch 8/300 [RAMP 8/30 (27% of physics)] ramp=0.267 lr=1.00e-04
2026-06-17 16:33:42 [INFO] Step 5/56 Loss=16.8585 mse=0.3492 v_opt=0.36233 v_mand=0.12461 ptv=0.0096 ptv_max=0.00000 global_ceil=0.00318 ring=0.00000 smooth=0.0647 laplacian=0.2477 anticollapse=0.00000 shell_inner=0.00000 shell_outer=0.00000 homogeneity=0.0000 body=0.00000 bowel=0.00000 femur=0.00417 penile=0.00000 bg=2.20310
2026-06-17 16:33:47 [INFO] Step 10/56 Loss=17.5092 mse=0.3794 v_opt=0.35661 v_mand=0.12190 ptv=0.0093 ptv_max=0.00000 global_ceil=0.00151 ring=0.00000 smooth=0.0674 laplacian=0.2599 anticollapse=0.00000 shell_inner=0.00000 shell_outer=0.00000 homogeneity=0.0000 body=0.00000 bowel=0.00000 femur=0.00473 penile=0.00000 bg=2.22908
2026-06-17 16:33:56 [INFO] Step 15/56 Loss=18.5195 mse=0.4145 v_opt=0.38020 v_mand=0.13424 ptv=0.0091 ptv_max=0.00000 global_ceil=0.00000 ring=0.00000 smooth=0.0546 laplacian=0.2091 anticollapse=0.00001 shell_inner=0.00000 shell_outer=0.00000 homogeneity=0.0000 body=0.00000 bowel=0.00000 femur=0.00333 penile=0.00000 bg=2.26143
2026-06-17 16:34:02 [INFO] Step 20/56 Loss=16.1891 mse=0.3295 v_opt=0.37946 v_mand=0.13675 ptv=0.0093 ptv_max=0.00000 global_ceil=0.00003 ring=0.00000 smooth=0.0468 laplacian=0.1739 anticollapse=0.00000 shell_inner=0.00000 shell_outer=0.00000 homogeneity=0.0000 body=0.00000 bowel=0.00000 femur=0.00426 penile=0.00000 bg=2.17054
2026-06-17 16:34:09 [INFO] Step 25/56 Loss=13.9791 mse=0.2212 v_opt=0.46433 v_mand=0.18569 ptv=0.0092 ptv_max=0.00000 global_ceil=0.00000 ring=0.00000 smooth=0.0262 laplacian=0.0932 anticollapse=0.00000 shell_inner=0.00000 shell_outer=0.00000 homogeneity=0.0000 body=0.00000 bowel=0.00000 femur=0.00237 penile=0.00000 bg=2.10081
2026-06-17 16:34:14 [INFO] Step 30/56 Loss=19.0808 mse=0.4655 v_opt=0.32594 v_mand=0.10868 ptv=0.0000 ptv_max=0.00000 global_ceil=0.00069 ring=0.00000 smooth=0.0625 laplacian=0.2413 anticollapse=0.00000 shell_inner=0.00000 shell_outer=0.00000 homogeneity=0.0000 body=0.00000 bowel=0.00000 femur=0.00411 penile=0.00000 bg=2.15101
2026-06-17 16:34:22 [INFO] Step 35/56 Loss=16.8427 mse=0.3392 v_opt=0.36108 v_mand=0.12947 ptv=0.0091 ptv_max=0.00000 global_ceil=0.00000 ring=0.00000 smooth=0.0605 laplacian=0.2299 anticollapse=0.00000 shell_inner=0.00000 shell_outer=0.00000 homogeneity=0.0000 body=0.00000 bowel=0.00000 femur=0.00351 penile=0.00000 bg=2.36590
2026-06-17 16:34:28 [INFO] Step 40/56 Loss=15.9396 mse=0.3453 v_opt=0.32058 v_mand=0.10098 ptv=0.0107 ptv_max=0.00000 global_ceil=0.00032 ring=0.00000 smooth=0.0538 laplacian=0.2052 anticollapse=0.00000 shell_inner=0.00000 shell_outer=0.00000 homogeneity=0.0000 body=0.00000 bowel=0.00000 femur=0.00301 penile=0.00000 bg=2.10431
2026-06-17 16:34:36 [INFO] Step 45/56 Loss=17.4989 mse=0.3970 v_opt=0.34116 v_mand=0.11499 ptv=0.0096 ptv_max=0.00000 global_ceil=0.00016 ring=0.00000 smooth=0.0554 laplacian=0.2092 anticollapse=0.00000 shell_inner=0.00000 shell_outer=0.00000 homogeneity=0.0000 body=0.00000 bowel=0.00000 femur=0.00339 penile=0.00000 bg=2.13952
2026-06-17 16:34:42 [INFO] Step 50/56 Loss=16.8869 mse=0.3746 v_opt=0.33703 v_mand=0.11306 ptv=0.0114 ptv_max=0.00000 global_ceil=0.00024 ring=0.00000 smooth=0.0562 laplacian=0.2173 anticollapse=0.00000 shell_inner=0.00000 shell_outer=0.00000 homogeneity=0.0000 body=0.00000 bowel=0.00000 femur=0.00288 penile=0.00000 bg=2.12076
2026-06-17 16:34:49 [INFO] Step 55/56 Loss=16.5984 mse=0.3745 v_opt=0.30136 v_mand=0.09705 ptv=0.0112 ptv_max=0.00000 global_ceil=0.00004 ring=0.00000 smooth=0.0598 laplacian=0.2278 anticollapse=0.00000 shell_inner=0.00000 shell_outer=0.00000 homogeneity=0.0000 body=0.00000 bowel=0.00000 femur=0.00323 penile=0.00000 bg=2.10684
2026-06-17 16:34:50 [INFO] Step 56/56 Loss=15.6015 mse=0.3192 v_opt=0.36355 v_mand=0.12809 ptv=0.0091 ptv_max=0.00000 global_ceil=0.00027 ring=0.00000 smooth=0.0464 laplacian=0.1715 anticollapse=0.00000 shell_inner=0.00000 shell_outer=0.00000 homogeneity=0.0000 body=0.00000 bowel=0.00000 femur=0.00280 penile=0.00000 bg=2.08861
2026-06-17 16:34:50 [INFO] Running validation at epoch 8...
2026-06-17 16:35:30 [INFO] Epoch 8 Summary: Train=16.4086 Val=0.0432 (MSE=0.0432)
          Coverage D95:  PTV_62_20_D95=0.00Gy  PTV_44_20_D95=31.06Gy
          SIB Means:    PTV_62_20=0.00Gy PTV_44_20=40.26Gy
          OAR Metrics:  Bladder=40.12Gy Rectum=40.11Gy Bowel=39.80Gy Femur=39.66Gy Ring=39.71Gy Penile=39.47Gy
          Physics:      Dmax=66.48Gy BG=39.90Gy HI=0.000 CI=0.00
2026-06-17 16:35:30 [INFO] [PHYSICS] Saved best model val_loss=0.0432
2026-06-17 16:35:30 [INFO] [CLINICAL] Saved best model Score=230.624 PTV_62_20_D95=0.00Gy PTV_44_20_D95=31.06Gy Bladder=40.12Gy Rectum=40.11Gy
2026-06-17 16:35:30 [INFO] [DIAGNOSTIC] Saved fallback model MSE=0.0432
2026-06-17 16:35:30 [INFO] Epoch 9/300 [RAMP 9/30 (30% of physics)] ramp=0.300 lr=1.00e-04
2026-06-17 16:35:38 [INFO] Step 5/56 Loss=18.1767 mse=0.4030 v_opt=0.32667 v_mand=0.10585 ptv=0.0000 ptv_max=0.00000 global_ceil=0.00000 ring=0.00000 smooth=0.0498 laplacian=0.1882 anticollapse=0.00000 shell_inner=0.00000 shell_outer=0.00000 homogeneity=0.0000 body=0.00000 bowel=0.00000 femur=0.00301 penile=0.00000 bg=2.09781
2026-06-17 16:35:44 [INFO] Step 10/56 Loss=10.4274 mse=0.3118 v_opt=0.31123 v_mand=0.09836 ptv=0.0108 ptv_max=0.00000 global_ceil=0.00298 ring=0.00000 smooth=0.0667 laplacian=0.2574 anticollapse=0.00000 shell_inner=0.00000 shell_outer=0.00000 homogeneity=0.0000 body=0.00000 bowel=0.00000 femur=0.00343 penile=0.00000 bg=0.17449
2026-06-17 16:35:51 [INFO] Step 15/56 Loss=17.8890 mse=0.3838 v_opt=0.32609 v_mand=0.10895 ptv=0.0099 ptv_max=0.00000 global_ceil=0.00011 ring=0.00000 smooth=0.0540 laplacian=0.2084 anticollapse=0.00000 shell_inner=0.00000 shell_outer=0.00000 homogeneity=0.0000 body=0.00000 bowel=0.00000 femur=0.00429 penile=0.00000 bg=2.09645
2026-06-17 16:35:57 [INFO] Step 20/56 Loss=14.9356 mse=0.2647 v_opt=0.34400 v_mand=0.11799 ptv=0.0100 ptv_max=0.00000 global_ceil=0.00000 ring=0.00000 smooth=0.0435 laplacian=0.1627 anticollapse=0.00000 shell_inner=0.00000 shell_outer=0.00000 homogeneity=0.0000 body=0.00000 bowel=0.00000 femur=0.00207 penile=0.00000 bg=2.06177
2026-06-17 16:36:05 [INFO] Step 25/56 Loss=17.6452 mse=0.3849 v_opt=0.30618 v_mand=0.09818 ptv=0.0106 ptv_max=0.00000 global_ceil=0.00000 ring=0.00000 smooth=0.0639 laplacian=0.2454 anticollapse=0.00001 shell_inner=0.00000 shell_outer=0.00000 homogeneity=0.0000 body=0.00000 bowel=0.00000 femur=0.00477 penile=0.00000 bg=2.06294
2026-06-17 16:36:10 [INFO] Step 30/56 Loss=17.9614 mse=0.3926 v_opt=0.34196 v_mand=0.11733 ptv=0.0000 ptv_max=0.00000 global_ceil=0.00000 ring=0.00000 smooth=0.0484 laplacian=0.1823 anticollapse=0.00000 shell_inner=0.00000 shell_outer=0.00000 homogeneity=0.0000 body=0.00000 bowel=0.00000 femur=0.00185 penile=0.00000 bg=2.05307
2026-06-17 16:36:17 [INFO] Step 35/56 Loss=16.4198 mse=0.3329 v_opt=0.31110 v_mand=0.10199 ptv=0.0102 ptv_max=0.00000 global_ceil=0.00000 ring=0.00000 smooth=0.0509 laplacian=0.1892 anticollapse=0.00000 shell_inner=0.00000 shell_outer=0.00000 homogeneity=0.0000 body=0.00000 bowel=0.00000 femur=0.00227 penile=0.00000 bg=2.07305
2026-06-17 16:36:23 [INFO] Step 40/56 Loss=16.0641 mse=0.3260 v_opt=0.31027 v_mand=0.09876 ptv=0.0095 ptv_max=0.00000 global_ceil=0.00000 ring=0.00000 smooth=0.0441 laplacian=0.1636 anticollapse=0.00000 shell_inner=0.00000 shell_outer=0.00000 homogeneity=0.0000 body=0.00000 bowel=0.00000 femur=0.00350 penile=0.00000 bg=2.03130
2026-06-17 16:36:31 [INFO] Step 45/56 Loss=16.5165 mse=0.3297 v_opt=0.26763 v_mand=0.07665 ptv=0.0120 ptv_max=0.00000 global_ceil=0.00803 ring=0.00001 smooth=0.0642 laplacian=0.2470 anticollapse=0.00001 shell_inner=0.00000 shell_outer=0.00000 homogeneity=0.0000 body=0.00000 bowel=0.00000 femur=0.00333 penile=0.00000 bg=2.01576
2026-06-17 16:36:36 [INFO] Step 50/56 Loss=17.4861 mse=0.3752 v_opt=0.30759 v_mand=0.10151 ptv=0.0110 ptv_max=0.00000 global_ceil=0.00055 ring=0.00000 smooth=0.0619 laplacian=0.2394 anticollapse=0.00000 shell_inner=0.00000 shell_outer=0.00000 homogeneity=0.0000 body=0.00000 bowel=0.00000 femur=0.00302 penile=0.00000 bg=2.05739
2026-06-17 16:36:43 [INFO] Step 55/56 Loss=14.7136 mse=0.2712 v_opt=0.31527 v_mand=0.10471 ptv=0.0111 ptv_max=0.00000 global_ceil=0.00000 ring=0.00000 smooth=0.0417 laplacian=0.1573 anticollapse=0.00000 shell_inner=0.00000 shell_outer=0.00000 homogeneity=0.0000 body=0.00000 bowel=0.00000 femur=0.00185 penile=0.00000 bg=2.00188
2026-06-17 16:36:44 [INFO] Step 56/56 Loss=15.7572 mse=0.3097 v_opt=0.27549 v_mand=0.08562 ptv=0.0124 ptv_max=0.00000 global_ceil=0.00397 ring=0.00000 smooth=0.0573 laplacian=0.2191 anticollapse=0.00001 shell_inner=0.00000 shell_outer=0.00000 homogeneity=0.0000 body=0.00000 bowel=0.00000 femur=0.00233 penile=0.00000 bg=2.00435
2026-06-17 16:36:44 [INFO] Running validation at epoch 9...
2026-06-17 16:37:24 [INFO] Epoch 9 Summary: Train=16.3352 Val=0.0414 (MSE=0.0414)
          Coverage D95:  PTV_62_20_D95=0.00Gy  PTV_44_20_D95=30.74Gy
          SIB Means:    PTV_62_20=0.00Gy PTV_44_20=39.38Gy
          OAR Metrics:  Bladder=39.91Gy Rectum=39.72Gy Bowel=39.12Gy Femur=39.01Gy Ring=39.14Gy Penile=38.86Gy
          Physics:      Dmax=66.25Gy BG=39.17Gy HI=0.000 CI=0.00
2026-06-17 16:37:24 [INFO] [PHYSICS] Saved best model val_loss=0.0414
2026-06-17 16:37:24 [INFO] [CLINICAL] Saved best model Score=230.410 PTV_62_20_D95=0.00Gy PTV_44_20_D95=30.74Gy Bladder=39.91Gy Rectum=39.72Gy
2026-06-17 16:37:25 [INFO] [DIAGNOSTIC] Saved fallback model MSE=0.0414
2026-06-17 16:37:25 [INFO] Epoch 10/300 [RAMP 10/30 (33% of physics)] ramp=0.333 lr=1.00e-04
2026-06-17 16:37:32 [INFO] Step 5/56 Loss=11.2777 mse=0.3523 v_opt=0.26358 v_mand=0.07543 ptv=0.0130 ptv_max=0.00000 global_ceil=0.00254 ring=0.00000 smooth=0.0738 laplacian=0.2878 anticollapse=0.00001 shell_inner=0.00000 shell_outer=0.00000 homogeneity=0.0000 body=0.00000 bowel=0.00000 femur=0.00326 penile=0.00000 bg=0.16483
2026-06-17 16:37:38 [INFO] Step 10/56 Loss=16.0256 mse=0.3032 v_opt=0.28702 v_mand=0.08805 ptv=0.0117 ptv_max=0.00000 global_ceil=0.00002 ring=0.00000 smooth=0.0513 laplacian=0.1986 anticollapse=0.00001 shell_inner=0.00000 shell_outer=0.00000 homogeneity=0.0000 body=0.00000 bowel=0.00000 femur=0.00226 penile=0.00000 bg=1.97461
2026-06-17 16:37:45 [INFO] Step 15/56 Loss=16.9309 mse=0.3467 v_opt=0.26292 v_mand=0.07491 ptv=0.0125 ptv_max=0.00000 global_ceil=0.00018 ring=0.00000 smooth=0.0540 laplacian=0.2068 anticollapse=0.00001 shell_inner=0.00000 shell_outer=0.00000 homogeneity=0.0000 body=0.00000 bowel=0.00000 femur=0.00218 penile=0.00000 bg=1.98172
2026-06-17 16:37:51 [INFO] Step 20/56 Loss=17.2621 mse=0.3654 v_opt=0.24472 v_mand=0.06736 ptv=0.0120 ptv_max=0.00000 global_ceil=0.00015 ring=0.00000 smooth=0.0587 laplacian=0.2216 anticollapse=0.00000 shell_inner=0.00000 shell_outer=0.00000 homogeneity=0.0000 body=0.00000 bowel=0.00000 femur=0.00198 penile=0.00000 bg=1.98572
2026-06-17 16:37:57 [INFO] Step 25/56 Loss=16.2778 mse=0.3276 v_opt=0.28406 v_mand=0.08805 ptv=0.0112 ptv_max=0.00000 global_ceil=0.00006 ring=0.00000 smooth=0.0589 laplacian=0.2258 anticollapse=0.00000 shell_inner=0.00000 shell_outer=0.00000 homogeneity=0.0000 body=0.00000 bowel=0.00000 femur=0.00260 penile=0.00000 bg=1.86814
2026-06-17 16:38:05 [INFO] Step 30/56 Loss=18.4216 mse=0.3903 v_opt=0.28404 v_mand=0.09055 ptv=0.0113 ptv_max=0.00000 global_ceil=0.00000 ring=0.00000 smooth=0.0517 laplacian=0.2000 anticollapse=0.00000 shell_inner=0.00000 shell_outer=0.00000 homogeneity=0.0000 body=0.00000 bowel=0.00000 femur=0.00175 penile=0.00000 bg=2.03104
2026-06-17 16:38:10 [INFO] Step 35/56 Loss=15.5693 mse=0.2957 v_opt=0.25011 v_mand=0.07194 ptv=0.0124 ptv_max=0.00000 global_ceil=0.00124 ring=0.00000 smooth=0.0509 laplacian=0.1937 anticollapse=0.00000 shell_inner=0.00000 shell_outer=0.00000 homogeneity=0.0000 body=0.00000 bowel=0.00000 femur=0.00198 penile=0.00000 bg=1.94285
2026-06-17 16:38:17 [INFO] Step 40/56 Loss=16.4886 mse=0.3391 v_opt=0.24484 v_mand=0.06901 ptv=0.0125 ptv_max=0.00000 global_ceil=0.00009 ring=0.00000 smooth=0.0448 laplacian=0.1682 anticollapse=0.00000 shell_inner=0.00000 shell_outer=0.00000 homogeneity=0.0000 body=0.00000 bowel=0.00000 femur=0.00129 penile=0.00000 bg=1.94389
2026-06-17 16:38:24 [INFO] Step 45/56 Loss=14.7652 mse=0.2740 v_opt=0.24936 v_mand=0.07104 ptv=0.0121 ptv_max=0.00000 global_ceil=0.00000 ring=0.00000 smooth=0.0288 laplacian=0.1058 anticollapse=0.00000 shell_inner=0.00000 shell_outer=0.00000 homogeneity=0.0000 body=0.00000 bowel=0.00000 femur=0.00102 penile=0.00000 bg=1.91107
2026-06-17 16:38:30 [INFO] Step 50/56 Loss=17.3769 mse=0.3533 v_opt=0.31459 v_mand=0.10387 ptv=0.0125 ptv_max=0.00000 global_ceil=0.00000 ring=0.00000 smooth=0.0353 laplacian=0.1292 anticollapse=0.00000 shell_inner=0.00000 shell_outer=0.00000 homogeneity=0.0000 body=0.00000 bowel=0.00000 femur=0.00130 penile=0.00000 bg=1.91978
2026-06-17 16:38:37 [INFO] Step 55/56 Loss=14.0412 mse=0.2435 v_opt=0.25564 v_mand=0.07317 ptv=0.0121 ptv_max=0.00000 global_ceil=0.00000 ring=0.00000 smooth=0.0304 laplacian=0.1086 anticollapse=0.00000 shell_inner=0.00000 shell_outer=0.00000 homogeneity=0.0000 body=0.00000 bowel=0.00000 femur=0.00121 penile=0.00000 bg=1.91027
2026-06-17 16:38:38 [INFO] Step 56/56 Loss=14.5955 mse=0.2612 v_opt=0.26802 v_mand=0.07810 ptv=0.0134 ptv_max=0.00000 global_ceil=0.00007 ring=0.00000 smooth=0.0465 laplacian=0.1739 anticollapse=0.00001 shell_inner=0.00000 shell_outer=0.00000 homogeneity=0.0000 body=0.00000 bowel=0.00000 femur=0.00096 penile=0.00000 bg=1.90706
2026-06-17 16:38:38 [INFO] Running validation at epoch 10...
2026-06-17 16:39:20 [INFO] Epoch 10 Summary: Train=15.9947 Val=0.0396 (MSE=0.0396)
          Coverage D95:  PTV_62_20_D95=0.00Gy  PTV_44_20_D95=30.83Gy
          SIB Means:    PTV_62_20=0.00Gy PTV_44_20=38.45Gy
          OAR Metrics:  Bladder=39.46Gy Rectum=39.30Gy Bowel=38.43Gy Femur=38.36Gy Ring=38.54Gy Penile=38.28Gy
          Physics:      Dmax=66.35Gy BG=38.43Gy HI=0.000 CI=0.00
2026-06-17 16:39:20 [INFO] [PHYSICS] Saved best model val_loss=0.0396
2026-06-17 16:39:20 [INFO] [CLINICAL] Saved best model Score=229.961 PTV_62_20_D95=0.00Gy PTV_44_20_D95=30.83Gy Bladder=39.46Gy Rectum=39.30Gy
2026-06-17 16:39:20 [INFO] [DIAGNOSTIC] Saved fallback model MSE=0.0396
2026-06-17 16:39:20 [INFO] Epoch 11/300 [RAMP 11/30 (37% of physics)] ramp=0.367 lr=1.00e-04
2026-06-17 16:39:28 [INFO] Step 5/56 Loss=18.4388 mse=0.4013 v_opt=0.23380 v_mand=0.06124 ptv=0.0000 ptv_max=0.00000 global_ceil=0.00061 ring=0.00001 smooth=0.0440 laplacian=0.1640 anticollapse=0.00001 shell_inner=0.00000 shell_outer=0.00000 homogeneity=0.0000 body=0.00000 bowel=0.00000 femur=0.00136 penile=0.00000 bg=1.91544
2026-06-17 16:39:33 [INFO] Step 10/56 Loss=16.9276 mse=0.2554 v_opt=0.34224 v_mand=0.17234 ptv=0.0113 ptv_max=0.00000 global_ceil=0.00000 ring=0.00000 smooth=0.0234 laplacian=0.0801 anticollapse=0.00000 shell_inner=0.00000 shell_outer=0.00000 homogeneity=0.0000 body=0.00000 bowel=0.00000 femur=0.00000 penile=0.00000 bg=1.89221
2026-06-17 16:39:41 [INFO] Step 15/56 Loss=16.6841 mse=0.3172 v_opt=0.25523 v_mand=0.07314 ptv=0.0130 ptv_max=0.00000 global_ceil=0.00102 ring=0.00000 smooth=0.0487 laplacian=0.1848 anticollapse=0.00000 shell_inner=0.00000 shell_outer=0.00000 homogeneity=0.0000 body=0.00000 bowel=0.00000 femur=0.00113 penile=0.00000 bg=1.87508
2026-06-17 16:39:47 [INFO] Step 20/56 Loss=16.7906 mse=0.3012 v_opt=0.25917 v_mand=0.07309 ptv=0.0128 ptv_max=0.00000 global_ceil=0.00001 ring=0.00000 smooth=0.0470 laplacian=0.1814 anticollapse=0.00000 shell_inner=0.00000 shell_outer=0.00000 homogeneity=0.0000 body=0.00000 bowel=0.00000 femur=0.00068 penile=0.00000 bg=2.04453
2026-06-17 16:39:54 [INFO] Step 25/56 Loss=18.0877 mse=0.3817 v_opt=0.23718 v_mand=0.06436 ptv=0.0143 ptv_max=0.00000 global_ceil=0.00040 ring=0.00000 smooth=0.0498 laplacian=0.1926 anticollapse=0.00001 shell_inner=0.00000 shell_outer=0.00000 homogeneity=0.0000 body=0.00000 bowel=0.00000 femur=0.00131 penile=0.00000 bg=1.87834
2026-06-17 16:40:00 [INFO] Step 30/56 Loss=17.8701 mse=0.3714 v_opt=0.24620 v_mand=0.06718 ptv=0.0142 ptv_max=0.00000 global_ceil=0.00001 ring=0.00000 smooth=0.0451 laplacian=0.1738 anticollapse=0.00001 shell_inner=0.00000 shell_outer=0.00000 homogeneity=0.0000 body=0.00000 bowel=0.00000 femur=0.00144 penile=0.00000 bg=1.88522
2026-06-17 16:40:08 [INFO] Step 35/56 Loss=15.2536 mse=0.2767 v_opt=0.22678 v_mand=0.06140 ptv=0.0147 ptv_max=0.00000 global_ceil=0.00002 ring=0.00000 smooth=0.0420 laplacian=0.1566 anticollapse=0.00001 shell_inner=0.00000 shell_outer=0.00000 homogeneity=0.0000 body=0.00000 bowel=0.00000 femur=0.00073 penile=0.00000 bg=1.84904
2026-06-17 16:40:13 [INFO] Step 40/56 Loss=16.9207 mse=0.3428 v_opt=0.22460 v_mand=0.05925 ptv=0.0137 ptv_max=0.00000 global_ceil=0.00040 ring=0.00000 smooth=0.0520 laplacian=0.1986 anticollapse=0.00000 shell_inner=0.00000 shell_outer=0.00000 homogeneity=0.0000 body=0.00000 bowel=0.00000 femur=0.00105 penile=0.00000 bg=1.85612
2026-06-17 16:40:21 [INFO] Step 45/56 Loss=14.2006 mse=0.2873 v_opt=0.00000 v_mand=0.00000 ptv=0.0132 ptv_max=0.00000 global_ceil=0.00000 ring=0.00000 smooth=0.0253 laplacian=0.0919 anticollapse=0.00000 shell_inner=0.00000 shell_outer=0.00000 homogeneity=0.0000 body=0.00000 bowel=0.00000 femur=0.00000 penile=0.00000 bg=1.85210
2026-06-17 16:40:27 [INFO] Step 50/56 Loss=15.0264 mse=0.2569 v_opt=0.22722 v_mand=0.06084 ptv=0.0152 ptv_max=0.00000 global_ceil=0.00203 ring=0.00000 smooth=0.0385 laplacian=0.1472 anticollapse=0.00000 shell_inner=0.00000 shell_outer=0.00000 homogeneity=0.0000 body=0.00000 bowel=0.00000 femur=0.00098 penile=0.00000 bg=1.86250
2026-06-17 16:40:34 [INFO] Step 55/56 Loss=13.9823 mse=0.2323 v_opt=0.18008 v_mand=0.06197 ptv=0.0141 ptv_max=0.00000 global_ceil=0.00000 ring=0.00000 smooth=0.0228 laplacian=0.0759 anticollapse=0.00000 shell_inner=0.00000 shell_outer=0.00000 homogeneity=0.0000 body=0.00000 bowel=0.00000 femur=0.00034 penile=0.00000 bg=1.81734
2026-06-17 16:40:35 [INFO] Step 56/56 Loss=16.0094 mse=0.3134 v_opt=0.22675 v_mand=0.05926 ptv=0.0144 ptv_max=0.00000 global_ceil=0.00000 ring=0.00000 smooth=0.0339 laplacian=0.1203 anticollapse=0.00000 shell_inner=0.00000 shell_outer=0.00000 homogeneity=0.0000 body=0.00000 bowel=0.00000 femur=0.00053 penile=0.00000 bg=1.81923
2026-06-17 16:40:35 [INFO] Running validation at epoch 11...
