2026-06-17 16:13:25 [INFO] Training log started: logs/training_20260617_161325.log
2026-06-17 16:13:25 [INFO] PATCH_SIZE=(128, 128, 64), GRAD_ACCUM_STEPS=2
2026-06-17 16:13:25 [INFO] Loading clinical constraints (inline config) ...
2026-06-17 16:13:25 [INFO] Curriculum ramp: lambda_mse=25.0 constant, physics lambdas 0 -> target over 30 epochs
2026-06-17 16:13:25 [INFO] Model ready on cuda, epochs=300, AMP=ON
2026-06-17 16:13:25 [INFO] Epoch 1/300 [RAMP 1/30 (3% of physics)] ramp=0.033 lr=1.00e-04
2026-06-17 16:13:33 [INFO] Step 5/56 Loss=176.5274 mse=1.9025 v_opt=1.37265 v_mand=0.75436 ptv=0.0126 ptv_max=0.12704 global_ceil=12.47602 ring=0.08306 smooth=1.8406 laplacian=7.3028 anticollapse=0.00004 shell_inner=0.00000 shell_outer=0.00000 homogeneity=0.0000 body=0.00000 bowel=0.01272 femur=0.31910 penile=0.00000 bg=7.37929
2026-06-17 16:13:39 [INFO] Step 10/56 Loss=132.8502 mse=1.0197 v_opt=1.43979 v_mand=0.79616 ptv=0.0065 ptv_max=0.05364 global_ceil=10.36612 ring=0.02910 smooth=0.8478 laplacian=3.3581 anticollapse=0.00000 shell_inner=0.00000 shell_outer=0.00000 homogeneity=0.0000 body=0.00000 bowel=0.10746 femur=0.34984 penile=0.00000 bg=5.95081
2026-06-17 16:13:46 [INFO] Step 15/56 Loss=160.6493 mse=2.1212 v_opt=1.31359 v_mand=0.71466 ptv=0.0118 ptv_max=0.11642 global_ceil=10.33157 ring=0.08081 smooth=2.0632 laplacian=8.2064 anticollapse=0.00002 shell_inner=0.00000 shell_outer=0.00000 homogeneity=0.0000 body=0.00000 bowel=0.02767 femur=0.55660 penile=0.00000 bg=7.63878
2026-06-17 16:13:51 [INFO] Step 20/56 Loss=185.6643 mse=1.2025 v_opt=1.24864 v_mand=0.67464 ptv=0.0159 ptv_max=0.18541 global_ceil=15.17764 ring=0.10899 smooth=1.9777 laplacian=7.8480 anticollapse=0.00006 shell_inner=0.00000 shell_outer=0.00000 homogeneity=0.0000 body=0.00000 bowel=0.01553 femur=0.36977 penile=0.00000 bg=6.33520
2026-06-17 16:13:58 [INFO] Step 25/56 Loss=147.6505 mse=1.2798 v_opt=1.38530 v_mand=0.76179 ptv=0.0087 ptv_max=0.08200 global_ceil=11.15658 ring=0.04292 smooth=1.5325 laplacian=6.0727 anticollapse=0.00001 shell_inner=0.00000 shell_outer=0.00000 homogeneity=0.0000 body=0.00000 bowel=0.11632 femur=0.31757 penile=0.00000 bg=7.12411
2026-06-17 16:14:03 [INFO] Step 30/56 Loss=167.4177 mse=1.6717 v_opt=1.33751 v_mand=0.72832 ptv=0.0111 ptv_max=0.11443 global_ceil=12.16665 ring=0.07908 smooth=1.8190 laplacian=7.2315 anticollapse=0.00001 shell_inner=0.00000 shell_outer=0.00000 homogeneity=0.0000 body=0.00000 bowel=0.02351 femur=0.52924 penile=0.00000 bg=6.60495
2026-06-17 16:14:10 [INFO] Step 35/56 Loss=141.5928 mse=2.0209 v_opt=1.34383 v_mand=0.72440 ptv=0.0121 ptv_max=0.12656 global_ceil=8.68372 ring=0.08204 smooth=1.7087 laplacian=6.7879 anticollapse=0.00003 shell_inner=0.00000 shell_outer=0.00000 homogeneity=0.0000 body=0.00000 bowel=0.05273 femur=0.32619 penile=0.00000 bg=7.57068
2026-06-17 16:14:16 [INFO] Step 40/56 Loss=114.7902 mse=1.3759 v_opt=1.41373 v_mand=0.78226 ptv=0.0078 ptv_max=0.06829 global_ceil=7.50537 ring=0.07863 smooth=1.2219 laplacian=4.8672 anticollapse=0.00001 shell_inner=0.00000 shell_outer=0.00000 homogeneity=0.0000 body=0.00000 bowel=0.01755 femur=0.11651 penile=0.00000 bg=11.10936
2026-06-17 16:14:22 [INFO] Step 45/56 Loss=56.3817 mse=0.9370 v_opt=0.00000 v_mand=0.00000 ptv=0.0000 ptv_max=0.00000 global_ceil=3.07329 ring=0.00893 smooth=1.2679 laplacian=5.0562 anticollapse=0.00000 shell_inner=0.00000 shell_outer=0.00000 homogeneity=0.0000 body=0.00000 bowel=0.01520 femur=0.00000 penile=0.00000 bg=6.48632
2026-06-17 16:14:29 [INFO] Step 50/56 Loss=101.5275 mse=1.5769 v_opt=1.40483 v_mand=0.77897 ptv=0.0096 ptv_max=0.08820 global_ceil=5.82828 ring=0.06204 smooth=1.5788 laplacian=6.2997 anticollapse=0.00002 shell_inner=0.00000 shell_outer=0.00000 homogeneity=0.0000 body=0.00000 bowel=0.02316 femur=0.21439 penile=0.00000 bg=6.39952
2026-06-17 16:14:35 [INFO] Step 55/56 Loss=77.5881 mse=1.3731 v_opt=1.34993 v_mand=0.73307 ptv=0.0104 ptv_max=0.08538 global_ceil=3.93684 ring=0.05459 smooth=1.0389 laplacian=4.1073 anticollapse=0.00002 shell_inner=0.00000 shell_outer=0.00000 homogeneity=0.0000 body=0.00000 bowel=0.04034 femur=0.20575 penile=0.00000 bg=6.91894
2026-06-17 16:14:36 [INFO] Step 56/56 Loss=94.5549 mse=1.2915 v_opt=1.36778 v_mand=0.74354 ptv=0.0000 ptv_max=0.00000 global_ceil=5.86542 ring=0.01421 smooth=1.3726 laplacian=5.4545 anticollapse=0.00003 shell_inner=0.00000 shell_outer=0.00000 homogeneity=0.0000 body=0.00000 bowel=0.03998 femur=0.34532 penile=0.00116 bg=6.24875
2026-06-17 16:14:36 [INFO] Running validation at epoch 1...
2026-06-17 16:15:15 [INFO] Epoch 1 Summary: Train=137.3314 Val=0.1158 (MSE=0.1158)
          Coverage D95:  PTV_62_20_D95=0.00Gy  PTV_44_20_D95=32.36Gy
          SIB Means:    PTV_62_20=0.00Gy PTV_44_20=55.67Gy
          OAR Metrics:  Bladder=50.66Gy Rectum=50.00Gy Bowel=54.18Gy Femur=53.89Gy Ring=52.41Gy Penile=51.47Gy
          Physics:      Dmax=150.19Gy BG=56.25Gy HI=0.000 CI=0.00
2026-06-17 16:15:15 [INFO] [DIAGNOSTIC] Saved fallback model MSE=0.1158
2026-06-17 16:15:15 [INFO] Epoch 2/300 [RAMP 2/30 (7% of physics)] ramp=0.067 lr=1.00e-04
2026-06-17 16:15:23 [INFO] Step 5/56 Loss=141.0970 mse=1.6104 v_opt=1.21755 v_mand=0.64153 ptv=0.0101 ptv_max=0.07631 global_ceil=4.70427 ring=0.05593 smooth=1.1191 laplacian=4.4294 anticollapse=0.00002 shell_inner=0.00000 shell_outer=0.00000 homogeneity=0.0000 body=0.00000 bowel=0.02637 femur=0.35813 penile=0.00000 bg=5.73983
2026-06-17 16:15:29 [INFO] Step 10/56 Loss=137.0313 mse=1.8412 v_opt=1.31874 v_mand=0.71684 ptv=0.0083 ptv_max=0.05991 global_ceil=4.19740 ring=0.04399 smooth=1.3361 laplacian=5.3174 anticollapse=0.00001 shell_inner=0.00000 shell_outer=0.00000 homogeneity=0.0000 body=0.00000 bowel=0.03068 femur=0.31073 penile=0.00000 bg=5.89842
2026-06-17 16:15:36 [INFO] Step 15/56 Loss=34.1345 mse=0.2903 v_opt=0.00000 v_mand=0.00000 ptv=0.0000 ptv_max=0.00000 global_ceil=1.15406 ring=0.00310 smooth=0.2832 laplacian=1.1214 anticollapse=0.00000 shell_inner=0.00000 shell_outer=0.00000 homogeneity=0.0000 body=0.00000 bowel=0.05165 femur=0.00000 penile=0.00000 bg=5.57770
2026-06-17 16:15:41 [INFO] Step 20/56 Loss=81.2009 mse=1.1161 v_opt=1.44607 v_mand=0.80333 ptv=0.0059 ptv_max=0.03837 global_ceil=2.30607 ring=0.02073 smooth=0.8047 laplacian=3.1978 anticollapse=0.00000 shell_inner=0.00000 shell_outer=0.00000 homogeneity=0.0000 body=0.00000 bowel=0.07913 femur=0.18458 penile=0.03650 bg=5.83599
2026-06-17 16:15:49 [INFO] Step 25/56 Loss=98.5090 mse=1.3964 v_opt=1.26904 v_mand=0.67886 ptv=0.0084 ptv_max=0.05743 global_ceil=3.01377 ring=0.03293 smooth=0.8160 laplacian=3.2290 anticollapse=0.00001 shell_inner=0.00000 shell_outer=0.00000 homogeneity=0.0000 body=0.00000 bowel=0.04735 femur=0.24344 penile=0.00000 bg=0.63988
2026-06-17 16:15:55 [INFO] Step 30/56 Loss=120.6920 mse=1.5994 v_opt=1.28183 v_mand=0.68567 ptv=0.0062 ptv_max=0.03972 global_ceil=3.60332 ring=0.02497 smooth=1.0332 laplacian=4.1163 anticollapse=0.00000 shell_inner=0.00000 shell_outer=0.00000 homogeneity=0.0000 body=0.00000 bowel=0.04957 femur=0.37038 penile=0.00000 bg=8.50600
2026-06-17 16:16:03 [INFO] Step 35/56 Loss=69.7455 mse=1.2972 v_opt=1.64223 v_mand=0.95707 ptv=0.0034 ptv_max=0.01487 global_ceil=1.47169 ring=0.01813 smooth=0.9330 laplacian=3.7219 anticollapse=0.00000 shell_inner=0.00000 shell_outer=0.00000 homogeneity=0.0000 body=0.00000 bowel=0.05083 femur=0.00000 penile=0.00000 bg=6.42148
2026-06-17 16:16:08 [INFO] Step 40/56 Loss=81.4396 mse=1.3455 v_opt=1.31536 v_mand=0.70923 ptv=0.0065 ptv_max=0.04631 global_ceil=2.06847 ring=0.01785 smooth=0.7093 laplacian=2.8052 anticollapse=0.00000 shell_inner=0.00000 shell_outer=0.00000 homogeneity=0.0000 body=0.00000 bowel=0.07050 femur=0.24728 penile=0.00000 bg=5.19566
2026-06-17 16:16:15 [INFO] Step 45/56 Loss=55.5718 mse=0.9263 v_opt=1.45606 v_mand=0.81641 ptv=0.0044 ptv_max=0.03274 global_ceil=1.29851 ring=0.01541 smooth=0.5275 laplacian=2.0816 anticollapse=0.00000 shell_inner=0.00000 shell_outer=0.00000 homogeneity=0.0000 body=0.00000 bowel=0.08065 femur=0.17417 penile=0.00000 bg=4.78123
2026-06-17 16:16:21 [INFO] Step 50/56 Loss=60.2277 mse=1.0952 v_opt=1.40777 v_mand=0.77755 ptv=0.0060 ptv_max=0.04195 global_ceil=1.31889 ring=0.01398 smooth=0.6406 laplacian=2.5415 anticollapse=0.00000 shell_inner=0.00000 shell_outer=0.00000 homogeneity=0.0000 body=0.00000 bowel=0.05643 femur=0.21881 penile=0.00000 bg=4.97151
2026-06-17 16:16:29 [INFO] Step 55/56 Loss=49.7645 mse=1.0085 v_opt=1.51950 v_mand=0.85528 ptv=0.0000 ptv_max=0.00000 global_ceil=0.90641 ring=0.00392 smooth=0.5259 laplacian=2.0687 anticollapse=0.00000 shell_inner=0.00000 shell_outer=0.00000 homogeneity=0.0000 body=0.00000 bowel=0.00000 femur=0.10836 penile=0.00000 bg=4.87785
2026-06-17 16:16:30 [INFO] Step 56/56 Loss=60.9287 mse=1.2349 v_opt=1.42978 v_mand=0.79732 ptv=0.0058 ptv_max=0.04247 global_ceil=1.20802 ring=0.01424 smooth=0.5513 laplacian=2.1783 anticollapse=0.00000 shell_inner=0.00000 shell_outer=0.00000 homogeneity=0.0000 body=0.00000 bowel=0.06471 femur=0.19771 penile=0.00000 bg=4.02432
2026-06-17 16:16:30 [INFO] Running validation at epoch 2...
2026-06-17 16:17:11 [INFO] Epoch 2 Summary: Train=92.9823 Val=0.0940 (MSE=0.0940)
          Coverage D95:  PTV_62_20_D95=0.00Gy  PTV_44_20_D95=33.78Gy
          SIB Means:    PTV_62_20=0.00Gy PTV_44_20=56.51Gy
          OAR Metrics:  Bladder=50.72Gy Rectum=50.04Gy Bowel=53.07Gy Femur=52.98Gy Ring=52.02Gy Penile=51.06Gy
          Physics:      Dmax=132.45Gy BG=54.54Gy HI=0.000 CI=0.00
2026-06-17 16:17:11 [INFO] [DIAGNOSTIC] Saved fallback model MSE=0.0940
2026-06-17 16:17:11 [INFO] Epoch 3/300 [RAMP 3/30 (10% of physics)] ramp=0.100 lr=1.00e-04
2026-06-17 16:17:18 [INFO] Step 5/56 Loss=63.6384 mse=1.0756 v_opt=1.22495 v_mand=0.65245 ptv=0.0040 ptv_max=0.02429 global_ceil=0.91878 ring=0.01184 smooth=0.4716 laplacian=1.8665 anticollapse=0.00000 shell_inner=0.00000 shell_outer=0.00000 homogeneity=0.0000 body=0.00000 bowel=0.05694 femur=0.09657 penile=0.00000 bg=5.32344
2026-06-17 16:17:24 [INFO] Step 10/56 Loss=54.5349 mse=0.9034 v_opt=1.41141 v_mand=0.77453 ptv=0.0043 ptv_max=0.03396 global_ceil=0.75251 ring=0.00844 smooth=0.3920 laplacian=1.5403 anticollapse=0.00000 shell_inner=0.00000 shell_outer=0.00000 homogeneity=0.0000 body=0.00000 bowel=0.05605 femur=0.11302 penile=0.00000 bg=4.83559
2026-06-17 16:17:32 [INFO] Step 15/56 Loss=47.3037 mse=0.8621 v_opt=1.45297 v_mand=0.80867 ptv=0.0029 ptv_max=0.01578 global_ceil=0.54978 ring=0.00471 smooth=0.3025 laplacian=1.1871 anticollapse=0.00000 shell_inner=0.00000 shell_outer=0.00000 homogeneity=0.0000 body=0.00000 bowel=0.19209 femur=0.14403 penile=0.00108 bg=4.38413
2026-06-17 16:17:38 [INFO] Step 20/56 Loss=54.9370 mse=0.9113 v_opt=1.39403 v_mand=0.76473 ptv=0.0061 ptv_max=0.05189 global_ceil=0.77023 ring=0.01657 smooth=0.3436 laplacian=1.3509 anticollapse=0.00000 shell_inner=0.00000 shell_outer=0.00000 homogeneity=0.0000 body=0.00000 bowel=0.06182 femur=0.09923 penile=0.00000 bg=4.49096
2026-06-17 16:17:45 [INFO] Step 25/56 Loss=54.7875 mse=0.8965 v_opt=1.44886 v_mand=0.80925 ptv=0.0033 ptv_max=0.01712 global_ceil=0.74597 ring=0.00852 smooth=0.2883 laplacian=1.1256 anticollapse=0.00000 shell_inner=0.00000 shell_outer=0.00000 homogeneity=0.0000 body=0.00000 bowel=0.08603 femur=0.08534 penile=0.00000 bg=5.32705
2026-06-17 16:17:50 [INFO] Step 30/56 Loss=48.2415 mse=0.9132 v_opt=1.47502 v_mand=0.82418 ptv=0.0035 ptv_max=0.01605 global_ceil=0.55131 ring=0.00659 smooth=0.2751 laplacian=1.0766 anticollapse=0.00000 shell_inner=0.00000 shell_outer=0.00000 homogeneity=0.0000 body=0.00000 bowel=0.10455 femur=0.09258 penile=0.00000 bg=4.09629
2026-06-17 16:17:57 [INFO] Step 35/56 Loss=46.5022 mse=0.9504 v_opt=1.40333 v_mand=0.76996 ptv=0.0043 ptv_max=0.01896 global_ceil=0.47642 ring=0.00716 smooth=0.2662 laplacian=1.0444 anticollapse=0.00000 shell_inner=0.00000 shell_outer=0.00000 homogeneity=0.0000 body=0.00000 bowel=0.09096 femur=0.08679 penile=0.00001 bg=3.97094
2026-06-17 16:18:03 [INFO] Step 40/56 Loss=31.2843 mse=0.5732 v_opt=1.51083 v_mand=0.84534 ptv=0.0034 ptv_max=0.01176 global_ceil=0.26778 ring=0.00420 smooth=0.1588 laplacian=0.6128 anticollapse=0.00000 shell_inner=0.00000 shell_outer=0.00000 homogeneity=0.0000 body=0.00000 bowel=0.17624 femur=0.07266 penile=0.00000 bg=3.97631
2026-06-17 16:18:10 [INFO] Step 45/56 Loss=30.6917 mse=0.6725 v_opt=1.58018 v_mand=0.90699 ptv=0.0019 ptv_max=0.00284 global_ceil=0.15594 ring=0.00178 smooth=0.1724 laplacian=0.6693 anticollapse=0.00000 shell_inner=0.00000 shell_outer=0.00000 homogeneity=0.0000 body=0.00000 bowel=0.14665 femur=0.06144 penile=0.00000 bg=4.02875
2026-06-17 16:18:16 [INFO] Step 50/56 Loss=35.4342 mse=0.6214 v_opt=1.50146 v_mand=0.83765 ptv=0.0000 ptv_max=0.00000 global_ceil=0.37167 ring=0.00480 smooth=0.1651 laplacian=0.6378 anticollapse=0.00000 shell_inner=0.00000 shell_outer=0.00000 homogeneity=0.0000 body=0.00000 bowel=0.14641 femur=0.10035 penile=0.00462 bg=3.90655
2026-06-17 16:18:23 [INFO] Step 55/56 Loss=35.0152 mse=0.7910 v_opt=1.48863 v_mand=0.83708 ptv=0.0030 ptv_max=0.00463 global_ceil=0.28244 ring=0.00225 smooth=0.1729 laplacian=0.6687 anticollapse=0.00000 shell_inner=0.00000 shell_outer=0.00000 homogeneity=0.0000 body=0.00000 bowel=0.16088 femur=0.07390 penile=0.00000 bg=1.91804
2026-06-17 16:18:23 [INFO] Step 56/56 Loss=27.5616 mse=0.5691 v_opt=1.61391 v_mand=0.92471 ptv=0.0009 ptv_max=0.00063 global_ceil=0.13365 ring=0.00039 smooth=0.1100 laplacian=0.4128 anticollapse=0.00000 shell_inner=0.00000 shell_outer=0.00000 homogeneity=0.0000 body=0.00000 bowel=0.27909 femur=0.05797 penile=0.01597 bg=3.86670
2026-06-17 16:18:24 [INFO] Running validation at epoch 3...
2026-06-17 16:19:04 [INFO] Epoch 3 Summary: Train=46.0506 Val=0.0797 (MSE=0.0797)
          Coverage D95:  PTV_62_20_D95=0.00Gy  PTV_44_20_D95=35.31Gy
          SIB Means:    PTV_62_20=0.00Gy PTV_44_20=53.74Gy
          OAR Metrics:  Bladder=50.61Gy Rectum=49.84Gy Bowel=51.70Gy Femur=51.70Gy Ring=51.18Gy Penile=50.55Gy
          Physics:      Dmax=96.90Gy BG=52.54Gy HI=0.000 CI=0.00
2026-06-17 16:19:04 [INFO] [DIAGNOSTIC] Saved fallback model MSE=0.0797
2026-06-17 16:19:04 [INFO] Epoch 4/300 [RAMP 4/30 (13% of physics)] ramp=0.133 lr=1.00e-04
2026-06-17 16:19:12 [INFO] Step 5/56 Loss=21.5176 mse=0.5169 v_opt=0.00000 v_mand=0.00000 ptv=0.0000 ptv_max=0.00000 global_ceil=0.07809 ring=0.00000 smooth=0.1171 laplacian=0.4412 anticollapse=0.00000 shell_inner=0.00000 shell_outer=0.00000 homogeneity=0.0000 body=0.00000 bowel=0.17906 femur=0.00000 penile=0.00000 bg=3.82176
2026-06-17 16:19:17 [INFO] Step 10/56 Loss=25.9529 mse=0.5507 v_opt=1.39275 v_mand=0.76993 ptv=0.0027 ptv_max=0.00251 global_ceil=0.14312 ring=0.00139 smooth=0.1086 laplacian=0.4080 anticollapse=0.00000 shell_inner=0.00000 shell_outer=0.00000 homogeneity=0.0000 body=0.00000 bowel=0.17002 femur=0.05032 penile=0.00000 bg=0.37695
