2026-06-17 16:41:49 [INFO] Training log started: logs/training_20260617_164149.log
2026-06-17 16:41:49 [INFO] PATCH_SIZE=(128, 128, 64), GRAD_ACCUM_STEPS=2
2026-06-17 16:41:49 [INFO] Loading clinical constraints (inline config) ...
2026-06-17 16:41:49 [INFO] Curriculum ramp: lambda_mse=25.0 constant, physics lambdas 0 -> target over 30 epochs
2026-06-17 16:41:49 [INFO] Model ready on cuda, epochs=300, AMP=ON
2026-06-17 16:41:49 [INFO] Epoch 1/300 [RAMP 1/30 (3% of physics)] ramp=0.033 lr=1.00e-04
2026-06-17 16:43:29 [INFO] Step 5/56 Loss=96.7583 mse=1.7258 v_opt=1.97588 v_mand=1.29208 ptv=0.0767 ptv_max=0.05406 global_ceil=4.82364 ring=0.05117 smooth=1.9981 laplacian=7.9456 anticollapse=0.00000 shell_inner=0.00000 shell_outer=0.00000 homogeneity=0.0000 body=0.00000 bowel=0.05923 femur=0.33419 penile=0.00000 bg=7.99003
2026-06-17 16:44:50 [INFO] Step 10/56 Loss=81.5080 mse=1.2898 v_opt=2.50392 v_mand=1.72360 ptv=0.0760 ptv_max=0.05785 global_ceil=4.34196 ring=0.05569 smooth=1.5042 laplacian=5.9744 anticollapse=0.00000 shell_inner=0.00000 shell_outer=0.00000 homogeneity=0.0000 body=0.00000 bowel=0.05711 femur=0.32675 penile=0.03394 bg=7.14515
2026-06-17 16:46:22 [INFO] Step 15/56 Loss=174.9842 mse=1.9986 v_opt=1.94639 v_mand=1.25095 ptv=0.0887 ptv_max=0.05558 global_ceil=11.93159 ring=0.05153 smooth=2.4881 laplacian=9.8898 anticollapse=0.00000 shell_inner=0.00000 shell_outer=0.00000 homogeneity=0.0000 body=0.00000 bowel=0.08941 femur=0.40232 penile=0.00000 bg=8.95649
2026-06-17 16:47:46 [INFO] Step 20/56 Loss=156.8641 mse=2.1423 v_opt=1.74175 v_mand=1.09924 ptv=0.0873 ptv_max=0.06528 global_ceil=9.78988 ring=0.06274 smooth=2.6471 laplacian=10.5334 anticollapse=0.00001 shell_inner=0.00000 shell_outer=0.00000 homogeneity=0.0000 body=0.00000 bowel=0.05199 femur=0.28554 penile=0.00000 bg=8.97648
2026-06-17 16:49:23 [INFO] Step 25/56 Loss=77.7904 mse=1.2910 v_opt=0.00000 v_mand=0.00000 ptv=0.0023 ptv_max=0.00989 global_ceil=4.29374 ring=0.03410 smooth=2.0719 laplacian=8.2460 anticollapse=0.00000 shell_inner=0.00000 shell_outer=0.00000 homogeneity=0.0000 body=0.00000 bowel=0.06460 femur=0.00000 penile=0.00000 bg=7.27745
2026-06-17 16:50:49 [INFO] Step 30/56 Loss=82.6691 mse=1.3543 v_opt=2.97953 v_mand=2.14611 ptv=0.0831 ptv_max=0.05114 global_ceil=4.24135 ring=0.03444 smooth=1.1623 laplacian=4.6013 anticollapse=0.00000 shell_inner=0.00000 shell_outer=0.00000 homogeneity=0.0000 body=0.00000 bowel=0.06570 femur=0.23132 penile=0.00000 bg=6.79615
2026-06-17 16:52:14 [INFO] Step 35/56 Loss=114.5456 mse=1.6358 v_opt=1.71508 v_mand=1.05837 ptv=0.0907 ptv_max=0.05539 global_ceil=6.89422 ring=0.05581 smooth=2.0049 laplacian=7.9818 anticollapse=0.00000 shell_inner=0.00000 shell_outer=0.00000 homogeneity=0.0000 body=0.00000 bowel=0.08317 femur=0.26618 penile=0.00028 bg=7.16013
2026-06-17 16:53:43 [INFO] Step 40/56 Loss=121.3643 mse=1.7920 v_opt=1.85266 v_mand=1.16010 ptv=0.0832 ptv_max=0.04144 global_ceil=7.09697 ring=0.03916 smooth=2.0480 laplacian=8.1451 anticollapse=0.00000 shell_inner=0.00000 shell_outer=0.00000 homogeneity=0.0000 body=0.00000 bowel=0.10436 femur=0.21923 penile=0.00000 bg=9.41380
2026-06-17 16:55:27 [INFO] Step 45/56 Loss=106.2635 mse=1.6120 v_opt=1.87720 v_mand=1.18639 ptv=0.0832 ptv_max=0.06108 global_ceil=6.10682 ring=0.07265 smooth=1.8932 laplacian=7.5280 anticollapse=0.00002 shell_inner=0.00000 shell_outer=0.00000 homogeneity=0.0000 body=0.00000 bowel=0.08498 femur=0.22605 penile=0.00000 bg=7.07578
2026-06-17 16:56:43 [INFO] Step 50/56 Loss=82.6468 mse=1.4674 v_opt=2.14256 v_mand=1.40324 ptv=0.0676 ptv_max=0.03703 global_ceil=4.02525 ring=0.02636 smooth=1.0375 laplacian=4.0963 anticollapse=0.00000 shell_inner=0.00000 shell_outer=0.00000 homogeneity=0.0000 body=0.00000 bowel=0.06570 femur=0.21172 penile=0.00000 bg=8.77652
2026-06-17 16:58:27 [INFO] Step 55/56 Loss=92.4587 mse=1.8047 v_opt=2.11217 v_mand=1.38753 ptv=0.0739 ptv_max=0.04283 global_ceil=4.18928 ring=0.04389 smooth=1.4808 laplacian=5.8678 anticollapse=0.00000 shell_inner=0.00000 shell_outer=0.00000 homogeneity=0.0000 body=0.00000 bowel=0.05054 femur=0.27269 penile=0.00143 bg=7.89720
2026-06-17 16:58:27 [INFO] Step 56/56 Loss=73.6489 mse=1.4627 v_opt=2.42422 v_mand=1.63820 ptv=0.0616 ptv_max=0.02762 global_ceil=3.16969 ring=0.02632 smooth=0.9725 laplacian=3.8344 anticollapse=0.00000 shell_inner=0.00000 shell_outer=0.00000 homogeneity=0.0000 body=0.00000 bowel=0.07151 femur=0.21402 penile=0.00702 bg=6.61924
2026-06-17 16:58:27 [INFO] Running validation at epoch 1...
2026-06-17 17:01:09 [INFO] Epoch 1 Summary: Train=110.2374 Val=0.1297 (MSE=0.1297)
          Coverage D95:  PTV_62_20_D95=34.10Gy  PTV_44_20_D95=33.28Gy
          SIB Means:    PTV_62_20=55.52Gy PTV_44_20=55.22Gy
          OAR Metrics:  Bladder=54.88Gy Rectum=57.49Gy Bowel=57.99Gy Femur=57.10Gy Ring=56.34Gy Penile=57.34Gy
          Physics:      Dmax=155.60Gy BG=59.51Gy HI=1.090 CI=164.02
2026-06-17 17:01:09 [INFO] [DIAGNOSTIC] Saved fallback model MSE=0.1297
2026-06-17 17:01:09 [INFO] Epoch 2/300 [RAMP 2/30 (7% of physics)] ramp=0.067 lr=1.00e-04
2026-06-17 17:01:17 [INFO] Step 5/56 Loss=139.1364 mse=1.5090 v_opt=2.44647 v_mand=1.65094 ptv=0.0639 ptv_max=0.03137 global_ceil=4.72196 ring=0.02681 smooth=0.9526 laplacian=3.7481 anticollapse=0.00000 shell_inner=0.00000 shell_outer=0.00000 homogeneity=0.0000 body=0.00000 bowel=0.06897 femur=0.33154 penile=0.00000 bg=0.72412
2026-06-17 17:01:23 [INFO] Step 10/56 Loss=127.6213 mse=1.4852 v_opt=1.75301 v_mand=1.09251 ptv=0.0671 ptv_max=0.01403 global_ceil=4.06924 ring=0.01669 smooth=1.8309 laplacian=7.2810 anticollapse=0.00000 shell_inner=0.00000 shell_outer=0.00000 homogeneity=0.0000 body=0.00000 bowel=0.12126 femur=0.21309 penile=0.00055 bg=6.86172
2026-06-17 17:01:30 [INFO] Step 15/56 Loss=62.5953 mse=1.1076 v_opt=0.78949 v_mand=0.47138 ptv=0.0614 ptv_max=0.03157 global_ceil=1.44731 ring=0.02991 smooth=0.6090 laplacian=2.3910 anticollapse=0.00000 shell_inner=0.00000 shell_outer=0.00000 homogeneity=0.0000 body=0.00000 bowel=0.07240 femur=0.17710 penile=0.02269 bg=5.60170
2026-06-17 17:01:36 [INFO] Step 20/56 Loss=118.4064 mse=2.0035 v_opt=1.98841 v_mand=1.27746 ptv=0.0694 ptv_max=0.03915 global_ceil=2.89269 ring=0.04284 smooth=1.6049 laplacian=6.3822 anticollapse=0.00001 shell_inner=0.00000 shell_outer=0.00000 homogeneity=0.0000 body=0.00000 bowel=0.05700 femur=0.33928 penile=0.00672 bg=7.76583
2026-06-17 17:01:43 [INFO] Step 25/56 Loss=53.7907 mse=0.7467 v_opt=2.46607 v_mand=1.67313 ptv=0.0536 ptv_max=0.02004 global_ceil=1.23658 ring=0.01471 smooth=0.6840 laplacian=2.7010 anticollapse=0.00000 shell_inner=0.00000 shell_outer=0.00000 homogeneity=0.0000 body=0.00000 bowel=0.07103 femur=0.25371 penile=0.05683 bg=5.89758
2026-06-17 17:01:48 [INFO] Step 30/56 Loss=82.7683 mse=1.1798 v_opt=2.12033 v_mand=1.39965 ptv=0.0699 ptv_max=0.05085 global_ceil=2.18101 ring=0.04447 smooth=1.0466 laplacian=4.1504 anticollapse=0.00000 shell_inner=0.00000 shell_outer=0.00000 homogeneity=0.0000 body=0.00000 bowel=0.04954 femur=0.23391 penile=0.00000 bg=6.05415
2026-06-17 17:01:56 [INFO] Step 35/56 Loss=42.0151 mse=0.6498 v_opt=0.00000 v_mand=0.00000 ptv=0.0000 ptv_max=0.00000 global_ceil=1.11119 ring=0.00000 smooth=0.9860 laplacian=3.9130 anticollapse=0.00000 shell_inner=0.00000 shell_outer=0.00000 homogeneity=0.0000 body=0.00000 bowel=0.00000 femur=0.00000 penile=0.00000 bg=5.21082
2026-06-17 17:02:02 [INFO] Step 40/56 Loss=105.1740 mse=1.8147 v_opt=1.80510 v_mand=1.13204 ptv=0.0739 ptv_max=0.03642 global_ceil=2.44293 ring=0.03382 smooth=1.5306 laplacian=6.0862 anticollapse=0.00000 shell_inner=0.00000 shell_outer=0.00000 homogeneity=0.0000 body=0.00000 bowel=0.07117 femur=0.22098 penile=0.00000 bg=9.37686
2026-06-17 17:02:08 [INFO] Step 45/56 Loss=77.7663 mse=1.3335 v_opt=1.89459 v_mand=1.20987 ptv=0.0652 ptv_max=0.04240 global_ceil=1.76948 ring=0.03466 smooth=1.0111 laplacian=4.0139 anticollapse=0.00000 shell_inner=0.00000 shell_outer=0.00000 homogeneity=0.0000 body=0.00000 bowel=0.05450 femur=0.24449 penile=0.04810 bg=6.13588
2026-06-17 17:02:14 [INFO] Step 50/56 Loss=75.1973 mse=1.5038 v_opt=2.04701 v_mand=1.31614 ptv=0.0716 ptv_max=0.04034 global_ceil=1.36270 ring=0.02631 smooth=1.0749 laplacian=4.2630 anticollapse=0.00000 shell_inner=0.00000 shell_outer=0.00000 homogeneity=0.0000 body=0.00000 bowel=0.05970 femur=0.19518 penile=0.09628 bg=7.52187
2026-06-17 17:02:22 [INFO] Step 55/56 Loss=56.1529 mse=1.0356 v_opt=2.46732 v_mand=1.65437 ptv=0.0430 ptv_max=0.01188 global_ceil=1.01280 ring=0.01366 smooth=0.8830 laplacian=3.4966 anticollapse=0.00000 shell_inner=0.00000 shell_outer=0.00000 homogeneity=0.0000 body=0.00000 bowel=0.06398 femur=0.12924 penile=0.00000 bg=5.65690
2026-06-17 17:02:22 [INFO] Step 56/56 Loss=67.9498 mse=0.9867 v_opt=1.96684 v_mand=1.25771 ptv=0.0703 ptv_max=0.02468 global_ceil=1.72823 ring=0.01698 smooth=0.9953 laplacian=3.9373 anticollapse=0.00001 shell_inner=0.00000 shell_outer=0.00000 homogeneity=0.0000 body=0.00000 bowel=0.05898 femur=0.19301 penile=0.00241 bg=5.56896
2026-06-17 17:02:22 [INFO] Running validation at epoch 2...
2026-06-17 17:03:02 [INFO] Epoch 2 Summary: Train=94.6092 Val=0.1154 (MSE=0.1154)
          Coverage D95:  PTV_62_20_D95=32.44Gy  PTV_44_20_D95=34.60Gy
          SIB Means:    PTV_62_20=57.17Gy PTV_44_20=55.54Gy
          OAR Metrics:  Bladder=54.37Gy Rectum=56.81Gy Bowel=56.83Gy Femur=56.13Gy Ring=55.56Gy Penile=56.44Gy
          Physics:      Dmax=129.20Gy BG=57.94Gy HI=0.983 CI=184.73
2026-06-17 17:03:02 [INFO] [DIAGNOSTIC] Saved fallback model MSE=0.1154
2026-06-17 17:03:02 [INFO] Epoch 3/300 [RAMP 3/30 (10% of physics)] ramp=0.100 lr=1.00e-04
2026-06-17 17:03:10 [INFO] Step 5/56 Loss=102.8174 mse=1.6068 v_opt=1.72524 v_mand=1.07988 ptv=0.0701 ptv_max=0.04094 global_ceil=1.65955 ring=0.03395 smooth=1.1024 laplacian=4.3759 anticollapse=0.00000 shell_inner=0.00000 shell_outer=0.00000 homogeneity=0.0000 body=0.00000 bowel=0.05768 femur=0.19234 penile=0.01439 bg=6.17755
2026-06-17 17:03:15 [INFO] Step 10/56 Loss=67.5591 mse=0.8753 v_opt=1.95979 v_mand=1.48275 ptv=0.0000 ptv_max=0.00000 global_ceil=1.09394 ring=0.00000 smooth=0.9679 laplacian=3.8432 anticollapse=0.00000 shell_inner=0.00000 shell_outer=0.00000 homogeneity=0.0000 body=0.00000 bowel=0.06664 femur=0.00000 penile=0.00000 bg=4.84544
2026-06-17 17:03:23 [INFO] Step 15/56 Loss=74.6329 mse=1.2437 v_opt=1.84133 v_mand=1.15286 ptv=0.0677 ptv_max=0.02226 global_ceil=1.02181 ring=0.01912 smooth=0.9238 laplacian=3.6567 anticollapse=0.00000 shell_inner=0.00000 shell_outer=0.00000 homogeneity=0.0000 body=0.00000 bowel=0.05787 femur=0.18998 penile=0.01292 bg=5.94092
2026-06-17 17:03:28 [INFO] Step 20/56 Loss=60.2806 mse=0.9958 v_opt=1.91555 v_mand=1.20706 ptv=0.0630 ptv_max=0.01614 global_ceil=0.74002 ring=0.01236 smooth=0.5421 laplacian=2.1363 anticollapse=0.00000 shell_inner=0.00000 shell_outer=0.00000 homogeneity=0.0000 body=0.00000 bowel=0.08184 femur=0.16448 penile=0.02088 bg=6.03640
