2026-06-10 16:23:14 [INFO] Training log started: logs/training_20260610_162314.log
2026-06-10 16:23:14 [INFO] PATCH_SIZE=(128, 128, 64), GRAD_ACCUM_STEPS=2
2026-06-10 16:23:14 [INFO] Loading clinical constraints (inline config) ...
2026-06-10 16:23:15 [INFO] Curriculum ramp: lambda_mse=25.0 constant, physics lambdas 0 -> target over 5 epochs
2026-06-10 16:23:15 [INFO] Model ready on cuda, epochs=10, AMP=ON
2026-06-10 16:23:15 [INFO] Epoch 1/10 [RAMP 1/5 (20% of physics)] ramp=0.200 lr=1.00e-04
2026-06-10 16:25:03 [INFO] Step 5/56 Loss=93.6533 mse=0.7364 v_opt=2.19892 v_mand=1.49547 ptv=0.0218 ptv_max=0.10888 global_ceil=0.84957 ring=0.01148 smooth=0.5675 laplacian=2.2547 anticollapse=0.00000 shell_inner=0.00000 shell_outer=0.00000 homogeneity=0.0000 body=0.00000 bowel=0.03316 femur=0.04137 penile=0.05805 bg=3.55171
2026-06-10 16:26:19 [INFO] Step 10/56 Loss=92.0984 mse=0.6543 v_opt=2.54389 v_mand=1.81740 ptv=0.0119 ptv_max=0.05337 global_ceil=0.80298 ring=0.00526 smooth=0.5224 laplacian=2.0648 anticollapse=0.00000 shell_inner=0.00000 shell_outer=0.00000 homogeneity=0.0000 body=0.00000 bowel=0.00000 femur=0.06938 penile=0.07436 bg=3.75643
2026-06-10 16:28:03 [INFO] Step 15/56 Loss=105.7314 mse=0.7399 v_opt=2.46124 v_mand=1.72390 ptv=0.0198 ptv_max=0.09937 global_ceil=1.00789 ring=0.00954 smooth=0.5277 laplacian=2.0927 anticollapse=0.00000 shell_inner=0.00000 shell_outer=0.00000 homogeneity=0.0000 body=0.00000 bowel=0.04510 femur=0.04639 penile=0.02337 bg=3.66149
2026-06-10 16:29:18 [INFO] Step 20/56 Loss=96.5035 mse=0.6935 v_opt=2.54676 v_mand=1.75447 ptv=0.0171 ptv_max=0.09292 global_ceil=0.97583 ring=0.01280 smooth=0.4259 laplacian=1.6842 anticollapse=0.00000 shell_inner=0.00000 shell_outer=0.00000 homogeneity=0.0000 body=0.00000 bowel=0.03037 femur=0.07170 penile=0.13123 bg=0.34318
2026-06-10 16:31:07 [INFO] Step 25/56 Loss=123.9163 mse=0.9074 v_opt=2.79941 v_mand=2.03794 ptv=0.0142 ptv_max=0.17460 global_ceil=1.17386 ring=0.01662 smooth=0.6143 laplacian=2.4355 anticollapse=0.00000 shell_inner=0.00000 shell_outer=0.00000 homogeneity=0.0000 body=0.00000 bowel=0.00238 femur=0.07227 penile=0.05469 bg=3.82223
2026-06-10 16:32:16 [INFO] Step 30/56 Loss=109.2811 mse=0.8348 v_opt=2.32142 v_mand=1.61955 ptv=0.0195 ptv_max=0.09655 global_ceil=1.04501 ring=0.01177 smooth=0.6857 laplacian=2.7247 anticollapse=0.00000 shell_inner=0.00000 shell_outer=0.00000 homogeneity=0.0000 body=0.00000 bowel=0.00079 femur=0.05817 penile=0.04310 bg=3.70651
2026-06-10 16:34:03 [INFO] Step 35/56 Loss=92.5647 mse=0.8028 v_opt=2.97704 v_mand=2.17291 ptv=0.0153 ptv_max=0.08991 global_ceil=0.67880 ring=0.01284 smooth=0.5851 laplacian=2.3225 anticollapse=0.00000 shell_inner=0.00000 shell_outer=0.00000 homogeneity=0.0000 body=0.00000 bowel=0.00399 femur=0.06847 penile=0.02999 bg=3.88307
2026-06-10 16:35:35 [INFO] Step 40/56 Loss=85.1186 mse=0.8969 v_opt=2.34218 v_mand=1.65230 ptv=0.0131 ptv_max=0.07619 global_ceil=0.62060 ring=0.01474 smooth=0.7227 laplacian=2.8826 anticollapse=0.00000 shell_inner=0.00000 shell_outer=0.00000 homogeneity=0.0000 body=0.00000 bowel=0.00240 femur=0.08273 penile=0.02797 bg=3.48095
2026-06-10 16:37:01 [INFO] Step 45/56 Loss=69.1756 mse=0.7686 v_opt=2.13622 v_mand=1.43360 ptv=0.0194 ptv_max=0.04792 global_ceil=0.45076 ring=0.01309 smooth=0.5841 laplacian=2.3217 anticollapse=0.00000 shell_inner=0.00000 shell_outer=0.00000 homogeneity=0.0000 body=0.00000 bowel=0.00229 femur=0.06455 penile=0.02739 bg=3.43733
2026-06-10 16:38:55 [INFO] Step 50/56 Loss=70.2358 mse=0.6238 v_opt=2.39652 v_mand=1.66625 ptv=0.0127 ptv_max=0.05322 global_ceil=0.47514 ring=0.01208 smooth=0.4102 laplacian=1.6207 anticollapse=0.00000 shell_inner=0.00000 shell_outer=0.00000 homogeneity=0.0000 body=0.00000 bowel=0.00166 femur=0.06014 penile=0.14522 bg=3.75530
2026-06-10 16:40:15 [INFO] Step 55/56 Loss=60.3348 mse=0.7226 v_opt=2.15635 v_mand=1.44575 ptv=0.0167 ptv_max=0.04302 global_ceil=0.32616 ring=0.00798 smooth=0.4823 laplacian=1.9112 anticollapse=0.00001 shell_inner=0.00000 shell_outer=0.00000 homogeneity=0.0000 body=0.00000 bowel=0.01090 femur=0.04053 penile=0.02771 bg=3.32708
2026-06-10 16:40:44 [INFO] Step 56/56 Loss=62.5902 mse=0.7378 v_opt=2.64050 v_mand=1.84735 ptv=0.0086 ptv_max=0.01170 global_ceil=0.29229 ring=0.00367 smooth=0.4896 laplacian=1.9435 anticollapse=0.00000 shell_inner=0.00000 shell_outer=0.00000 homogeneity=0.0000 body=0.00000 bowel=0.03015 femur=0.04685 penile=0.02990 bg=3.27869
2026-06-10 16:40:44 [INFO] Running validation at epoch 1...
2026-06-10 16:43:33 [INFO] Epoch 1 Summary: Train=95.2998 Val=0.0726 (MSE=0.0726)
          Coverage D95:  PTV_62_20_D95=45.41Gy  PTV_44_20_D95=35.63Gy
          SIB Means:    PTV_62_20=65.33Gy PTV_44_20=56.38Gy
          OAR Metrics:  Bladder=51.18Gy Rectum=58.76Gy Bowel=49.37Gy Femur=48.71Gy Ring=51.50Gy Penile=53.36Gy
          Physics:      Dmax=104.42Gy BG=48.22Gy HI=0.677 CI=58.33
2026-06-10 16:43:33 [INFO] [DIAGNOSTIC] Saved fallback model MSE=0.0726
2026-06-10 16:43:33 [INFO] Epoch 2/10 [RAMP 2/5 (40% of physics)] ramp=0.400 lr=9.76e-05
2026-06-10 16:43:41 [INFO] Step 5/56 Loss=100.8174 mse=0.7212 v_opt=2.31765 v_mand=1.57661 ptv=0.0200 ptv_max=0.03235 global_ceil=0.30408 ring=0.00958 smooth=0.4746 laplacian=1.8911 anticollapse=0.00000 shell_inner=0.00000 shell_outer=0.00000 homogeneity=0.0000 body=0.00000 bowel=0.00411 femur=0.05215 penile=0.06229 bg=2.84311
2026-06-10 16:43:47 [INFO] Step 10/56 Loss=85.5557 mse=0.5996 v_opt=1.98751 v_mand=1.30827 ptv=0.0173 ptv_max=0.02188 global_ceil=0.24235 ring=0.00395 smooth=0.3454 laplacian=1.3647 anticollapse=0.00000 shell_inner=0.00000 shell_outer=0.00000 homogeneity=0.0000 body=0.00000 bowel=0.02781 femur=0.03474 penile=0.01572 bg=3.14818
2026-06-10 16:43:54 [INFO] Step 15/56 Loss=64.7748 mse=0.6856 v_opt=1.60378 v_mand=0.95577 ptv=0.0208 ptv_max=0.00526 global_ceil=0.11150 ring=0.00250 smooth=0.4198 laplacian=1.6636 anticollapse=0.00000 shell_inner=0.00000 shell_outer=0.00000 homogeneity=0.0000 body=0.00000 bowel=0.08059 femur=0.02566 penile=0.00592 bg=3.14914
2026-06-10 16:43:59 [INFO] Step 20/56 Loss=68.5980 mse=0.6044 v_opt=1.80064 v_mand=1.11980 ptv=0.0138 ptv_max=0.00424 global_ceil=0.13097 ring=0.00218 smooth=0.3531 laplacian=1.4000 anticollapse=0.00000 shell_inner=0.00000 shell_outer=0.00000 homogeneity=0.0000 body=0.00000 bowel=0.11115 femur=0.03143 penile=0.01149 bg=3.15456
2026-06-10 16:44:07 [INFO] Step 25/56 Loss=65.2847 mse=0.6210 v_opt=2.00658 v_mand=1.27297 ptv=0.0134 ptv_max=0.00268 global_ceil=0.08315 ring=0.00189 smooth=0.3041 laplacian=1.2066 anticollapse=0.00000 shell_inner=0.00000 shell_outer=0.00000 homogeneity=0.0000 body=0.00000 bowel=0.01589 femur=0.04101 penile=0.07154 bg=2.93604
2026-06-10 16:44:13 [INFO] Step 30/56 Loss=70.8619 mse=0.6833 v_opt=1.68621 v_mand=1.04858 ptv=0.0199 ptv_max=0.00461 global_ceil=0.15359 ring=0.00287 smooth=0.3439 laplacian=1.3610 anticollapse=0.00000 shell_inner=0.00000 shell_outer=0.00000 homogeneity=0.0000 body=0.00000 bowel=0.02841 femur=0.03561 penile=0.01529 bg=3.01486
2026-06-10 16:44:20 [INFO] Step 35/56 Loss=50.0968 mse=0.6295 v_opt=1.40386 v_mand=0.78048 ptv=0.0249 ptv_max=0.00053 global_ceil=0.03834 ring=0.00044 smooth=0.2931 laplacian=1.1609 anticollapse=0.00000 shell_inner=0.00000 shell_outer=0.00000 homogeneity=0.0000 body=0.00000 bowel=0.03344 femur=0.03126 penile=0.00173 bg=3.02624
2026-06-10 16:44:26 [INFO] Step 40/56 Loss=42.1830 mse=0.3895 v_opt=1.30239 v_mand=0.70018 ptv=0.0300 ptv_max=0.00073 global_ceil=0.03635 ring=0.00017 smooth=0.1862 laplacian=0.7306 anticollapse=0.00000 shell_inner=0.00000 shell_outer=0.00000 homogeneity=0.0000 body=0.00000 bowel=0.05378 femur=0.02022 penile=0.00000 bg=3.00044
2026-06-10 16:44:33 [INFO] Step 45/56 Loss=45.8514 mse=0.5391 v_opt=1.24220 v_mand=0.65645 ptv=0.0293 ptv_max=0.00063 global_ceil=0.04379 ring=0.00044 smooth=0.2719 laplacian=1.0728 anticollapse=0.00000 shell_inner=0.00000 shell_outer=0.00000 homogeneity=0.0000 body=0.00000 bowel=0.04389 femur=0.03330 penile=0.00003 bg=2.98488
2026-06-10 16:44:39 [INFO] Step 50/56 Loss=47.1934 mse=0.5634 v_opt=1.11043 v_mand=0.57628 ptv=0.0411 ptv_max=0.00113 global_ceil=0.07061 ring=0.00081 smooth=0.2431 laplacian=0.9620 anticollapse=0.00000 shell_inner=0.00000 shell_outer=0.00000 homogeneity=0.0000 body=0.00000 bowel=0.03606 femur=0.02845 penile=0.00000 bg=2.75530
2026-06-10 16:44:46 [INFO] Step 55/56 Loss=44.3744 mse=0.5903 v_opt=1.17114 v_mand=0.60174 ptv=0.0257 ptv_max=0.00008 global_ceil=0.03351 ring=0.00017 smooth=0.2398 laplacian=0.9451 anticollapse=0.00000 shell_inner=0.00000 shell_outer=0.00000 homogeneity=0.0000 body=0.00000 bowel=0.04768 femur=0.03051 penile=0.00000 bg=2.91092
2026-06-10 16:44:47 [INFO] Step 56/56 Loss=37.8779 mse=0.5166 v_opt=1.10511 v_mand=0.56556 ptv=0.0339 ptv_max=0.00002 global_ceil=0.01926 ring=0.00011 smooth=0.2385 laplacian=0.9428 anticollapse=0.00000 shell_inner=0.00000 shell_outer=0.00000 homogeneity=0.0000 body=0.00000 bowel=0.02938 femur=0.02573 penile=0.00000 bg=2.36492
2026-06-10 16:44:47 [INFO] Running validation at epoch 2...
2026-06-10 16:45:29 [INFO] Epoch 2 Summary: Train=63.0182 Val=0.0614 (MSE=0.0614)
          Coverage D95:  PTV_62_20_D95=41.11Gy  PTV_44_20_D95=33.71Gy
          SIB Means:    PTV_62_20=52.95Gy PTV_44_20=49.43Gy
          OAR Metrics:  Bladder=45.99Gy Rectum=48.43Gy Bowel=46.03Gy Femur=45.72Gy Ring=46.48Gy Penile=46.97Gy
          Physics:      Dmax=77.15Gy BG=45.77Gy HI=0.465 CI=43.66
2026-06-10 16:45:29 [INFO] [PHYSICS] Saved best model val_loss=0.0614
2026-06-10 16:45:29 [INFO] [CLINICAL] Saved best model Score=111.086 PTV_62_20_D95=41.11Gy PTV_44_20_D95=33.71Gy Bladder=45.99Gy Rectum=48.43Gy
2026-06-10 16:45:29 [INFO] [DIAGNOSTIC] Saved fallback model MSE=0.0614
2026-06-10 16:45:29 [INFO] Epoch 3/10 [RAMP 3/5 (60% of physics)] ramp=0.600 lr=9.05e-05
2026-06-10 16:45:37 [INFO] Step 5/56 Loss=54.2113 mse=0.5266 v_opt=1.05455 v_mand=0.52826 ptv=0.0367 ptv_max=0.00007 global_ceil=0.02894 ring=0.00016 smooth=0.2524 laplacian=1.0018 anticollapse=0.00001 shell_inner=0.00000 shell_outer=0.00000 homogeneity=0.0000 body=0.00000 bowel=0.03614 femur=0.02698 penile=0.01096 bg=2.83449
2026-06-10 16:45:43 [INFO] Step 10/56 Loss=51.4448 mse=0.4297 v_opt=1.22777 v_mand=0.64889 ptv=0.0339 ptv_max=0.00001 global_ceil=0.00475 ring=0.00003 smooth=0.1713 laplacian=0.6672 anticollapse=0.00000 shell_inner=0.00000 shell_outer=0.00000 homogeneity=0.0000 body=0.00000 bowel=0.03700 femur=0.02845 penile=0.00813 bg=2.88758
2026-06-10 16:45:50 [INFO] Step 15/56 Loss=49.9986 mse=0.4535 v_opt=0.92948 v_mand=0.46068 ptv=0.0462 ptv_max=0.00000 global_ceil=0.02667 ring=0.00000 smooth=0.1717 laplacian=0.6711 anticollapse=0.00000 shell_inner=0.00000 shell_outer=0.00000 homogeneity=0.0000 body=0.00000 bowel=0.01002 femur=0.01969 penile=0.00118 bg=2.89150
2026-06-10 16:45:55 [INFO] Step 20/56 Loss=42.7841 mse=0.3704 v_opt=0.94135 v_mand=0.47517 ptv=0.0456 ptv_max=0.00000 global_ceil=0.00149 ring=0.00000 smooth=0.1162 laplacian=0.4504 anticollapse=0.00000 shell_inner=0.00000 shell_outer=0.00000 homogeneity=0.0000 body=0.00000 bowel=0.04385 femur=0.01965 penile=0.00000 bg=2.67517
2026-06-10 16:46:02 [INFO] Step 25/56 Loss=51.7246 mse=0.5900 v_opt=1.03896 v_mand=0.52102 ptv=0.0285 ptv_max=0.00002 global_ceil=0.00985 ring=0.00003 smooth=0.2143 laplacian=0.8441 anticollapse=0.00000 shell_inner=0.00000 shell_outer=0.00000 homogeneity=0.0000 body=0.00000 bowel=0.06273 femur=0.02447 penile=0.00000 bg=2.78360
2026-06-10 16:46:08 [INFO] Step 30/56 Loss=46.1971 mse=0.4639 v_opt=0.96145 v_mand=0.47703 ptv=0.0413 ptv_max=0.00001 global_ceil=0.00604 ring=0.00001 smooth=0.1769 laplacian=0.6935 anticollapse=0.00000 shell_inner=0.00000 shell_outer=0.00000 homogeneity=0.0000 body=0.00000 bowel=0.04814 femur=0.02314 penile=0.00000 bg=2.70700
2026-06-10 16:46:16 [INFO] Step 35/56 Loss=47.4551 mse=0.5314 v_opt=0.91083 v_mand=0.45185 ptv=0.0428 ptv_max=0.00000 global_ceil=0.00745 ring=0.00000 smooth=0.1921 laplacian=0.7599 anticollapse=0.00000 shell_inner=0.00000 shell_outer=0.00000 homogeneity=0.0000 body=0.00000 bowel=0.03869 femur=0.01935 penile=0.00000 bg=2.73879
2026-06-10 16:46:22 [INFO] Step 40/56 Loss=44.5699 mse=0.5365 v_opt=0.83669 v_mand=0.39530 ptv=0.0463 ptv_max=0.00000 global_ceil=0.00182 ring=0.00000 smooth=0.1824 laplacian=0.7223 anticollapse=0.00000 shell_inner=0.00000 shell_outer=0.00000 homogeneity=0.0000 body=0.00000 bowel=0.05755 femur=0.01760 penile=0.00000 bg=2.66188
2026-06-10 16:46:29 [INFO] Step 45/56 Loss=42.1538 mse=0.4304 v_opt=0.80401 v_mand=0.38259 ptv=0.0483 ptv_max=0.00000 global_ceil=0.00512 ring=0.00001 smooth=0.1420 laplacian=0.5503 anticollapse=0.00000 shell_inner=0.00000 shell_outer=0.00000 homogeneity=0.0000 body=0.00000 bowel=0.04293 femur=0.01443 penile=0.00000 bg=2.69328
2026-06-10 16:46:35 [INFO] Step 50/56 Loss=43.9663 mse=0.5437 v_opt=0.74675 v_mand=0.33315 ptv=0.0470 ptv_max=0.00001 global_ceil=0.00594 ring=0.00002 smooth=0.2001 laplacian=0.7966 anticollapse=0.00000 shell_inner=0.00000 shell_outer=0.00000 homogeneity=0.0000 body=0.00000 bowel=0.05139 femur=0.02240 penile=0.00000 bg=2.73527
2026-06-10 16:46:42 [INFO] Step 55/56 Loss=45.5260 mse=0.4119 v_opt=1.01322 v_mand=0.53253 ptv=0.0496 ptv_max=0.00000 global_ceil=0.00021 ring=0.00000 smooth=0.1121 laplacian=0.4352 anticollapse=0.00000 shell_inner=0.00000 shell_outer=0.00000 homogeneity=0.0000 body=0.00000 bowel=0.05892 femur=0.01815 penile=0.00000 bg=2.65758
2026-06-10 16:46:43 [INFO] Step 56/56 Loss=40.8348 mse=0.4361 v_opt=0.77285 v_mand=0.35689 ptv=0.0513 ptv_max=0.00000 global_ceil=0.00198 ring=0.00000 smooth=0.1635 laplacian=0.6422 anticollapse=0.00000 shell_inner=0.00000 shell_outer=0.00000 homogeneity=0.0000 body=0.00000 bowel=0.05298 femur=0.01788 penile=0.00000 bg=2.64382
2026-06-10 16:46:43 [INFO] Running validation at epoch 3...
2026-06-10 16:47:24 [INFO] Epoch 3 Summary: Train=47.0139 Val=0.0563 (MSE=0.0563)
          Coverage D95:  PTV_62_20_D95=39.60Gy  PTV_44_20_D95=33.15Gy
          SIB Means:    PTV_62_20=49.42Gy PTV_44_20=47.14Gy
          OAR Metrics:  Bladder=43.95Gy Rectum=44.34Gy Bowel=44.52Gy Femur=44.29Gy Ring=44.37Gy Penile=44.37Gy
          Physics:      Dmax=70.95Gy BG=44.47Gy HI=0.436 CI=0.01
2026-06-10 16:47:24 [INFO] [PHYSICS] Saved best model val_loss=0.0563
2026-06-10 16:47:24 [INFO] [DIAGNOSTIC] Saved fallback model MSE=0.0563
2026-06-10 16:47:24 [INFO] Epoch 4/10 [RAMP 4/5 (80% of physics)] ramp=0.800 lr=7.96e-05
2026-06-10 16:47:32 [INFO] Step 5/56 Loss=52.9953 mse=0.5083 v_opt=0.74855 v_mand=0.35207 ptv=0.0517 ptv_max=0.00000 global_ceil=0.00432 ring=0.00000 smooth=0.1711 laplacian=0.6715 anticollapse=0.00000 shell_inner=0.00000 shell_outer=0.00000 homogeneity=0.0000 body=0.00000 bowel=0.05018 femur=0.01469 penile=0.00000 bg=2.65496
2026-06-10 16:47:38 [INFO] Step 10/56 Loss=42.5674 mse=0.2214 v_opt=0.67415 v_mand=0.29522 ptv=0.0555 ptv_max=0.00000 global_ceil=0.00118 ring=0.00000 smooth=0.0916 laplacian=0.3641 anticollapse=0.00000 shell_inner=0.00000 shell_outer=0.00000 homogeneity=0.0000 body=0.00000 bowel=0.05538 femur=0.01693 penile=0.00000 bg=2.62284
2026-06-10 16:47:45 [INFO] Step 15/56 Loss=51.0350 mse=0.5189 v_opt=0.68838 v_mand=0.30643 ptv=0.0463 ptv_max=0.00000 global_ceil=0.00303 ring=0.00000 smooth=0.1694 laplacian=0.6601 anticollapse=0.00000 shell_inner=0.00000 shell_outer=0.00000 homogeneity=0.0000 body=0.00000 bowel=0.04437 femur=0.01876 penile=0.00000 bg=2.68468
2026-06-10 16:47:51 [INFO] Step 20/56 Loss=53.6792 mse=0.3802 v_opt=0.90898 v_mand=0.46233 ptv=0.0663 ptv_max=0.00000 global_ceil=0.00000 ring=0.00000 smooth=0.0872 laplacian=0.3313 anticollapse=0.00000 shell_inner=0.00000 shell_outer=0.00000 homogeneity=0.0000 body=0.00000 bowel=0.04785 femur=0.01015 penile=0.00000 bg=2.63868
2026-06-10 16:47:58 [INFO] Step 25/56 Loss=48.2029 mse=0.4194 v_opt=0.70066 v_mand=0.32447 ptv=0.0506 ptv_max=0.00000 global_ceil=0.00255 ring=0.00000 smooth=0.1334 laplacian=0.5190 anticollapse=0.00000 shell_inner=0.00000 shell_outer=0.00000 homogeneity=0.0000 body=0.00000 bowel=0.01321 femur=0.01558 penile=0.00000 bg=2.59781
2026-06-10 16:48:04 [INFO] Step 30/56 Loss=30.9731 mse=0.4507 v_opt=0.73561 v_mand=0.34983 ptv=0.0548 ptv_max=0.00000 global_ceil=0.00043 ring=0.00000 smooth=0.1377 laplacian=0.5405 anticollapse=0.00000 shell_inner=0.00000 shell_outer=0.00000 homogeneity=0.0000 body=0.00000 bowel=0.02983 femur=0.01547 penile=0.00000 bg=0.23176
2026-06-10 16:48:11 [INFO] Step 35/56 Loss=45.0668 mse=0.3443 v_opt=0.65638 v_mand=0.30085 ptv=0.0581 ptv_max=0.00000 global_ceil=0.00041 ring=0.00000 smooth=0.1018 laplacian=0.3943 anticollapse=0.00000 shell_inner=0.00000 shell_outer=0.00000 homogeneity=0.0000 body=0.00000 bowel=0.03186 femur=0.01194 penile=0.00000 bg=2.57752
2026-06-10 16:48:17 [INFO] Step 40/56 Loss=48.0463 mse=0.4051 v_opt=0.65619 v_mand=0.29055 ptv=0.0499 ptv_max=0.00001 global_ceil=0.00680 ring=0.00001 smooth=0.1358 laplacian=0.5316 anticollapse=0.00001 shell_inner=0.00000 shell_outer=0.00000 homogeneity=0.0000 body=0.00000 bowel=0.04309 femur=0.01634 penile=0.00000 bg=2.63087
2026-06-10 16:48:25 [INFO] Step 45/56 Loss=45.1305 mse=0.3732 v_opt=0.62779 v_mand=0.28140 ptv=0.0500 ptv_max=0.00000 global_ceil=0.00134 ring=0.00000 smooth=0.1118 laplacian=0.4280 anticollapse=0.00000 shell_inner=0.00000 shell_outer=0.00000 homogeneity=0.0000 body=0.00000 bowel=0.03564 femur=0.01086 penile=0.00000 bg=2.60071
2026-06-10 16:48:30 [INFO] Step 50/56 Loss=50.8747 mse=0.5241 v_opt=0.69932 v_mand=0.32605 ptv=0.0552 ptv_max=0.00000 global_ceil=0.00004 ring=0.00000 smooth=0.1511 laplacian=0.5970 anticollapse=0.00000 shell_inner=0.00000 shell_outer=0.00000 homogeneity=0.0000 body=0.00000 bowel=0.04135 femur=0.01343 penile=0.00000 bg=2.60961
2026-06-10 16:48:37 [INFO] Step 55/56 Loss=48.0351 mse=0.4592 v_opt=0.57908 v_mand=0.23936 ptv=0.0423 ptv_max=0.00004 global_ceil=0.01537 ring=0.00001 smooth=0.1765 laplacian=0.6958 anticollapse=0.00000 shell_inner=0.00000 shell_outer=0.00000 homogeneity=0.0000 body=0.00000 bowel=0.02861 femur=0.01485 penile=0.00000 bg=2.52787
2026-06-10 16:48:38 [INFO] Step 56/56 Loss=47.3683 mse=0.4554 v_opt=0.58463 v_mand=0.25020 ptv=0.0500 ptv_max=0.00001 global_ceil=0.00670 ring=0.00001 smooth=0.1665 laplacian=0.6511 anticollapse=0.00000 shell_inner=0.00000 shell_outer=0.00000 homogeneity=0.0000 body=0.00000 bowel=0.02696 femur=0.01225 penile=0.00000 bg=2.63260
2026-06-10 16:48:38 [INFO] Running validation at epoch 4...
2026-06-10 16:49:19 [INFO] Epoch 4 Summary: Train=47.7130 Val=0.0540 (MSE=0.0540)
          Coverage D95:  PTV_62_20_D95=39.40Gy  PTV_44_20_D95=32.87Gy
          SIB Means:    PTV_62_20=49.97Gy PTV_44_20=46.82Gy
          OAR Metrics:  Bladder=43.13Gy Rectum=43.14Gy Bowel=43.69Gy Femur=43.49Gy Ring=43.45Gy Penile=43.50Gy
          Physics:      Dmax=72.19Gy BG=43.71Gy HI=0.462 CI=0.03
2026-06-10 16:49:19 [INFO] [PHYSICS] Saved best model val_loss=0.0540
2026-06-10 16:49:19 [INFO] [CLINICAL] Saved best model Score=110.933 PTV_62_20_D95=39.40Gy PTV_44_20_D95=32.87Gy Bladder=43.13Gy Rectum=43.14Gy
2026-06-10 16:49:19 [INFO] [DIAGNOSTIC] Saved fallback model MSE=0.0540
2026-06-10 16:49:19 [INFO] Epoch 5/10 [RAMP 5/5 (100% of physics)] ramp=1.000 lr=6.58e-05
2026-06-10 16:49:26 [INFO] Step 5/56 Loss=57.5419 mse=0.4848 v_opt=0.59099 v_mand=0.24883 ptv=0.0494 ptv_max=0.00001 global_ceil=0.00806 ring=0.00001 smooth=0.1886 laplacian=0.7459 anticollapse=0.00001 shell_inner=0.00000 shell_outer=0.00000 homogeneity=0.0000 body=0.00000 bowel=0.04371 femur=0.01421 penile=0.00000 bg=2.61483
2026-06-10 16:49:32 [INFO] Step 10/56 Loss=57.5276 mse=0.4450 v_opt=0.72254 v_mand=0.33446 ptv=0.0392 ptv_max=0.00000 global_ceil=0.00013 ring=0.00000 smooth=0.1314 laplacian=0.5086 anticollapse=0.00000 shell_inner=0.00000 shell_outer=0.00000 homogeneity=0.0000 body=0.00000 bowel=0.04183 femur=0.01440 penile=0.00000 bg=2.55163
2026-06-10 16:49:39 [INFO] Step 15/56 Loss=46.7191 mse=0.2314 v_opt=0.55956 v_mand=0.23489 ptv=0.0476 ptv_max=0.00000 global_ceil=0.00239 ring=0.00001 smooth=0.0835 laplacian=0.3315 anticollapse=0.00000 shell_inner=0.00000 shell_outer=0.00000 homogeneity=0.0000 body=0.00000 bowel=0.03565 femur=0.01478 penile=0.00000 bg=2.44353
2026-06-10 16:49:45 [INFO] Step 20/56 Loss=54.3277 mse=0.4047 v_opt=0.62051 v_mand=0.27570 ptv=0.0534 ptv_max=0.00000 global_ceil=0.00100 ring=0.00000 smooth=0.1379 laplacian=0.5376 anticollapse=0.00000 shell_inner=0.00000 shell_outer=0.00000 homogeneity=0.0000 body=0.00000 bowel=0.01998 femur=0.01111 penile=0.00000 bg=2.59146
2026-06-10 16:49:53 [INFO] Step 25/56 Loss=52.8824 mse=0.4637 v_opt=0.52960 v_mand=0.20120 ptv=0.0476 ptv_max=0.00001 global_ceil=0.00551 ring=0.00001 smooth=0.1764 laplacian=0.6947 anticollapse=0.00000 shell_inner=0.00000 shell_outer=0.00000 homogeneity=0.0000 body=0.00000 bowel=0.03672 femur=0.01179 penile=0.00000 bg=2.55101
2026-06-10 16:49:59 [INFO] Step 30/56 Loss=52.6271 mse=0.4744 v_opt=0.51880 v_mand=0.19482 ptv=0.0534 ptv_max=0.00001 global_ceil=0.00682 ring=0.00001 smooth=0.1479 laplacian=0.5814 anticollapse=0.00000 shell_inner=0.00000 shell_outer=0.00000 homogeneity=0.0000 body=0.00000 bowel=0.01711 femur=0.01210 penile=0.00000 bg=2.49955
2026-06-10 16:50:06 [INFO] Step 35/56 Loss=56.6765 mse=0.4924 v_opt=0.65710 v_mand=0.29606 ptv=0.0500 ptv_max=0.00000 global_ceil=0.00013 ring=0.00000 smooth=0.1304 laplacian=0.5147 anticollapse=0.00000 shell_inner=0.00000 shell_outer=0.00000 homogeneity=0.0000 body=0.00000 bowel=0.02013 femur=0.01068 penile=0.00000 bg=2.54045
2026-06-10 16:50:12 [INFO] Step 40/56 Loss=50.3245 mse=0.3930 v_opt=0.52587 v_mand=0.20603 ptv=0.0306 ptv_max=0.00000 global_ceil=0.00452 ring=0.00005 smooth=0.1183 laplacian=0.4626 anticollapse=0.00000 shell_inner=0.00000 shell_outer=0.00000 homogeneity=0.0000 body=0.00000 bowel=0.04777 femur=0.01613 penile=0.00000 bg=2.54038
2026-06-10 16:50:19 [INFO] Step 45/56 Loss=50.4890 mse=0.2872 v_opt=0.64165 v_mand=0.28713 ptv=0.0498 ptv_max=0.00000 global_ceil=0.00007 ring=0.00000 smooth=0.0684 laplacian=0.2621 anticollapse=0.00000 shell_inner=0.00000 shell_outer=0.00000 homogeneity=0.0000 body=0.00000 bowel=0.01413 femur=0.00774 penile=0.00000 bg=2.50471
2026-06-10 16:50:25 [INFO] Step 50/56 Loss=52.1775 mse=0.4241 v_opt=0.57780 v_mand=0.24288 ptv=0.0536 ptv_max=0.00000 global_ceil=0.00001 ring=0.00000 smooth=0.1089 laplacian=0.4233 anticollapse=0.00001 shell_inner=0.00000 shell_outer=0.00000 homogeneity=0.0000 body=0.00000 bowel=0.03105 femur=0.00863 penile=0.00000 bg=2.51833
2026-06-10 16:50:33 [INFO] Step 55/56 Loss=51.0507 mse=0.5366 v_opt=0.50837 v_mand=0.18175 ptv=0.0458 ptv_max=0.00000 global_ceil=0.00088 ring=0.00000 smooth=0.1698 laplacian=0.6704 anticollapse=0.00000 shell_inner=0.00000 shell_outer=0.00000 homogeneity=0.0000 body=0.00000 bowel=0.03778 femur=0.01167 penile=0.00000 bg=2.43352
2026-06-10 16:50:33 [INFO] Step 56/56 Loss=52.4213 mse=0.4805 v_opt=0.53936 v_mand=0.20840 ptv=0.0464 ptv_max=0.00000 global_ceil=0.00220 ring=0.00000 smooth=0.1688 laplacian=0.6637 anticollapse=0.00000 shell_inner=0.00000 shell_outer=0.00000 homogeneity=0.0000 body=0.00000 bowel=0.03808 femur=0.00974 penile=0.00000 bg=2.53073
2026-06-10 16:50:34 [INFO] Running validation at epoch 5...
2026-06-10 16:51:16 [INFO] Epoch 5 Summary: Train=51.4451 Val=0.0521 (MSE=0.0521)
          Coverage D95:  PTV_62_20_D95=39.77Gy  PTV_44_20_D95=32.97Gy
          SIB Means:    PTV_62_20=50.16Gy PTV_44_20=46.56Gy
          OAR Metrics:  Bladder=42.73Gy Rectum=43.56Gy Bowel=43.13Gy Femur=42.94Gy Ring=43.03Gy Penile=43.31Gy
          Physics:      Dmax=73.23Gy BG=43.13Gy HI=0.457 CI=0.03
2026-06-10 16:51:16 [INFO] [PHYSICS] Saved best model val_loss=0.0521
2026-06-10 16:51:16 [INFO] [CLINICAL] Saved best model Score=110.243 PTV_62_20_D95=39.77Gy PTV_44_20_D95=32.97Gy Bladder=42.73Gy Rectum=43.56Gy
2026-06-10 16:51:16 [INFO] [DIAGNOSTIC] Saved fallback model MSE=0.0521
2026-06-10 16:51:16 [INFO] Epoch 6/10 [FULL PHYSICS] ramp=1.000 lr=5.05e-05
2026-06-10 16:51:24 [INFO] Step 5/56 Loss=53.8353 mse=0.5492 v_opt=0.57161 v_mand=0.21891 ptv=0.0319 ptv_max=0.00001 global_ceil=0.00332 ring=0.00001 smooth=0.1469 laplacian=0.5740 anticollapse=0.00000 shell_inner=0.00000 shell_outer=0.00000 homogeneity=0.0000 body=0.00000 bowel=0.02362 femur=0.01202 penile=0.00000 bg=2.49464
2026-06-10 16:51:30 [INFO] Step 10/56 Loss=45.7199 mse=0.2898 v_opt=0.37743 v_mand=0.18268 ptv=0.0672 ptv_max=0.00000 global_ceil=0.00000 ring=0.00000 smooth=0.0594 laplacian=0.2252 anticollapse=0.00000 shell_inner=0.00000 shell_outer=0.00000 homogeneity=0.0000 body=0.00000 bowel=0.02756 femur=0.00818 penile=0.00000 bg=2.50056
2026-06-10 16:51:37 [INFO] Step 15/56 Loss=49.2684 mse=0.4408 v_opt=0.50873 v_mand=0.18195 ptv=0.0432 ptv_max=0.00001 global_ceil=0.00639 ring=0.00001 smooth=0.1475 laplacian=0.5740 anticollapse=0.00000 shell_inner=0.00000 shell_outer=0.00000 homogeneity=0.0000 body=0.00000 bowel=0.02697 femur=0.01103 penile=0.00000 bg=2.35967
2026-06-10 16:51:43 [INFO] Step 20/56 Loss=51.1743 mse=0.4852 v_opt=0.50669 v_mand=0.19172 ptv=0.0490 ptv_max=0.00000 global_ceil=0.00292 ring=0.00001 smooth=0.1234 laplacian=0.4849 anticollapse=0.00000 shell_inner=0.00000 shell_outer=0.00000 homogeneity=0.0000 body=0.00000 bowel=0.01502 femur=0.00781 penile=0.00492 bg=2.48767
2026-06-10 16:51:51 [INFO] Step 25/56 Loss=52.3210 mse=0.3774 v_opt=0.62318 v_mand=0.26990 ptv=0.0599 ptv_max=0.00000 global_ceil=0.00000 ring=0.00000 smooth=0.0971 laplacian=0.3718 anticollapse=0.00000 shell_inner=0.00000 shell_outer=0.00000 homogeneity=0.0000 body=0.00000 bowel=0.03648 femur=0.00946 penile=0.00000 bg=2.47031
2026-06-10 16:51:56 [INFO] Step 30/56 Loss=45.7653 mse=0.3738 v_opt=0.47742 v_mand=0.16877 ptv=0.0495 ptv_max=0.00000 global_ceil=0.00035 ring=0.00000 smooth=0.1253 laplacian=0.4865 anticollapse=0.00000 shell_inner=0.00000 shell_outer=0.00000 homogeneity=0.0000 body=0.00000 bowel=0.02836 femur=0.00842 penile=0.00000 bg=2.40475
2026-06-10 16:52:04 [INFO] Step 35/56 Loss=46.9546 mse=0.4016 v_opt=0.51311 v_mand=0.19494 ptv=0.0536 ptv_max=0.00000 global_ceil=0.00022 ring=0.00000 smooth=0.1298 laplacian=0.5095 anticollapse=0.00000 shell_inner=0.00000 shell_outer=0.00000 homogeneity=0.0000 body=0.00000 bowel=0.03411 femur=0.00832 penile=0.00000 bg=2.29251
2026-06-10 16:52:09 [INFO] Step 40/56 Loss=48.7822 mse=0.3864 v_opt=0.47815 v_mand=0.17466 ptv=0.0466 ptv_max=0.00001 global_ceil=0.00708 ring=0.00002 smooth=0.1224 laplacian=0.4769 anticollapse=0.00000 shell_inner=0.00000 shell_outer=0.00000 homogeneity=0.0000 body=0.00000 bowel=0.01845 femur=0.00917 penile=0.00000 bg=2.47077
2026-06-10 16:52:18 [INFO] Step 45/56 Loss=45.1369 mse=0.3827 v_opt=0.47644 v_mand=0.17357 ptv=0.0477 ptv_max=0.00000 global_ceil=0.00095 ring=0.00000 smooth=0.1425 laplacian=0.5609 anticollapse=0.00000 shell_inner=0.00000 shell_outer=0.00000 homogeneity=0.0000 body=0.00000 bowel=0.03242 femur=0.00828 penile=0.00000 bg=2.27776
2026-06-10 16:52:23 [INFO] Step 50/56 Loss=46.4333 mse=0.4149 v_opt=0.46897 v_mand=0.16928 ptv=0.0458 ptv_max=0.00000 global_ceil=0.00286 ring=0.00000 smooth=0.1406 laplacian=0.5504 anticollapse=0.00000 shell_inner=0.00000 shell_outer=0.00000 homogeneity=0.0000 body=0.00000 bowel=0.01160 femur=0.01037 penile=0.00000 bg=2.33076
2026-06-10 16:52:30 [INFO] Step 55/56 Loss=51.0110 mse=0.5233 v_opt=0.51154 v_mand=0.18832 ptv=0.0341 ptv_max=0.00000 global_ceil=0.00413 ring=0.00001 smooth=0.1404 laplacian=0.5476 anticollapse=0.00000 shell_inner=0.00000 shell_outer=0.00000 homogeneity=0.0000 body=0.00000 bowel=0.00191 femur=0.00974 penile=0.00000 bg=2.44334
2026-06-10 16:52:30 [INFO] Step 56/56 Loss=45.4519 mse=0.3447 v_opt=0.45877 v_mand=0.16686 ptv=0.0454 ptv_max=0.00002 global_ceil=0.00761 ring=0.00001 smooth=0.1353 laplacian=0.5307 anticollapse=0.00000 shell_inner=0.00000 shell_outer=0.00000 homogeneity=0.0000 body=0.00000 bowel=0.02197 femur=0.00993 penile=0.00000 bg=2.26705
2026-06-10 16:52:31 [INFO] Running validation at epoch 6...
2026-06-10 16:53:11 [INFO] Epoch 6 Summary: Train=47.9635 Val=0.0508 (MSE=0.0508)
          Coverage D95:  PTV_62_20_D95=39.97Gy  PTV_44_20_D95=32.72Gy
          SIB Means:    PTV_62_20=50.33Gy PTV_44_20=46.41Gy
          OAR Metrics:  Bladder=42.77Gy Rectum=43.13Gy Bowel=42.78Gy Femur=42.61Gy Ring=42.76Gy Penile=43.02Gy
          Physics:      Dmax=72.19Gy BG=42.70Gy HI=0.444 CI=0.02
2026-06-10 16:53:11 [INFO] [PHYSICS] Saved best model val_loss=0.0508
2026-06-10 16:53:11 [INFO] [CLINICAL] Saved best model Score=109.213 PTV_62_20_D95=39.97Gy PTV_44_20_D95=32.72Gy Bladder=42.77Gy Rectum=43.13Gy
2026-06-10 16:53:11 [INFO] [DIAGNOSTIC] Saved fallback model MSE=0.0508
2026-06-10 16:53:11 [INFO] Epoch 7/10 [FULL PHYSICS] ramp=1.000 lr=3.52e-05
2026-06-10 16:53:19 [INFO] Step 5/56 Loss=23.9925 mse=0.2897 v_opt=0.54499 v_mand=0.21816 ptv=0.0466 ptv_max=0.00000 global_ceil=0.00006 ring=0.00000 smooth=0.0908 laplacian=0.3472 anticollapse=0.00000 shell_inner=0.00000 shell_outer=0.00000 homogeneity=0.0000 body=0.00000 bowel=0.02769 femur=0.00737 penile=0.00000 bg=0.20474
2026-06-10 16:53:25 [INFO] Step 10/56 Loss=44.6160 mse=0.2920 v_opt=0.46923 v_mand=0.16380 ptv=0.0397 ptv_max=0.00002 global_ceil=0.00415 ring=0.00001 smooth=0.1033 laplacian=0.3988 anticollapse=0.00000 shell_inner=0.00000 shell_outer=0.00000 homogeneity=0.0000 body=0.00000 bowel=0.03976 femur=0.00930 penile=0.00000 bg=2.43556
2026-06-10 16:53:32 [INFO] Step 15/56 Loss=46.2255 mse=0.4242 v_opt=0.49512 v_mand=0.19310 ptv=0.0439 ptv_max=0.00000 global_ceil=0.00008 ring=0.00000 smooth=0.1187 laplacian=0.4678 anticollapse=0.00000 shell_inner=0.00000 shell_outer=0.00000 homogeneity=0.0000 body=0.00000 bowel=0.01571 femur=0.00908 penile=0.00000 bg=2.25160
2026-06-10 16:53:38 [INFO] Step 20/56 Loss=45.9414 mse=0.3949 v_opt=0.46528 v_mand=0.17004 ptv=0.0422 ptv_max=0.00000 global_ceil=0.00058 ring=0.00000 smooth=0.0982 laplacian=0.3775 anticollapse=0.00000 shell_inner=0.00000 shell_outer=0.00000 homogeneity=0.0000 body=0.00000 bowel=0.01612 femur=0.00821 penile=0.00000 bg=2.41347
2026-06-10 16:53:45 [INFO] Step 25/56 Loss=46.0844 mse=0.4171 v_opt=0.45316 v_mand=0.15829 ptv=0.0469 ptv_max=0.00001 global_ceil=0.00234 ring=0.00000 smooth=0.1094 laplacian=0.4265 anticollapse=0.00000 shell_inner=0.00000 shell_outer=0.00000 homogeneity=0.0000 body=0.00000 bowel=0.01750 femur=0.00796 penile=0.00000 bg=2.35596
2026-06-10 16:53:51 [INFO] Step 30/56 Loss=42.9187 mse=0.3254 v_opt=0.49156 v_mand=0.19085 ptv=0.0454 ptv_max=0.00000 global_ceil=0.00019 ring=0.00000 smooth=0.0935 laplacian=0.3604 anticollapse=0.00000 shell_inner=0.00000 shell_outer=0.00000 homogeneity=0.0000 body=0.00000 bowel=0.01056 femur=0.00714 penile=0.00000 bg=2.18239
2026-06-10 16:53:59 [INFO] Step 35/56 Loss=46.2014 mse=0.4254 v_opt=0.42492 v_mand=0.14046 ptv=0.0493 ptv_max=0.00000 global_ceil=0.00366 ring=0.00000 smooth=0.1556 laplacian=0.6179 anticollapse=0.00000 shell_inner=0.00000 shell_outer=0.00000 homogeneity=0.0000 body=0.00000 bowel=0.02658 femur=0.00766 penile=0.00000 bg=2.37276
2026-06-10 16:54:04 [INFO] Step 40/56 Loss=46.2804 mse=0.4108 v_opt=0.50549 v_mand=0.19422 ptv=0.0466 ptv_max=0.00000 global_ceil=0.00006 ring=0.00000 smooth=0.1225 laplacian=0.4785 anticollapse=0.00000 shell_inner=0.00000 shell_outer=0.00000 homogeneity=0.0000 body=0.00000 bowel=0.02653 femur=0.00863 penile=0.00000 bg=2.25511
2026-06-10 16:54:11 [INFO] Step 45/56 Loss=44.9589 mse=0.4078 v_opt=0.42488 v_mand=0.14893 ptv=0.0462 ptv_max=0.00000 global_ceil=0.00088 ring=0.00000 smooth=0.1236 laplacian=0.4835 anticollapse=0.00000 shell_inner=0.00000 shell_outer=0.00000 homogeneity=0.0000 body=0.00000 bowel=0.01612 femur=0.00811 penile=0.00000 bg=2.36675
2026-06-10 16:54:17 [INFO] Step 50/56 Loss=45.7072 mse=0.4191 v_opt=0.47630 v_mand=0.18215 ptv=0.0445 ptv_max=0.00000 global_ceil=0.00003 ring=0.00000 smooth=0.1211 laplacian=0.4783 anticollapse=0.00000 shell_inner=0.00000 shell_outer=0.00000 homogeneity=0.0000 body=0.00000 bowel=0.01950 femur=0.00684 penile=0.00000 bg=2.26633
2026-06-10 16:54:24 [INFO] Step 55/56 Loss=45.0831 mse=0.3820 v_opt=0.44127 v_mand=0.15472 ptv=0.0292 ptv_max=0.00001 global_ceil=0.00227 ring=0.00002 smooth=0.1009 laplacian=0.3925 anticollapse=0.00000 shell_inner=0.00000 shell_outer=0.00000 homogeneity=0.0000 body=0.00000 bowel=0.02754 femur=0.01329 penile=0.00000 bg=2.42595
2026-06-10 16:54:26 [INFO] Step 56/56 Loss=48.6539 mse=0.3801 v_opt=0.53236 v_mand=0.21731 ptv=0.0732 ptv_max=0.00000 global_ceil=0.00003 ring=0.00000 smooth=0.0808 laplacian=0.3136 anticollapse=0.00000 shell_inner=0.00000 shell_outer=0.00000 homogeneity=0.0000 body=0.00000 bowel=0.00667 femur=0.00000 penile=0.00000 bg=2.37268
2026-06-10 16:54:26 [INFO] Running validation at epoch 7...
