2026-06-10 15:13:52 [INFO] Training log started: logs/training_20260610_151352.log
2026-06-10 15:13:52 [INFO] PATCH_SIZE=(128, 128, 64), GRAD_ACCUM_STEPS=2
2026-06-10 15:13:52 [INFO] Loading clinical constraints (inline config) ...
2026-06-10 15:13:52 [INFO] Curriculum ramp: lambda_mse=25.0 constant, physics lambdas 0 -> target over 5 epochs
2026-06-10 15:13:52 [INFO] Model ready on cuda, epochs=10, AMP=ON
2026-06-10 15:13:52 [INFO] Epoch 1/10 [RAMP 1/5 (20% of physics)] ramp=0.200 lr=1.00e-04
2026-06-10 15:15:41 [INFO] Step 5/56 Loss=523.2516 mse=1.4993 v_opt=0.00000 v_mand=0.00000 ptv=0.0000 ptv_max=0.00000 global_ceil=7.82777 ring=0.02242 smooth=1.2854 laplacian=5.1054 anticollapse=0.00000 shell_inner=0.00000 shell_outer=0.00000 homogeneity=0.0000 body=0.00000 bowel=0.15701 femur=0.34265 penile=0.04971 bg=7.22355
2026-06-10 15:16:52 [INFO] Step 10/56 Loss=623.8898 mse=1.1010 v_opt=0.00000 v_mand=0.00000 ptv=0.0000 ptv_max=0.00000 global_ceil=9.75074 ring=0.03243 smooth=0.9039 laplacian=3.5754 anticollapse=0.00000 shell_inner=0.00000 shell_outer=0.00000 homogeneity=0.0000 body=0.00000 bowel=0.15032 femur=0.23029 penile=0.00000 bg=5.02262
2026-06-10 15:18:22 [INFO] Step 15/56 Loss=386.3352 mse=1.2613 v_opt=0.00000 v_mand=0.00000 ptv=0.0000 ptv_max=0.00000 global_ceil=5.68223 ring=0.01615 smooth=1.1055 laplacian=4.3782 anticollapse=0.00000 shell_inner=0.00000 shell_outer=0.00000 homogeneity=0.0000 body=0.00000 bowel=0.17956 femur=0.19296 penile=0.06664 bg=6.24247
2026-06-10 15:20:00 [INFO] Step 20/56 Loss=509.9818 mse=0.8512 v_opt=0.00000 v_mand=0.00000 ptv=0.0000 ptv_max=0.00000 global_ceil=7.91434 ring=0.01719 smooth=0.9433 laplacian=3.7266 anticollapse=0.00000 shell_inner=0.00000 shell_outer=0.00000 homogeneity=0.0000 body=0.00000 bowel=0.18076 femur=0.19557 penile=0.04624 bg=6.25957
2026-06-10 15:21:06 [INFO] Step 25/56 Loss=553.7994 mse=1.7690 v_opt=0.00000 v_mand=0.00000 ptv=0.0000 ptv_max=0.00000 global_ceil=8.18268 ring=0.04831 smooth=1.4374 laplacian=5.6985 anticollapse=0.00000 shell_inner=0.00000 shell_outer=0.00000 homogeneity=0.0000 body=0.00000 bowel=0.17721 femur=0.30242 penile=0.04081 bg=8.41686
2026-06-10 15:22:43 [INFO] Step 30/56 Loss=587.0821 mse=1.5626 v_opt=0.00000 v_mand=0.00000 ptv=0.0000 ptv_max=0.00000 global_ceil=8.88020 ring=0.01907 smooth=1.6292 laplacian=6.4930 anticollapse=0.00000 shell_inner=0.00000 shell_outer=0.00000 homogeneity=0.0000 body=0.00000 bowel=0.12625 femur=0.44374 penile=0.00000 bg=6.73911
2026-06-10 15:23:54 [INFO] Step 35/56 Loss=409.7724 mse=1.5932 v_opt=0.00000 v_mand=0.00000 ptv=0.0000 ptv_max=0.00000 global_ceil=5.88725 ring=0.02745 smooth=1.2569 laplacian=4.9869 anticollapse=0.00000 shell_inner=0.00000 shell_outer=0.00000 homogeneity=0.0000 body=0.00000 bowel=0.15719 femur=0.35298 penile=0.09370 bg=7.46211
2026-06-10 15:25:32 [INFO] Step 40/56 Loss=413.2916 mse=1.5021 v_opt=0.00000 v_mand=0.00000 ptv=0.0000 ptv_max=0.00000 global_ceil=5.99826 ring=0.02894 smooth=1.1541 laplacian=4.5699 anticollapse=0.00000 shell_inner=0.00000 shell_outer=0.00000 homogeneity=0.0000 body=0.00000 bowel=0.17679 femur=0.27382 penile=0.10733 bg=7.07473
2026-06-10 15:26:47 [INFO] Step 45/56 Loss=111.0520 mse=0.6649 v_opt=0.00000 v_mand=0.00000 ptv=0.0000 ptv_max=0.00000 global_ceil=1.39325 ring=0.00000 smooth=0.8303 laplacian=3.2919 anticollapse=0.00000 shell_inner=0.00000 shell_outer=0.00000 homogeneity=0.0000 body=0.00000 bowel=0.13933 femur=0.00000 penile=0.00000 bg=5.11630
2026-06-10 15:28:17 [INFO] Step 50/56 Loss=244.0974 mse=1.2830 v_opt=0.00000 v_mand=0.00000 ptv=0.0000 ptv_max=0.00000 global_ceil=3.29110 ring=0.04486 smooth=0.8630 laplacian=3.4155 anticollapse=0.00000 shell_inner=0.00000 shell_outer=0.00000 homogeneity=0.0000 body=0.00000 bowel=0.17418 femur=0.24503 penile=0.10234 bg=6.46066
2026-06-10 15:29:35 [INFO] Step 55/56 Loss=211.6790 mse=0.8794 v_opt=0.00000 v_mand=0.00000 ptv=0.0000 ptv_max=0.00000 global_ceil=2.95189 ring=0.03154 smooth=0.8422 laplacian=3.3258 anticollapse=0.00000 shell_inner=0.00000 shell_outer=0.00000 homogeneity=0.0000 body=0.00000 bowel=0.18527 femur=0.15939 penile=0.15468 bg=5.52583
2026-06-10 15:29:56 [INFO] Step 56/56 Loss=196.1672 mse=1.3516 v_opt=0.00000 v_mand=0.00000 ptv=0.0000 ptv_max=0.00000 global_ceil=2.50671 ring=0.02694 smooth=0.6865 laplacian=2.7117 anticollapse=0.00000 shell_inner=0.00000 shell_outer=0.00000 homogeneity=0.0000 body=0.00000 bowel=0.17111 femur=0.20754 penile=0.00000 bg=5.37904
2026-06-10 15:29:56 [INFO] Running validation at epoch 1...
2026-06-10 15:32:27 [INFO] Epoch 1 Summary: Train=391.0300 Val=0.1140 (MSE=0.1140)
          Coverage D95:  PTV_62_20_D95=0.00Gy  PTV_44_20_D95=0.00Gy
          SIB Means:    PTV_62_20=0.00Gy PTV_44_20=0.00Gy
          OAR Metrics:  Bladder=56.19Gy Rectum=56.58Gy Bowel=57.61Gy Femur=56.79Gy Ring=0.00Gy Penile=55.44Gy
          Physics:      Dmax=139.95Gy BG=58.33Gy HI=0.000 CI=0.00
2026-06-10 15:32:27 [INFO] [DIAGNOSTIC] Saved fallback model MSE=0.1140
2026-06-10 15:32:27 [INFO] Epoch 2/10 [RAMP 2/5 (40% of physics)] ramp=0.400 lr=9.76e-05
2026-06-10 15:32:35 [INFO] Step 5/56 Loss=461.9201 mse=1.0937 v_opt=0.00000 v_mand=0.00000 ptv=0.0000 ptv_max=0.00000 global_ceil=3.41495 ring=0.00384 smooth=0.8816 laplacian=3.4862 anticollapse=0.00000 shell_inner=0.00000 shell_outer=0.00000 homogeneity=0.0000 body=0.00000 bowel=0.20910 femur=0.19513 penile=0.02327 bg=5.55599
2026-06-10 15:32:41 [INFO] Step 10/56 Loss=302.9071 mse=1.5270 v_opt=0.00000 v_mand=0.00000 ptv=0.0000 ptv_max=0.00000 global_ceil=1.99066 ring=0.03272 smooth=0.8652 laplacian=3.4244 anticollapse=0.00000 shell_inner=0.00000 shell_outer=0.00000 homogeneity=0.0000 body=0.00000 bowel=0.20785 femur=0.21946 penile=0.10800 bg=5.64558
2026-06-10 15:32:49 [INFO] Step 15/56 Loss=444.0591 mse=1.1040 v_opt=0.00000 v_mand=0.00000 ptv=0.0000 ptv_max=0.00000 global_ceil=3.25291 ring=0.03757 smooth=0.9102 laplacian=3.6149 anticollapse=0.00000 shell_inner=0.00000 shell_outer=0.00000 homogeneity=0.0000 body=0.00000 bowel=0.20397 femur=0.20220 penile=0.10953 bg=5.71406
2026-06-10 15:32:55 [INFO] Step 20/56 Loss=406.3471 mse=1.1964 v_opt=0.00000 v_mand=0.00000 ptv=0.0000 ptv_max=0.00000 global_ceil=2.93172 ring=0.00530 smooth=0.6564 laplacian=2.5920 anticollapse=0.00000 shell_inner=0.00000 shell_outer=0.00000 homogeneity=0.0000 body=0.00000 bowel=0.23896 femur=0.19978 penile=0.12236 bg=5.39052
2026-06-10 15:33:01 [INFO] Step 25/56 Loss=184.5551 mse=1.0097 v_opt=0.00000 v_mand=0.00000 ptv=0.0000 ptv_max=0.00000 global_ceil=1.12162 ring=0.00704 smooth=0.5425 laplacian=2.1381 anticollapse=0.00000 shell_inner=0.00000 shell_outer=0.00000 homogeneity=0.0000 body=0.00000 bowel=0.35474 femur=0.17922 penile=0.10190 bg=5.28855
2026-06-10 15:33:07 [INFO] Step 30/56 Loss=143.7015 mse=0.7480 v_opt=0.00000 v_mand=0.00000 ptv=0.0000 ptv_max=0.00000 global_ceil=0.86124 ring=0.00098 smooth=0.4185 laplacian=1.6221 anticollapse=0.00000 shell_inner=0.00000 shell_outer=0.00000 homogeneity=0.0000 body=0.00000 bowel=0.00000 femur=0.13975 penile=0.16401 bg=5.06123
2026-06-10 15:33:14 [INFO] Step 35/56 Loss=181.8049 mse=1.1496 v_opt=0.00000 v_mand=0.00000 ptv=0.0000 ptv_max=0.00000 global_ceil=1.07886 ring=0.01443 smooth=0.5338 laplacian=2.0980 anticollapse=0.00000 shell_inner=0.00000 shell_outer=0.00000 homogeneity=0.0000 body=0.00000 bowel=0.24101 femur=0.15220 penile=0.20141 bg=5.08983
2026-06-10 15:33:20 [INFO] Step 40/56 Loss=176.5582 mse=1.1960 v_opt=0.00000 v_mand=0.00000 ptv=0.0000 ptv_max=0.00000 global_ceil=1.02371 ring=0.01118 smooth=0.4940 laplacian=1.9437 anticollapse=0.00000 shell_inner=0.00000 shell_outer=0.00000 homogeneity=0.0000 body=0.00000 bowel=0.30573 femur=0.15437 penile=0.20066 bg=5.05692
2026-06-10 15:33:28 [INFO] Step 45/56 Loss=154.1076 mse=1.2764 v_opt=0.00000 v_mand=0.00000 ptv=0.0000 ptv_max=0.00000 global_ceil=0.82678 ring=0.01264 smooth=0.4838 laplacian=1.9147 anticollapse=0.00000 shell_inner=0.00000 shell_outer=0.00000 homogeneity=0.0000 body=0.00000 bowel=0.30521 femur=0.18187 penile=0.14670 bg=4.87434
2026-06-10 15:33:33 [INFO] Step 50/56 Loss=101.7779 mse=0.8461 v_opt=0.00000 v_mand=0.00000 ptv=0.0000 ptv_max=0.00000 global_ceil=0.47801 ring=0.01055 smooth=0.3276 laplacian=1.2744 anticollapse=0.00000 shell_inner=0.00000 shell_outer=0.00000 homogeneity=0.0000 body=0.00000 bowel=0.37965 femur=0.13619 penile=0.15690 bg=4.89125
2026-06-10 15:33:41 [INFO] Step 55/56 Loss=83.3391 mse=0.5026 v_opt=0.00000 v_mand=0.00000 ptv=0.0000 ptv_max=0.00000 global_ceil=0.41452 ring=0.01166 smooth=0.1762 laplacian=0.6883 anticollapse=0.00000 shell_inner=0.00000 shell_outer=0.00000 homogeneity=0.0000 body=0.00000 bowel=0.44695 femur=0.13720 penile=0.00000 bg=4.40166
2026-06-10 15:33:41 [INFO] Step 56/56 Loss=73.8390 mse=0.5333 v_opt=0.00000 v_mand=0.00000 ptv=0.0000 ptv_max=0.00000 global_ceil=0.45847 ring=0.00898 smooth=0.1744 laplacian=0.6816 anticollapse=0.00000 shell_inner=0.00000 shell_outer=0.00000 homogeneity=0.0000 body=0.00000 bowel=0.44973 femur=0.13599 penile=0.00000 bg=0.52012
2026-06-10 15:33:42 [INFO] Running validation at epoch 2...
2026-06-10 15:34:22 [INFO] Epoch 2 Summary: Train=230.2009 Val=0.1018 (MSE=0.1018)
          Coverage D95:  PTV_62_20_D95=0.00Gy  PTV_44_20_D95=0.00Gy
          SIB Means:    PTV_62_20=0.00Gy PTV_44_20=0.00Gy
          OAR Metrics:  Bladder=56.46Gy Rectum=57.42Gy Bowel=57.22Gy Femur=56.67Gy Ring=0.00Gy Penile=56.13Gy
          Physics:      Dmax=99.85Gy BG=57.66Gy HI=0.000 CI=0.00
2026-06-10 15:34:22 [INFO] [DIAGNOSTIC] Saved fallback model MSE=0.1018
2026-06-10 15:34:22 [INFO] Epoch 3/10 [RAMP 3/5 (60% of physics)] ramp=0.600 lr=9.05e-05
2026-06-10 15:34:30 [INFO] Step 5/56 Loss=180.4303 mse=0.9907 v_opt=0.00000 v_mand=0.00000 ptv=0.0000 ptv_max=0.00000 global_ceil=0.67135 ring=0.00284 smooth=0.2675 laplacian=1.0397 anticollapse=0.00000 shell_inner=0.00000 shell_outer=0.00000 homogeneity=0.0000 body=0.00000 bowel=0.47422 femur=0.12659 penile=0.18012 bg=4.74886
2026-06-10 15:34:35 [INFO] Step 10/56 Loss=140.8754 mse=1.1178 v_opt=0.00000 v_mand=0.00000 ptv=0.0000 ptv_max=0.00000 global_ceil=0.43322 ring=0.00641 smooth=0.3229 laplacian=1.2635 anticollapse=0.00000 shell_inner=0.00000 shell_outer=0.00000 homogeneity=0.0000 body=0.00000 bowel=0.47325 femur=0.13132 penile=0.20014 bg=4.73209
2026-06-10 15:34:43 [INFO] Step 15/56 Loss=110.0914 mse=1.0417 v_opt=0.00000 v_mand=0.00000 ptv=0.0000 ptv_max=0.00000 global_ceil=0.27447 ring=0.00675 smooth=0.2668 laplacian=1.0387 anticollapse=0.00000 shell_inner=0.00000 shell_outer=0.00000 homogeneity=0.0000 body=0.00000 bowel=0.46754 femur=0.11782 penile=0.18509 bg=4.72381
2026-06-10 15:34:49 [INFO] Step 20/56 Loss=149.5632 mse=1.2203 v_opt=0.00000 v_mand=0.00000 ptv=0.0000 ptv_max=0.00000 global_ceil=0.46573 ring=0.00504 smooth=0.3625 laplacian=1.4288 anticollapse=0.00000 shell_inner=0.00000 shell_outer=0.00000 homogeneity=0.0000 body=0.00000 bowel=0.45837 femur=0.12284 penile=0.18028 bg=4.82701
2026-06-10 15:34:55 [INFO] Step 25/56 Loss=84.3643 mse=0.8236 v_opt=0.00000 v_mand=0.00000 ptv=0.0000 ptv_max=0.00000 global_ceil=0.15741 ring=0.00323 smooth=0.2575 laplacian=0.9938 anticollapse=0.00000 shell_inner=0.00000 shell_outer=0.00000 homogeneity=0.0000 body=0.00000 bowel=0.47928 femur=0.09871 penile=0.22159 bg=4.83166
2026-06-10 15:35:01 [INFO] Step 30/56 Loss=111.0145 mse=1.2212 v_opt=0.00000 v_mand=0.00000 ptv=0.0000 ptv_max=0.00000 global_ceil=0.25362 ring=0.00635 smooth=0.3696 laplacian=1.4603 anticollapse=0.00000 shell_inner=0.00000 shell_outer=0.00000 homogeneity=0.0000 body=0.00000 bowel=0.41293 femur=0.12671 penile=0.00000 bg=5.00216
2026-06-10 15:35:08 [INFO] Step 35/56 Loss=81.6907 mse=0.9813 v_opt=0.00000 v_mand=0.00000 ptv=0.0000 ptv_max=0.00000 global_ceil=0.13636 ring=0.00239 smooth=0.1941 laplacian=0.7472 anticollapse=0.00000 shell_inner=0.00000 shell_outer=0.00000 homogeneity=0.0000 body=0.00000 bowel=0.31179 femur=0.10780 penile=0.20481 bg=4.62822
2026-06-10 15:35:13 [INFO] Step 40/56 Loss=118.4906 mse=1.0829 v_opt=0.00000 v_mand=0.00000 ptv=0.0000 ptv_max=0.00000 global_ceil=0.31213 ring=0.00752 smooth=0.3162 laplacian=1.2406 anticollapse=0.00000 shell_inner=0.00000 shell_outer=0.00000 homogeneity=0.0000 body=0.00000 bowel=0.45416 femur=0.12318 penile=0.17590 bg=4.83842
2026-06-10 15:35:21 [INFO] Step 45/56 Loss=70.1938 mse=0.7749 v_opt=0.00000 v_mand=0.00000 ptv=0.0000 ptv_max=0.00000 global_ceil=0.09712 ring=0.00081 smooth=0.1867 laplacian=0.7210 anticollapse=0.00000 shell_inner=0.00000 shell_outer=0.00000 homogeneity=0.0000 body=0.00000 bowel=0.47264 femur=0.11157 penile=0.19746 bg=4.51647
2026-06-10 15:35:26 [INFO] Step 50/56 Loss=55.6175 mse=0.4899 v_opt=0.00000 v_mand=0.00000 ptv=0.0000 ptv_max=0.00000 global_ceil=0.05673 ring=0.00003 smooth=0.1320 laplacian=0.4986 anticollapse=0.00000 shell_inner=0.00000 shell_outer=0.00000 homogeneity=0.0000 body=0.00000 bowel=0.44346 femur=0.09045 penile=0.24019 bg=4.51649
2026-06-10 15:35:35 [INFO] Step 55/56 Loss=94.9071 mse=1.0714 v_opt=0.00000 v_mand=0.00000 ptv=0.0000 ptv_max=0.00000 global_ceil=0.19444 ring=0.00141 smooth=0.2353 laplacian=0.9213 anticollapse=0.00000 shell_inner=0.00000 shell_outer=0.00000 homogeneity=0.0000 body=0.00000 bowel=0.43046 femur=0.12046 penile=0.19305 bg=4.53171
2026-06-10 15:35:35 [INFO] Step 56/56 Loss=85.5292 mse=1.0341 v_opt=0.00000 v_mand=0.00000 ptv=0.0000 ptv_max=0.00000 global_ceil=0.13662 ring=0.00421 smooth=0.3051 laplacian=1.1963 anticollapse=0.00000 shell_inner=0.00000 shell_outer=0.00000 homogeneity=0.0000 body=0.00000 bowel=0.45063 femur=0.09989 penile=0.18409 bg=4.84320
2026-06-10 15:35:35 [INFO] Running validation at epoch 3...
2026-06-10 15:36:15 [INFO] Epoch 3 Summary: Train=112.6128 Val=0.0960 (MSE=0.0960)
          Coverage D95:  PTV_62_20_D95=0.00Gy  PTV_44_20_D95=0.00Gy
          SIB Means:    PTV_62_20=0.00Gy PTV_44_20=0.00Gy
          OAR Metrics:  Bladder=55.83Gy Rectum=57.34Gy Bowel=56.48Gy Femur=56.12Gy Ring=0.00Gy Penile=56.07Gy
          Physics:      Dmax=82.12Gy BG=56.88Gy HI=0.000 CI=0.00
2026-06-10 15:36:15 [INFO] [DIAGNOSTIC] Saved fallback model MSE=0.0960
2026-06-10 15:36:15 [INFO] Epoch 4/10 [RAMP 4/5 (80% of physics)] ramp=0.800 lr=7.96e-05
2026-06-10 15:36:22 [INFO] Step 5/56 Loss=78.9544 mse=0.7666 v_opt=0.00000 v_mand=0.00000 ptv=0.0000 ptv_max=0.00000 global_ceil=0.06733 ring=0.00128 smooth=0.1638 laplacian=0.6227 anticollapse=0.00000 shell_inner=0.00000 shell_outer=0.00000 homogeneity=0.0000 body=0.00000 bowel=0.45931 femur=0.10454 penile=0.00000 bg=4.63928
2026-06-10 15:36:28 [INFO] Step 10/56 Loss=80.7884 mse=0.7579 v_opt=0.00000 v_mand=0.00000 ptv=0.0000 ptv_max=0.00000 global_ceil=0.07984 ring=0.00214 smooth=0.1706 laplacian=0.6546 anticollapse=0.00000 shell_inner=0.00000 shell_outer=0.00000 homogeneity=0.0000 body=0.00000 bowel=0.46815 femur=0.09351 penile=0.23173 bg=4.28359
2026-06-10 15:36:36 [INFO] Step 15/56 Loss=109.9838 mse=1.0465 v_opt=0.00000 v_mand=0.00000 ptv=0.0000 ptv_max=0.00000 global_ceil=0.16374 ring=0.00208 smooth=0.2526 laplacian=0.9937 anticollapse=0.00000 shell_inner=0.00000 shell_outer=0.00000 homogeneity=0.0000 body=0.00000 bowel=0.45467 femur=0.11886 penile=0.17405 bg=4.55733
2026-06-10 15:36:41 [INFO] Step 20/56 Loss=87.3724 mse=0.9809 v_opt=0.00000 v_mand=0.00000 ptv=0.0000 ptv_max=0.00000 global_ceil=0.08061 ring=0.00052 smooth=0.1979 laplacian=0.7729 anticollapse=0.00000 shell_inner=0.00000 shell_outer=0.00000 homogeneity=0.0000 body=0.00000 bowel=0.43942 femur=0.10235 penile=0.20564 bg=4.44784
2026-06-10 15:36:49 [INFO] Step 25/56 Loss=85.4999 mse=0.9465 v_opt=0.00000 v_mand=0.00000 ptv=0.0000 ptv_max=0.00000 global_ceil=0.07725 ring=0.00128 smooth=0.1746 laplacian=0.6782 anticollapse=0.00000 shell_inner=0.00000 shell_outer=0.00000 homogeneity=0.0000 body=0.00000 bowel=0.43145 femur=0.09224 penile=0.20855 bg=4.44185
2026-06-10 15:36:54 [INFO] Step 30/56 Loss=78.6562 mse=0.8381 v_opt=0.00000 v_mand=0.00000 ptv=0.0000 ptv_max=0.00000 global_ceil=0.06593 ring=0.00055 smooth=0.1448 laplacian=0.5574 anticollapse=0.00000 shell_inner=0.00000 shell_outer=0.00000 homogeneity=0.0000 body=0.00000 bowel=0.46541 femur=0.09401 penile=0.19673 bg=4.22912
2026-06-10 15:37:03 [INFO] Step 35/56 Loss=79.6735 mse=0.6983 v_opt=0.00000 v_mand=0.00000 ptv=0.0000 ptv_max=0.00000 global_ceil=0.07046 ring=0.00041 smooth=0.0914 laplacian=0.3430 anticollapse=0.00000 shell_inner=0.00000 shell_outer=0.00000 homogeneity=0.0000 body=0.00000 bowel=0.66278 femur=0.07725 penile=0.21038 bg=4.37090
2026-06-10 15:37:08 [INFO] Step 40/56 Loss=85.1429 mse=0.9830 v_opt=0.00000 v_mand=0.00000 ptv=0.0000 ptv_max=0.00000 global_ceil=0.06853 ring=0.00057 smooth=0.1937 laplacian=0.7574 anticollapse=0.00000 shell_inner=0.00000 shell_outer=0.00000 homogeneity=0.0000 body=0.00000 bowel=0.52784 femur=0.09166 penile=0.20198 bg=4.40702
2026-06-10 15:37:15 [INFO] Step 45/56 Loss=77.3753 mse=0.7772 v_opt=0.00000 v_mand=0.00000 ptv=0.0000 ptv_max=0.00000 global_ceil=0.06475 ring=0.00048 smooth=0.1373 laplacian=0.5280 anticollapse=0.00000 shell_inner=0.00000 shell_outer=0.00000 homogeneity=0.0000 body=0.00000 bowel=0.44138 femur=0.09662 penile=0.20717 bg=4.31862
2026-06-10 15:37:21 [INFO] Step 50/56 Loss=74.7192 mse=0.9198 v_opt=0.00000 v_mand=0.00000 ptv=0.0000 ptv_max=0.00000 global_ceil=0.03751 ring=0.00069 smooth=0.1487 laplacian=0.5623 anticollapse=0.00000 shell_inner=0.00000 shell_outer=0.00000 homogeneity=0.0000 body=0.00000 bowel=0.47856 femur=0.08662 penile=0.20710 bg=4.31113
2026-06-10 15:37:28 [INFO] Step 55/56 Loss=73.1165 mse=0.7493 v_opt=0.00000 v_mand=0.00000 ptv=0.0000 ptv_max=0.00000 global_ceil=0.05253 ring=0.00122 smooth=0.1909 laplacian=0.7438 anticollapse=0.00000 shell_inner=0.00000 shell_outer=0.00000 homogeneity=0.0000 body=0.00000 bowel=0.43615 femur=0.08711 penile=0.17648 bg=4.28038
2026-06-10 15:37:29 [INFO] Step 56/56 Loss=44.8088 mse=0.9112 v_opt=0.00000 v_mand=0.00000 ptv=0.0000 ptv_max=0.00000 global_ceil=0.05165 ring=0.00054 smooth=0.1732 laplacian=0.6744 anticollapse=0.00000 shell_inner=0.00000 shell_outer=0.00000 homogeneity=0.0000 body=0.00000 bowel=0.42650 femur=0.09315 penile=0.00000 bg=0.45068
2026-06-10 15:37:29 [INFO] Running validation at epoch 4...
2026-06-10 15:38:09 [INFO] Epoch 4 Summary: Train=83.2815 Val=0.0909 (MSE=0.0909)
          Coverage D95:  PTV_62_20_D95=0.00Gy  PTV_44_20_D95=0.00Gy
          SIB Means:    PTV_62_20=0.00Gy PTV_44_20=0.00Gy
          OAR Metrics:  Bladder=54.99Gy Rectum=56.22Gy Bowel=55.45Gy Femur=55.23Gy Ring=0.00Gy Penile=55.19Gy
          Physics:      Dmax=74.36Gy BG=55.80Gy HI=0.000 CI=0.00
2026-06-10 15:38:09 [INFO] [PHYSICS] Saved best model val_loss=0.0909
2026-06-10 15:38:09 [INFO] [CLINICAL] Saved best model Score=242.221 PTV_62_20_D95=0.00Gy PTV_44_20_D95=0.00Gy Bladder=54.99Gy Rectum=56.22Gy
2026-06-10 15:38:09 [INFO] [DIAGNOSTIC] Saved fallback model MSE=0.0909
2026-06-10 15:38:09 [INFO] Epoch 5/10 [RAMP 5/5 (100% of physics)] ramp=1.000 lr=6.58e-05
2026-06-10 15:38:17 [INFO] Step 5/56 Loss=85.7287 mse=0.8207 v_opt=0.00000 v_mand=0.00000 ptv=0.0000 ptv_max=0.00000 global_ceil=0.04957 ring=0.00069 smooth=0.1547 laplacian=0.5982 anticollapse=0.00000 shell_inner=0.00000 shell_outer=0.00000 homogeneity=0.0000 body=0.00000 bowel=0.40381 femur=0.07832 penile=0.18256 bg=4.14877
2026-06-10 15:38:22 [INFO] Step 10/56 Loss=74.3184 mse=0.9366 v_opt=0.00000 v_mand=0.00000 ptv=0.0000 ptv_max=0.00000 global_ceil=0.01865 ring=0.00001 smooth=0.1074 laplacian=0.4040 anticollapse=0.00000 shell_inner=0.00000 shell_outer=0.00000 homogeneity=0.0000 body=0.00000 bowel=0.00000 femur=0.06470 penile=0.20173 bg=4.25296
2026-06-10 15:38:30 [INFO] Step 15/56 Loss=81.5108 mse=0.8857 v_opt=0.00000 v_mand=0.00000 ptv=0.0000 ptv_max=0.00000 global_ceil=0.02601 ring=0.00007 smooth=0.1143 laplacian=0.4301 anticollapse=0.00000 shell_inner=0.00000 shell_outer=0.00000 homogeneity=0.0000 body=0.00000 bowel=0.45071 femur=0.07539 penile=0.20988 bg=4.18295
2026-06-10 15:38:36 [INFO] Step 20/56 Loss=79.3099 mse=0.8776 v_opt=0.00000 v_mand=0.00000 ptv=0.0000 ptv_max=0.00000 global_ceil=0.02601 ring=0.00022 smooth=0.1110 laplacian=0.4309 anticollapse=0.00000 shell_inner=0.00000 shell_outer=0.00000 homogeneity=0.0000 body=0.00000 bowel=0.42874 femur=0.07616 penile=0.17363 bg=4.05113
2026-06-10 15:38:43 [INFO] Step 25/56 Loss=78.1065 mse=0.7850 v_opt=0.00000 v_mand=0.00000 ptv=0.0000 ptv_max=0.00000 global_ceil=0.02845 ring=0.00019 smooth=0.1045 laplacian=0.4001 anticollapse=0.00000 shell_inner=0.00000 shell_outer=0.00000 homogeneity=0.0000 body=0.00000 bowel=0.42871 femur=0.07161 penile=0.17642 bg=4.09174
2026-06-10 15:38:49 [INFO] Step 30/56 Loss=71.6432 mse=0.8719 v_opt=0.00000 v_mand=0.00000 ptv=0.0000 ptv_max=0.00000 global_ceil=0.01054 ring=0.00011 smooth=0.1106 laplacian=0.4267 anticollapse=0.00000 shell_inner=0.00000 shell_outer=0.00000 homogeneity=0.0000 body=0.00000 bowel=0.36604 femur=0.07251 penile=0.15207 bg=3.88233
2026-06-10 15:38:55 [INFO] Step 35/56 Loss=66.0599 mse=0.6161 v_opt=0.00000 v_mand=0.00000 ptv=0.0000 ptv_max=0.00000 global_ceil=0.00403 ring=0.00009 smooth=0.0688 laplacian=0.2560 anticollapse=0.00000 shell_inner=0.00000 shell_outer=0.00000 homogeneity=0.0000 body=0.00000 bowel=0.46508 femur=0.07047 penile=0.19468 bg=3.97460
2026-06-10 15:39:02 [INFO] Step 40/56 Loss=69.2276 mse=0.6747 v_opt=0.00000 v_mand=0.00000 ptv=0.0000 ptv_max=0.00000 global_ceil=0.00256 ring=0.00001 smooth=0.0598 laplacian=0.2181 anticollapse=0.00000 shell_inner=0.00000 shell_outer=0.00000 homogeneity=0.0000 body=0.00000 bowel=0.60430 femur=0.06470 penile=0.17547 bg=4.00655
2026-06-10 15:39:07 [INFO] Step 45/56 Loss=71.9106 mse=0.8042 v_opt=0.00000 v_mand=0.00000 ptv=0.0000 ptv_max=0.00000 global_ceil=0.00676 ring=0.00003 smooth=0.0775 laplacian=0.2921 anticollapse=0.00000 shell_inner=0.00000 shell_outer=0.00000 homogeneity=0.0000 body=0.00000 bowel=0.46922 femur=0.06145 penile=0.16641 bg=4.03789
2026-06-10 15:39:15 [INFO] Step 50/56 Loss=71.9865 mse=0.8625 v_opt=0.00000 v_mand=0.00000 ptv=0.0000 ptv_max=0.00000 global_ceil=0.00671 ring=0.00003 smooth=0.0871 laplacian=0.3371 anticollapse=0.00000 shell_inner=0.00000 shell_outer=0.00000 homogeneity=0.0000 body=0.00000 bowel=0.40169 femur=0.06131 penile=0.16003 bg=4.00762
2026-06-10 15:39:20 [INFO] Step 55/56 Loss=68.7153 mse=0.7689 v_opt=0.00000 v_mand=0.00000 ptv=0.0000 ptv_max=0.00000 global_ceil=0.00392 ring=0.00007 smooth=0.1122 laplacian=0.4226 anticollapse=0.00000 shell_inner=0.00000 shell_outer=0.00000 homogeneity=0.0000 body=0.00000 bowel=0.41234 femur=0.06763 penile=0.17200 bg=3.96126
2026-06-10 15:39:22 [INFO] Step 56/56 Loss=65.1359 mse=0.6307 v_opt=0.00000 v_mand=0.00000 ptv=0.0000 ptv_max=0.00000 global_ceil=0.00985 ring=0.00007 smooth=0.0780 laplacian=0.2924 anticollapse=0.00000 shell_inner=0.00000 shell_outer=0.00000 homogeneity=0.0000 body=0.00000 bowel=0.33584 femur=0.06450 penile=0.00000 bg=4.06470
2026-06-10 15:39:22 [INFO] Running validation at epoch 5...
2026-06-10 15:40:03 [INFO] Epoch 5 Summary: Train=73.7133 Val=0.0862 (MSE=0.0862)
          Coverage D95:  PTV_62_20_D95=0.00Gy  PTV_44_20_D95=0.00Gy
          SIB Means:    PTV_62_20=0.00Gy PTV_44_20=0.00Gy
          OAR Metrics:  Bladder=53.93Gy Rectum=55.26Gy Bowel=54.36Gy Femur=54.21Gy Ring=0.00Gy Penile=54.30Gy
          Physics:      Dmax=68.74Gy BG=54.66Gy HI=0.000 CI=0.00
2026-06-10 15:40:03 [INFO] [PHYSICS] Saved best model val_loss=0.0862
2026-06-10 15:40:03 [INFO] [CLINICAL] Saved best model Score=241.265 PTV_62_20_D95=0.00Gy PTV_44_20_D95=0.00Gy Bladder=53.93Gy Rectum=55.26Gy
2026-06-10 15:40:03 [INFO] [DIAGNOSTIC] Saved fallback model MSE=0.0862
2026-06-10 15:40:03 [INFO] Epoch 6/10 [FULL PHYSICS] ramp=1.000 lr=5.05e-05
2026-06-10 15:40:11 [INFO] Step 5/56 Loss=72.5594 mse=0.9039 v_opt=0.00000 v_mand=0.00000 ptv=0.0000 ptv_max=0.00000 global_ceil=0.00823 ring=0.00015 smooth=0.1221 laplacian=0.4773 anticollapse=0.00000 shell_inner=0.00000 shell_outer=0.00000 homogeneity=0.0000 body=0.00000 bowel=0.35573 femur=0.06922 penile=0.00000 bg=4.13257
2026-06-10 15:40:16 [INFO] Step 10/56 Loss=65.3776 mse=0.6313 v_opt=0.00000 v_mand=0.00000 ptv=0.0000 ptv_max=0.00000 global_ceil=0.00587 ring=0.00008 smooth=0.0892 laplacian=0.3334 anticollapse=0.00000 shell_inner=0.00000 shell_outer=0.00000 homogeneity=0.0000 body=0.00000 bowel=0.40839 femur=0.06696 penile=0.00000 bg=4.09416
2026-06-10 15:40:24 [INFO] Step 15/56 Loss=63.1161 mse=0.6530 v_opt=0.00000 v_mand=0.00000 ptv=0.0000 ptv_max=0.00000 global_ceil=0.00184 ring=0.00000 smooth=0.0650 laplacian=0.2442 anticollapse=0.00000 shell_inner=0.00000 shell_outer=0.00000 homogeneity=0.0000 body=0.00000 bowel=0.44494 femur=0.06303 penile=0.13143 bg=3.75513
2026-06-10 15:40:29 [INFO] Step 20/56 Loss=68.1971 mse=0.7930 v_opt=0.00000 v_mand=0.00000 ptv=0.0000 ptv_max=0.00000 global_ceil=0.00381 ring=0.00003 smooth=0.0925 laplacian=0.3540 anticollapse=0.00000 shell_inner=0.00000 shell_outer=0.00000 homogeneity=0.0000 body=0.00000 bowel=0.34627 femur=0.05955 penile=0.09638 bg=4.03742
2026-06-10 15:40:37 [INFO] Step 25/56 Loss=69.2793 mse=0.8856 v_opt=0.00000 v_mand=0.00000 ptv=0.0000 ptv_max=0.00000 global_ceil=0.00853 ring=0.00008 smooth=0.1244 laplacian=0.4913 anticollapse=0.00000 shell_inner=0.00000 shell_outer=0.00000 homogeneity=0.0000 body=0.00000 bowel=0.30968 femur=0.06510 penile=0.00000 bg=3.91421
2026-06-10 15:40:43 [INFO] Step 30/56 Loss=65.7486 mse=0.8389 v_opt=0.00000 v_mand=0.00000 ptv=0.0000 ptv_max=0.00000 global_ceil=0.00310 ring=0.00004 smooth=0.1018 laplacian=0.3895 anticollapse=0.00000 shell_inner=0.00000 shell_outer=0.00000 homogeneity=0.0000 body=0.00000 bowel=0.32347 femur=0.06562 penile=0.09939 bg=3.72339
2026-06-10 15:40:50 [INFO] Step 35/56 Loss=56.2992 mse=0.3744 v_opt=0.00000 v_mand=0.00000 ptv=0.0000 ptv_max=0.00000 global_ceil=0.00477 ring=0.00002 smooth=0.0527 laplacian=0.2002 anticollapse=0.00000 shell_inner=0.00000 shell_outer=0.00000 homogeneity=0.0000 body=0.00000 bowel=0.35522 femur=0.05696 penile=0.00000 bg=3.95533
2026-06-10 15:40:56 [INFO] Step 40/56 Loss=69.4204 mse=0.8573 v_opt=0.00000 v_mand=0.00000 ptv=0.0000 ptv_max=0.00000 global_ceil=0.00507 ring=0.00000 smooth=0.0846 laplacian=0.3239 anticollapse=0.00000 shell_inner=0.00000 shell_outer=0.00000 homogeneity=0.0000 body=0.00000 bowel=0.41251 femur=0.06036 penile=0.00000 bg=3.95848
2026-06-10 15:41:02 [INFO] Step 45/56 Loss=71.6461 mse=0.9379 v_opt=0.00000 v_mand=0.00000 ptv=0.0000 ptv_max=0.00000 global_ceil=0.00800 ring=0.00007 smooth=0.0978 laplacian=0.3852 anticollapse=0.00000 shell_inner=0.00000 shell_outer=0.00000 homogeneity=0.0000 body=0.00000 bowel=0.31361 femur=0.06302 penile=0.10917 bg=3.92613
2026-06-10 15:41:09 [INFO] Step 50/56 Loss=56.1654 mse=0.5847 v_opt=0.00000 v_mand=0.00000 ptv=0.0000 ptv_max=0.00000 global_ceil=0.00046 ring=0.00000 smooth=0.0483 laplacian=0.1695 anticollapse=0.00000 shell_inner=0.00000 shell_outer=0.00000 homogeneity=0.0000 body=0.00000 bowel=0.00000 femur=0.04946 penile=0.18384 bg=3.90280
2026-06-10 15:41:15 [INFO] Step 55/56 Loss=66.2891 mse=0.8598 v_opt=0.00000 v_mand=0.00000 ptv=0.0000 ptv_max=0.00000 global_ceil=0.00538 ring=0.00002 smooth=0.1047 laplacian=0.4035 anticollapse=0.00000 shell_inner=0.00000 shell_outer=0.00000 homogeneity=0.0000 body=0.00000 bowel=0.29148 femur=0.06288 penile=0.05580 bg=3.75062
2026-06-10 15:41:17 [INFO] Step 56/56 Loss=70.0920 mse=0.8714 v_opt=0.00000 v_mand=0.00000 ptv=0.0000 ptv_max=0.00000 global_ceil=0.00693 ring=0.00001 smooth=0.0885 laplacian=0.3457 anticollapse=0.00000 shell_inner=0.00000 shell_outer=0.00000 homogeneity=0.0000 body=0.00000 bowel=0.35865 femur=0.05691 penile=0.11520 bg=3.90283
2026-06-10 15:41:18 [INFO] Running validation at epoch 6...
2026-06-10 15:41:58 [INFO] Epoch 6 Summary: Train=66.5200 Val=0.0829 (MSE=0.0829)
          Coverage D95:  PTV_62_20_D95=0.00Gy  PTV_44_20_D95=0.00Gy
          SIB Means:    PTV_62_20=0.00Gy PTV_44_20=0.00Gy
          OAR Metrics:  Bladder=53.29Gy Rectum=54.11Gy Bowel=53.45Gy Femur=53.35Gy Ring=0.00Gy Penile=53.36Gy
          Physics:      Dmax=67.16Gy BG=53.71Gy HI=0.000 CI=0.00
2026-06-10 15:41:58 [INFO] [PHYSICS] Saved best model val_loss=0.0829
2026-06-10 15:41:58 [INFO] [CLINICAL] Saved best model Score=240.114 PTV_62_20_D95=0.00Gy PTV_44_20_D95=0.00Gy Bladder=53.29Gy Rectum=54.11Gy
2026-06-10 15:41:58 [INFO] [DIAGNOSTIC] Saved fallback model MSE=0.0829
2026-06-10 15:41:58 [INFO] Epoch 7/10 [FULL PHYSICS] ramp=1.000 lr=3.52e-05
2026-06-10 15:42:06 [INFO] Step 5/56 Loss=58.5461 mse=0.4954 v_opt=0.00000 v_mand=0.00000 ptv=0.0000 ptv_max=0.00000 global_ceil=0.00091 ring=0.00000 smooth=0.0533 laplacian=0.1970 anticollapse=0.00000 shell_inner=0.00000 shell_outer=0.00000 homogeneity=0.0000 body=0.00000 bowel=0.42116 femur=0.00000 penile=0.00000 bg=3.95162
2026-06-10 15:42:12 [INFO] Step 10/56 Loss=31.5682 mse=0.8094 v_opt=0.00000 v_mand=0.00000 ptv=0.0000 ptv_max=0.00000 global_ceil=0.00398 ring=0.00002 smooth=0.0902 laplacian=0.3483 anticollapse=0.00000 shell_inner=0.00000 shell_outer=0.00000 homogeneity=0.0000 body=0.00000 bowel=0.32311 femur=0.05718 penile=0.06913 bg=0.39299
2026-06-10 15:42:20 [INFO] Step 15/56 Loss=64.4271 mse=0.7762 v_opt=0.00000 v_mand=0.00000 ptv=0.0000 ptv_max=0.00000 global_ceil=0.00125 ring=0.00000 smooth=0.1039 laplacian=0.3951 anticollapse=0.00000 shell_inner=0.00000 shell_outer=0.00000 homogeneity=0.0000 body=0.00000 bowel=0.28555 femur=0.06467 penile=0.06890 bg=3.89177
2026-06-10 15:42:26 [INFO] Step 20/56 Loss=58.3303 mse=0.5524 v_opt=0.00000 v_mand=0.00000 ptv=0.0000 ptv_max=0.00000 global_ceil=0.00353 ring=0.00002 smooth=0.0745 laplacian=0.2802 anticollapse=0.00000 shell_inner=0.00000 shell_outer=0.00000 homogeneity=0.0000 body=0.00000 bowel=0.26406 femur=0.05796 penile=0.00000 bg=3.88404
2026-06-10 15:42:33 [INFO] Step 25/56 Loss=63.3793 mse=0.6656 v_opt=0.00000 v_mand=0.00000 ptv=0.0000 ptv_max=0.00000 global_ceil=0.00183 ring=0.00000 smooth=0.0675 laplacian=0.2468 anticollapse=0.00000 shell_inner=0.00000 shell_outer=0.00000 homogeneity=0.0000 body=0.00000 bowel=0.37192 femur=0.05759 penile=0.13089 bg=3.86560
2026-06-10 15:42:39 [INFO] Step 30/56 Loss=64.5667 mse=0.8201 v_opt=0.00000 v_mand=0.00000 ptv=0.0000 ptv_max=0.00000 global_ceil=0.00568 ring=0.00001 smooth=0.0994 laplacian=0.3842 anticollapse=0.00000 shell_inner=0.00000 shell_outer=0.00000 homogeneity=0.0000 body=0.00000 bowel=0.27365 femur=0.05739 penile=0.04771 bg=3.70961
2026-06-10 15:42:46 [INFO] Step 35/56 Loss=66.2996 mse=0.8860 v_opt=0.00000 v_mand=0.00000 ptv=0.0000 ptv_max=0.00000 global_ceil=0.00206 ring=0.00000 smooth=0.1036 laplacian=0.4059 anticollapse=0.00000 shell_inner=0.00000 shell_outer=0.00000 homogeneity=0.0000 body=0.00000 bowel=0.28899 femur=0.05806 penile=0.00000 bg=3.85039
2026-06-10 15:42:52 [INFO] Step 40/56 Loss=62.8165 mse=0.8029 v_opt=0.00000 v_mand=0.00000 ptv=0.0000 ptv_max=0.00000 global_ceil=0.00376 ring=0.00001 smooth=0.0957 laplacian=0.3717 anticollapse=0.00000 shell_inner=0.00000 shell_outer=0.00000 homogeneity=0.0000 body=0.00000 bowel=0.24992 femur=0.06096 penile=0.04435 bg=3.67109
2026-06-10 15:42:59 [INFO] Step 45/56 Loss=65.3038 mse=0.8961 v_opt=0.00000 v_mand=0.00000 ptv=0.0000 ptv_max=0.00000 global_ceil=0.00075 ring=0.00000 smooth=0.0836 laplacian=0.3143 anticollapse=0.00000 shell_inner=0.00000 shell_outer=0.00000 homogeneity=0.0000 body=0.00000 bowel=0.30028 femur=0.05279 penile=0.05436 bg=3.70099
2026-06-10 15:43:06 [INFO] Step 50/56 Loss=52.4128 mse=0.3827 v_opt=0.00000 v_mand=0.00000 ptv=0.0000 ptv_max=0.00000 global_ceil=0.00114 ring=0.00003 smooth=0.0568 laplacian=0.2249 anticollapse=0.00000 shell_inner=0.00000 shell_outer=0.00000 homogeneity=0.0000 body=0.00000 bowel=0.24236 femur=0.00000 penile=0.00000 bg=3.88025
2026-06-10 15:43:12 [INFO] Step 55/56 Loss=58.8564 mse=0.6347 v_opt=0.00000 v_mand=0.00000 ptv=0.0000 ptv_max=0.00000 global_ceil=0.00151 ring=0.00004 smooth=0.0956 laplacian=0.3582 anticollapse=0.00000 shell_inner=0.00000 shell_outer=0.00000 homogeneity=0.0000 body=0.00000 bowel=0.26273 femur=0.05868 penile=0.10495 bg=3.68568
2026-06-10 15:43:13 [INFO] Step 56/56 Loss=62.9286 mse=0.7526 v_opt=0.00000 v_mand=0.00000 ptv=0.0000 ptv_max=0.00000 global_ceil=0.00117 ring=0.00000 smooth=0.0831 laplacian=0.3104 anticollapse=0.00000 shell_inner=0.00000 shell_outer=0.00000 homogeneity=0.0000 body=0.00000 bowel=0.26984 femur=0.05117 penile=0.11600 bg=3.79564
2026-06-10 15:43:13 [INFO] Running validation at epoch 7...
2026-06-10 15:43:54 [INFO] Epoch 7 Summary: Train=62.0177 Val=0.0809 (MSE=0.0809)
          Coverage D95:  PTV_62_20_D95=0.00Gy  PTV_44_20_D95=0.00Gy
          SIB Means:    PTV_62_20=0.00Gy PTV_44_20=0.00Gy
          OAR Metrics:  Bladder=52.88Gy Rectum=53.47Gy Bowel=52.83Gy Femur=52.78Gy Ring=0.00Gy Penile=52.77Gy
          Physics:      Dmax=66.97Gy BG=53.07Gy HI=0.000 CI=0.00
2026-06-10 15:43:54 [INFO] [PHYSICS] Saved best model val_loss=0.0809
2026-06-10 15:43:54 [INFO] [CLINICAL] Saved best model Score=239.467 PTV_62_20_D95=0.00Gy PTV_44_20_D95=0.00Gy Bladder=52.88Gy Rectum=53.47Gy
2026-06-10 15:43:54 [INFO] [DIAGNOSTIC] Saved fallback model MSE=0.0809
2026-06-10 15:43:54 [INFO] Epoch 8/10 [FULL PHYSICS] ramp=1.000 lr=2.14e-05
2026-06-10 15:44:01 [INFO] Step 5/56 Loss=61.0436 mse=0.6473 v_opt=0.00000 v_mand=0.00000 ptv=0.0000 ptv_max=0.00000 global_ceil=0.00005 ring=0.00000 smooth=0.0689 laplacian=0.2531 anticollapse=0.00000 shell_inner=0.00000 shell_outer=0.00000 homogeneity=0.0000 body=0.00000 bowel=0.38779 femur=0.05243 penile=0.09993 bg=3.74322
2026-06-10 15:44:07 [INFO] Step 10/56 Loss=63.6556 mse=0.8013 v_opt=0.00000 v_mand=0.00000 ptv=0.0000 ptv_max=0.00000 global_ceil=0.00172 ring=0.00001 smooth=0.1030 laplacian=0.3881 anticollapse=0.00000 shell_inner=0.00000 shell_outer=0.00000 homogeneity=0.0000 body=0.00000 bowel=0.23306 femur=0.05143 penile=0.12636 bg=3.77230
2026-06-10 15:44:13 [INFO] Step 15/56 Loss=56.4046 mse=0.4950 v_opt=0.00000 v_mand=0.00000 ptv=0.0000 ptv_max=0.00000 global_ceil=0.00052 ring=0.00000 smooth=0.0650 laplacian=0.2376 anticollapse=0.00000 shell_inner=0.00000 shell_outer=0.00000 homogeneity=0.0000 body=0.00000 bowel=0.35887 femur=0.00000 penile=0.00000 bg=3.84236
2026-06-10 15:44:19 [INFO] Step 20/56 Loss=63.3234 mse=0.8436 v_opt=0.00000 v_mand=0.00000 ptv=0.0000 ptv_max=0.00000 global_ceil=0.00165 ring=0.00003 smooth=0.1080 laplacian=0.4205 anticollapse=0.00000 shell_inner=0.00000 shell_outer=0.00000 homogeneity=0.0000 body=0.00000 bowel=0.20990 femur=0.05164 penile=0.08169 bg=3.71351
2026-06-10 15:44:25 [INFO] Step 25/56 Loss=64.3129 mse=0.8503 v_opt=0.00000 v_mand=0.00000 ptv=0.0000 ptv_max=0.00000 global_ceil=0.00235 ring=0.00003 smooth=0.0941 laplacian=0.3656 anticollapse=0.00000 shell_inner=0.00000 shell_outer=0.00000 homogeneity=0.0000 body=0.00000 bowel=0.24643 femur=0.05844 penile=0.04336 bg=3.75322
2026-06-10 15:44:32 [INFO] Step 30/56 Loss=59.5809 mse=0.7053 v_opt=0.00000 v_mand=0.00000 ptv=0.0000 ptv_max=0.00000 global_ceil=0.00097 ring=0.00001 smooth=0.0767 laplacian=0.2905 anticollapse=0.00000 shell_inner=0.00000 shell_outer=0.00000 homogeneity=0.0000 body=0.00000 bowel=0.31207 femur=0.05510 penile=0.04285 bg=3.59169
2026-06-10 15:44:38 [INFO] Step 35/56 Loss=56.8357 mse=0.7780 v_opt=0.00000 v_mand=0.00000 ptv=0.0000 ptv_max=0.00000 global_ceil=0.00226 ring=0.00004 smooth=0.1162 laplacian=0.4450 anticollapse=0.00000 shell_inner=0.00000 shell_outer=0.00000 homogeneity=0.0000 body=0.00000 bowel=0.22378 femur=0.05996 penile=0.07502 bg=3.18734
2026-06-10 15:44:44 [INFO] Step 40/56 Loss=60.6198 mse=0.7781 v_opt=0.00000 v_mand=0.00000 ptv=0.0000 ptv_max=0.00000 global_ceil=0.00164 ring=0.00007 smooth=0.1167 laplacian=0.4538 anticollapse=0.00000 shell_inner=0.00000 shell_outer=0.00000 homogeneity=0.0000 body=0.00000 bowel=0.21250 femur=0.06047 penile=0.06293 bg=3.61233
2026-06-10 15:44:51 [INFO] Step 45/56 Loss=57.4538 mse=0.5721 v_opt=0.00000 v_mand=0.00000 ptv=0.0000 ptv_max=0.00000 global_ceil=0.00005 ring=0.00000 smooth=0.0646 laplacian=0.2311 anticollapse=0.00000 shell_inner=0.00000 shell_outer=0.00000 homogeneity=0.0000 body=0.00000 bowel=0.34638 femur=0.05244 penile=0.05637 bg=3.67873
2026-06-10 15:44:57 [INFO] Step 50/56 Loss=21.7814 mse=0.5499 v_opt=0.00000 v_mand=0.00000 ptv=0.0000 ptv_max=0.00000 global_ceil=0.00061 ring=0.00000 smooth=0.0590 laplacian=0.2175 anticollapse=0.00000 shell_inner=0.00000 shell_outer=0.00000 homogeneity=0.0000 body=0.00000 bowel=0.23993 femur=0.04752 penile=0.00000 bg=0.37165
2026-06-10 15:45:05 [INFO] Step 55/56 Loss=63.5710 mse=0.8267 v_opt=0.00000 v_mand=0.00000 ptv=0.0000 ptv_max=0.00000 global_ceil=0.00074 ring=0.00001 smooth=0.0882 laplacian=0.3350 anticollapse=0.00000 shell_inner=0.00000 shell_outer=0.00000 homogeneity=0.0000 body=0.00000 bowel=0.28339 femur=0.04925 penile=0.08450 bg=3.69989
2026-06-10 15:45:05 [INFO] Step 56/56 Loss=58.1946 mse=0.6706 v_opt=0.00000 v_mand=0.00000 ptv=0.0000 ptv_max=0.00000 global_ceil=0.00160 ring=0.00000 smooth=0.0826 laplacian=0.3141 anticollapse=0.00000 shell_inner=0.00000 shell_outer=0.00000 homogeneity=0.0000 body=0.00000 bowel=0.22989 femur=0.04982 penile=0.08248 bg=3.60884
2026-06-10 15:45:05 [INFO] Running validation at epoch 8...
2026-06-10 15:45:46 [INFO] Epoch 8 Summary: Train=59.8331 Val=0.0792 (MSE=0.0792)
          Coverage D95:  PTV_62_20_D95=0.00Gy  PTV_44_20_D95=0.00Gy
          SIB Means:    PTV_62_20=0.00Gy PTV_44_20=0.00Gy
          OAR Metrics:  Bladder=52.52Gy Rectum=52.82Gy Bowel=52.35Gy Femur=52.34Gy Ring=0.00Gy Penile=52.27Gy
          Physics:      Dmax=67.35Gy BG=52.60Gy HI=0.000 CI=0.00
2026-06-10 15:45:46 [INFO] [PHYSICS] Saved best model val_loss=0.0792
2026-06-10 15:45:46 [INFO] [CLINICAL] Saved best model Score=238.825 PTV_62_20_D95=0.00Gy PTV_44_20_D95=0.00Gy Bladder=52.52Gy Rectum=52.82Gy
2026-06-10 15:45:46 [INFO] [DIAGNOSTIC] Saved fallback model MSE=0.0792
2026-06-10 15:45:46 [INFO] Epoch 9/10 [FULL PHYSICS] ramp=1.000 lr=1.05e-05
2026-06-10 15:45:53 [INFO] Step 5/56 Loss=56.8251 mse=0.5961 v_opt=0.00000 v_mand=0.00000 ptv=0.0000 ptv_max=0.00000 global_ceil=0.00220 ring=0.00001 smooth=0.0658 laplacian=0.2480 anticollapse=0.00000 shell_inner=0.00000 shell_outer=0.00000 homogeneity=0.0000 body=0.00000 bowel=0.23334 femur=0.05068 penile=0.00000 bg=3.71831
2026-06-10 15:45:59 [INFO] Step 10/56 Loss=60.2699 mse=0.7583 v_opt=0.00000 v_mand=0.00000 ptv=0.0000 ptv_max=0.00000 global_ceil=0.00244 ring=0.00000 smooth=0.0786 laplacian=0.3028 anticollapse=0.00000 shell_inner=0.00000 shell_outer=0.00000 homogeneity=0.0000 body=0.00000 bowel=0.25066 femur=0.04927 penile=0.07886 bg=3.54542
2026-06-10 15:46:06 [INFO] Step 15/56 Loss=59.3978 mse=0.6357 v_opt=0.00000 v_mand=0.00000 ptv=0.0000 ptv_max=0.00000 global_ceil=0.00031 ring=0.00000 smooth=0.0689 laplacian=0.2489 anticollapse=0.00000 shell_inner=0.00000 shell_outer=0.00000 homogeneity=0.0000 body=0.00000 bowel=0.32494 femur=0.05495 penile=0.08251 bg=3.70921
2026-06-10 15:46:12 [INFO] Step 20/56 Loss=51.9970 mse=0.6542 v_opt=0.00000 v_mand=0.00000 ptv=0.0000 ptv_max=0.00000 global_ceil=0.00017 ring=0.00000 smooth=0.0728 laplacian=0.2713 anticollapse=0.00000 shell_inner=0.00000 shell_outer=0.00000 homogeneity=0.0000 body=0.00000 bowel=0.27380 femur=0.04883 penile=0.04557 bg=3.04611
2026-06-10 15:46:19 [INFO] Step 25/56 Loss=59.1817 mse=0.6758 v_opt=0.00000 v_mand=0.00000 ptv=0.0000 ptv_max=0.00000 global_ceil=0.00316 ring=0.00004 smooth=0.0914 laplacian=0.3423 anticollapse=0.00000 shell_inner=0.00000 shell_outer=0.00000 homogeneity=0.0000 body=0.00000 bowel=0.18478 femur=0.05990 penile=0.05057 bg=3.73626
2026-06-10 15:46:25 [INFO] Step 30/56 Loss=62.6931 mse=0.8298 v_opt=0.00000 v_mand=0.00000 ptv=0.0000 ptv_max=0.00000 global_ceil=0.00092 ring=0.00002 smooth=0.0959 laplacian=0.3718 anticollapse=0.00000 shell_inner=0.00000 shell_outer=0.00000 homogeneity=0.0000 body=0.00000 bowel=0.22693 femur=0.04790 penile=0.09698 bg=3.67134
2026-06-10 15:46:32 [INFO] Step 35/56 Loss=65.2870 mse=0.9153 v_opt=0.00000 v_mand=0.00000 ptv=0.0000 ptv_max=0.00000 global_ceil=0.00087 ring=0.00000 smooth=0.0948 laplacian=0.3657 anticollapse=0.00000 shell_inner=0.00000 shell_outer=0.00000 homogeneity=0.0000 body=0.00000 bowel=0.28251 femur=0.00000 penile=0.00000 bg=3.78035
2026-06-10 15:46:38 [INFO] Step 40/56 Loss=62.4318 mse=0.7980 v_opt=0.00000 v_mand=0.00000 ptv=0.0000 ptv_max=0.00000 global_ceil=0.00026 ring=0.00000 smooth=0.0941 laplacian=0.3581 anticollapse=0.00000 shell_inner=0.00000 shell_outer=0.00000 homogeneity=0.0000 body=0.00000 bowel=0.28264 femur=0.05299 penile=0.05086 bg=3.70240
2026-06-10 15:46:45 [INFO] Step 45/56 Loss=62.2357 mse=0.7235 v_opt=0.00000 v_mand=0.00000 ptv=0.0000 ptv_max=0.00000 global_ceil=0.00400 ring=0.00001 smooth=0.0909 laplacian=0.3516 anticollapse=0.00000 shell_inner=0.00000 shell_outer=0.00000 homogeneity=0.0000 body=0.00000 bowel=0.30107 femur=0.04891 penile=0.00000 bg=3.78433
2026-06-10 15:46:51 [INFO] Step 50/56 Loss=55.1887 mse=0.5521 v_opt=0.00000 v_mand=0.00000 ptv=0.0000 ptv_max=0.00000 global_ceil=0.00051 ring=0.00003 smooth=0.0710 laplacian=0.2672 anticollapse=0.00000 shell_inner=0.00000 shell_outer=0.00000 homogeneity=0.0000 body=0.00000 bowel=0.21356 femur=0.05845 penile=0.04204 bg=3.69486
2026-06-10 15:46:57 [INFO] Step 55/56 Loss=60.6612 mse=0.7106 v_opt=0.00000 v_mand=0.00000 ptv=0.0000 ptv_max=0.00000 global_ceil=0.00167 ring=0.00000 smooth=0.0746 laplacian=0.2875 anticollapse=0.00000 shell_inner=0.00000 shell_outer=0.00000 homogeneity=0.0000 body=0.00000 bowel=0.28595 femur=0.04832 penile=0.05482 bg=3.69948
2026-06-10 15:46:59 [INFO] Step 56/56 Loss=57.4380 mse=0.7580 v_opt=0.00000 v_mand=0.00000 ptv=0.0000 ptv_max=0.00000 global_ceil=0.00111 ring=0.00002 smooth=0.1228 laplacian=0.4760 anticollapse=0.00000 shell_inner=0.00000 shell_outer=0.00000 homogeneity=0.0000 body=0.00000 bowel=0.20160 femur=0.05482 penile=0.00000 bg=3.44461
2026-06-10 15:46:59 [INFO] Running validation at epoch 9...
2026-06-10 15:47:39 [INFO] Epoch 9 Summary: Train=58.1847 Val=0.0787 (MSE=0.0787)
          Coverage D95:  PTV_62_20_D95=0.00Gy  PTV_44_20_D95=0.00Gy
          SIB Means:    PTV_62_20=0.00Gy PTV_44_20=0.00Gy
          OAR Metrics:  Bladder=52.31Gy Rectum=52.62Gy Bowel=52.17Gy Femur=52.16Gy Ring=0.00Gy Penile=52.05Gy
          Physics:      Dmax=67.08Gy BG=52.42Gy HI=0.000 CI=0.00
2026-06-10 15:47:39 [INFO] [PHYSICS] Saved best model val_loss=0.0787
2026-06-10 15:47:39 [INFO] [CLINICAL] Saved best model Score=238.624 PTV_62_20_D95=0.00Gy PTV_44_20_D95=0.00Gy Bladder=52.31Gy Rectum=52.62Gy
2026-06-10 15:47:39 [INFO] [DIAGNOSTIC] Saved fallback model MSE=0.0787
2026-06-10 15:47:39 [INFO] Epoch 10/10 [FULL PHYSICS] ramp=1.000 lr=3.42e-06
2026-06-10 15:47:48 [INFO] Step 5/56 Loss=57.4227 mse=0.6067 v_opt=0.00000 v_mand=0.00000 ptv=0.0000 ptv_max=0.00000 global_ceil=0.00006 ring=0.00000 smooth=0.0686 laplacian=0.2525 anticollapse=0.00000 shell_inner=0.00000 shell_outer=0.00000 homogeneity=0.0000 body=0.00000 bowel=0.28761 femur=0.04822 penile=0.04681 bg=3.69004
2026-06-10 15:47:54 [INFO] Step 10/56 Loss=59.8303 mse=0.6992 v_opt=0.00000 v_mand=0.00000 ptv=0.0000 ptv_max=0.00000 global_ceil=0.00055 ring=0.00000 smooth=0.0669 laplacian=0.2478 anticollapse=0.00000 shell_inner=0.00000 shell_outer=0.00000 homogeneity=0.0000 body=0.00000 bowel=0.24288 femur=0.04499 penile=0.09651 bg=3.70571
2026-06-10 15:48:01 [INFO] Step 15/56 Loss=65.6327 mse=0.9519 v_opt=0.00000 v_mand=0.00000 ptv=0.0000 ptv_max=0.00000 global_ceil=0.00068 ring=0.00000 smooth=0.0946 laplacian=0.3558 anticollapse=0.00000 shell_inner=0.00000 shell_outer=0.00000 homogeneity=0.0000 body=0.00000 bowel=0.22614 femur=0.05448 penile=0.00000 bg=3.75941
2026-06-10 15:48:07 [INFO] Step 20/56 Loss=62.6287 mse=0.8257 v_opt=0.00000 v_mand=0.00000 ptv=0.0000 ptv_max=0.00000 global_ceil=0.00030 ring=0.00000 smooth=0.0854 laplacian=0.3190 anticollapse=0.00000 shell_inner=0.00000 shell_outer=0.00000 homogeneity=0.0000 body=0.00000 bowel=0.26536 femur=0.05141 penile=0.07859 bg=3.65270
2026-06-10 15:48:14 [INFO] Step 25/56 Loss=59.0498 mse=0.7393 v_opt=0.00000 v_mand=0.00000 ptv=0.0000 ptv_max=0.00000 global_ceil=0.00498 ring=0.00000 smooth=0.0913 laplacian=0.3542 anticollapse=0.00000 shell_inner=0.00000 shell_outer=0.00000 homogeneity=0.0000 body=0.00000 bowel=0.19231 femur=0.04878 penile=0.08544 bg=3.47480
2026-06-10 15:48:20 [INFO] Step 30/56 Loss=59.6407 mse=0.7756 v_opt=0.00000 v_mand=0.00000 ptv=0.0000 ptv_max=0.00000 global_ceil=0.00250 ring=0.00004 smooth=0.1029 laplacian=0.3932 anticollapse=0.00000 shell_inner=0.00000 shell_outer=0.00000 homogeneity=0.0000 body=0.00000 bowel=0.19953 femur=0.05417 penile=0.04435 bg=3.54122
2026-06-10 15:48:27 [INFO] Step 35/56 Loss=57.5088 mse=0.6123 v_opt=0.00000 v_mand=0.00000 ptv=0.0000 ptv_max=0.00000 global_ceil=0.00220 ring=0.00002 smooth=0.0732 laplacian=0.2825 anticollapse=0.00000 shell_inner=0.00000 shell_outer=0.00000 homogeneity=0.0000 body=0.00000 bowel=0.23993 femur=0.04259 penile=0.00000 bg=3.74366
2026-06-10 15:48:32 [INFO] Step 40/56 Loss=55.9769 mse=0.6996 v_opt=0.00000 v_mand=0.00000 ptv=0.0000 ptv_max=0.00000 global_ceil=0.00033 ring=0.00002 smooth=0.0884 laplacian=0.3345 anticollapse=0.00000 shell_inner=0.00000 shell_outer=0.00000 homogeneity=0.0000 body=0.00000 bowel=0.20032 femur=0.05188 penile=0.03453 bg=3.44251
2026-06-10 15:48:40 [INFO] Step 45/56 Loss=62.7261 mse=0.8210 v_opt=0.00000 v_mand=0.00000 ptv=0.0000 ptv_max=0.00000 global_ceil=0.00138 ring=0.00000 smooth=0.0806 laplacian=0.3086 anticollapse=0.00000 shell_inner=0.00000 shell_outer=0.00000 homogeneity=0.0000 body=0.00000 bowel=0.26134 femur=0.05022 penile=0.06222 bg=3.66550
2026-06-10 15:48:47 [INFO] Step 50/56 Loss=63.6999 mse=0.8660 v_opt=0.00000 v_mand=0.00000 ptv=0.0000 ptv_max=0.00000 global_ceil=0.00182 ring=0.00000 smooth=0.0956 laplacian=0.3796 anticollapse=0.00000 shell_inner=0.00000 shell_outer=0.00000 homogeneity=0.0000 body=0.00000 bowel=0.24882 femur=0.00000 penile=0.00000 bg=3.76653
2026-06-10 15:48:53 [INFO] Step 55/56 Loss=59.0932 mse=0.7065 v_opt=0.00000 v_mand=0.00000 ptv=0.0000 ptv_max=0.00000 global_ceil=0.00057 ring=0.00001 smooth=0.0931 laplacian=0.3572 anticollapse=0.00000 shell_inner=0.00000 shell_outer=0.00000 homogeneity=0.0000 body=0.00000 bowel=0.22686 femur=0.05009 penile=0.00000 bg=3.72549
2026-06-10 15:48:55 [INFO] Step 56/56 Loss=62.3119 mse=0.7752 v_opt=0.00000 v_mand=0.00000 ptv=0.0000 ptv_max=0.00000 global_ceil=0.00492 ring=0.00002 smooth=0.0986 laplacian=0.3861 anticollapse=0.00000 shell_inner=0.00000 shell_outer=0.00000 homogeneity=0.0000 body=0.00000 bowel=0.21086 femur=0.05437 penile=0.03269 bg=3.73110
2026-06-10 15:48:55 [INFO] Running validation at epoch 10...
2026-06-10 15:49:36 [INFO] Epoch 10 Summary: Train=57.2550 Val=0.0785 (MSE=0.0785)
          Coverage D95:  PTV_62_20_D95=0.00Gy  PTV_44_20_D95=0.00Gy
          SIB Means:    PTV_62_20=0.00Gy PTV_44_20=0.00Gy
          OAR Metrics:  Bladder=52.25Gy Rectum=52.56Gy Bowel=52.10Gy Femur=52.09Gy Ring=0.00Gy Penile=51.97Gy
          Physics:      Dmax=67.04Gy BG=52.35Gy HI=0.000 CI=0.00
2026-06-10 15:49:36 [INFO] [PHYSICS] Saved best model val_loss=0.0785
2026-06-10 15:49:36 [INFO] [CLINICAL] Saved best model Score=238.558 PTV_62_20_D95=0.00Gy PTV_44_20_D95=0.00Gy Bladder=52.25Gy Rectum=52.56Gy
2026-06-10 15:49:36 [INFO] [DIAGNOSTIC] Saved fallback model MSE=0.0785
2026-06-10 15:49:36 [INFO] Training complete. Best val loss: 0.0785 Best clinical score: 238.5579
