2026-06-10 16:54:36 [INFO] Training log started: logs/training_20260610_165436.log
2026-06-10 16:54:36 [INFO] PATCH_SIZE=(128, 128, 64), GRAD_ACCUM_STEPS=2
2026-06-10 16:54:36 [INFO] Loading clinical constraints (inline config) ...
2026-06-10 16:54:36 [INFO] Curriculum ramp: lambda_mse=25.0 constant, physics lambdas 0 -> target over 30 epochs
2026-06-10 16:54:36 [INFO] Model ready on cuda, epochs=300, AMP=ON
2026-06-10 16:54:36 [INFO] Epoch 1/300 [RAMP 1/30 (3% of physics)] ramp=0.033 lr=1.00e-04
2026-06-10 16:54:44 [INFO] Step 5/56 Loss=73.6634 mse=1.1679 v_opt=1.25231 v_mand=0.67139 ptv=0.1021 ptv_max=0.03974 global_ceil=4.09522 ring=0.02965 smooth=1.1929 laplacian=4.7164 anticollapse=0.00000 shell_inner=0.00000 shell_outer=0.00000 homogeneity=0.0000 body=0.00000 bowel=0.07441 femur=0.19404 penile=0.01507 bg=5.82676
2026-06-10 16:54:51 [INFO] Step 10/56 Loss=88.8042 mse=1.4487 v_opt=1.25639 v_mand=0.66958 ptv=0.1009 ptv_max=0.02742 global_ceil=4.87092 ring=0.02137 smooth=1.5861 laplacian=6.2712 anticollapse=0.00000 shell_inner=0.00000 shell_outer=0.00000 homogeneity=0.0000 body=0.00000 bowel=0.08212 femur=0.25162 penile=0.00533 bg=6.88438
2026-06-10 16:54:57 [INFO] Step 15/56 Loss=115.2566 mse=1.8611 v_opt=1.24564 v_mand=0.66325 ptv=0.1163 ptv_max=0.10413 global_ceil=6.41941 ring=0.05611 smooth=1.6756 laplacian=6.6244 anticollapse=0.00001 shell_inner=0.00000 shell_outer=0.00000 homogeneity=0.0000 body=0.00000 bowel=0.07102 femur=0.35913 penile=0.00000 bg=8.40781
2026-06-10 16:55:03 [INFO] Step 20/56 Loss=123.9133 mse=1.9153 v_opt=1.23398 v_mand=0.65252 ptv=0.1129 ptv_max=0.08933 global_ceil=7.00917 ring=0.04001 smooth=2.0162 laplacian=7.9759 anticollapse=0.00000 shell_inner=0.00000 shell_outer=0.00000 homogeneity=0.0000 body=0.00000 bowel=0.07310 femur=0.44223 penile=0.00000 bg=12.65547
2026-06-10 16:55:11 [INFO] Step 25/56 Loss=77.4691 mse=0.9285 v_opt=0.72138 v_mand=0.39214 ptv=0.0912 ptv_max=0.00990 global_ceil=5.11960 ring=0.00188 smooth=0.7935 laplacian=3.1078 anticollapse=0.00000 shell_inner=0.00000 shell_outer=0.00000 homogeneity=0.0000 body=0.00000 bowel=0.09601 femur=0.15619 penile=0.00770 bg=6.23965
2026-06-10 16:55:16 [INFO] Step 30/56 Loss=96.3907 mse=1.7091 v_opt=1.24026 v_mand=0.65921 ptv=0.1352 ptv_max=0.13067 global_ceil=4.93790 ring=0.05946 smooth=1.6898 laplacian=6.6752 anticollapse=0.00002 shell_inner=0.00000 shell_outer=0.00000 homogeneity=0.0000 body=0.00000 bowel=0.06182 femur=0.33936 penile=0.00832 bg=7.53104
2026-06-10 16:55:23 [INFO] Step 35/56 Loss=85.3377 mse=1.7154 v_opt=1.34945 v_mand=0.73595 ptv=0.1051 ptv_max=0.06674 global_ceil=3.82645 ring=0.02735 smooth=1.6067 laplacian=6.3743 anticollapse=0.00000 shell_inner=0.00000 shell_outer=0.00000 homogeneity=0.0000 body=0.00000 bowel=0.07428 femur=0.31873 penile=0.00285 bg=7.26391
2026-06-10 16:55:29 [INFO] Step 40/56 Loss=109.4967 mse=2.0746 v_opt=1.35720 v_mand=0.74679 ptv=0.1177 ptv_max=0.13805 global_ceil=5.25030 ring=0.05777 smooth=1.8216 laplacian=7.2050 anticollapse=0.00003 shell_inner=0.00000 shell_outer=0.00000 homogeneity=0.0000 body=0.00000 bowel=0.07023 femur=0.38668 penile=0.00000 bg=9.59960
2026-06-10 16:55:37 [INFO] Step 45/56 Loss=72.1098 mse=1.4176 v_opt=1.32400 v_mand=0.72398 ptv=0.1171 ptv_max=0.07137 global_ceil=3.27121 ring=0.02180 smooth=1.2264 laplacian=4.8354 anticollapse=0.00001 shell_inner=0.00000 shell_outer=0.00000 homogeneity=0.0000 body=0.00000 bowel=0.02540 femur=0.18616 penile=0.01782 bg=6.81696
2026-06-10 16:55:43 [INFO] Step 50/56 Loss=74.6395 mse=1.6305 v_opt=1.40379 v_mand=0.77991 ptv=0.1127 ptv_max=0.07416 global_ceil=2.96170 ring=0.02181 smooth=1.5418 laplacian=6.1090 anticollapse=0.00000 shell_inner=0.00000 shell_outer=0.00000 homogeneity=0.0000 body=0.00000 bowel=0.10303 femur=0.30388 penile=0.00167 bg=7.18482
2026-06-10 16:55:50 [INFO] Step 55/56 Loss=56.9767 mse=1.1083 v_opt=1.49316 v_mand=0.84979 ptv=0.0032 ptv_max=0.01086 global_ceil=2.57128 ring=0.01301 smooth=1.1261 laplacian=4.4629 anticollapse=0.00000 shell_inner=0.00000 shell_outer=0.00000 homogeneity=0.0000 body=0.00000 bowel=0.12776 femur=0.00000 penile=0.00000 bg=5.72104
2026-06-10 16:55:50 [INFO] Step 56/56 Loss=63.8737 mse=1.3318 v_opt=1.33157 v_mand=0.72366 ptv=0.1067 ptv_max=0.06182 global_ceil=2.66739 ring=0.01286 smooth=0.9809 laplacian=3.8578 anticollapse=0.00000 shell_inner=0.00000 shell_outer=0.00000 homogeneity=0.0000 body=0.00000 bowel=0.12154 femur=0.26597 penile=0.00614 bg=6.56795
2026-06-10 16:55:50 [INFO] Epoch 1 Summary: Train=87.5685 Val=nan (MSE=nan)
          Coverage D95:  PTV_62_20_D95=nanGy  PTV_44_20_D95=nanGy
          SIB Means:    PTV_62_20=nanGy PTV_44_20=nanGy
          OAR Metrics:  Bladder=nanGy Rectum=nanGy Bowel=nanGy Femur=nanGy Ring=nanGy Penile=nanGy
          Physics:      Dmax=nanGy BG=nanGy HI=nan CI=nan
2026-06-10 16:55:50 [INFO] Epoch 2/300 [RAMP 2/30 (7% of physics)] ramp=0.067 lr=1.00e-04
2026-06-10 16:55:58 [INFO] Step 5/56 Loss=101.8654 mse=1.5496 v_opt=1.39864 v_mand=0.77714 ptv=0.0983 ptv_max=0.06629 global_ceil=2.76736 ring=0.03201 smooth=1.3112 laplacian=5.2003 anticollapse=0.00000 shell_inner=0.00000 shell_outer=0.00000 homogeneity=0.0000 body=0.00000 bowel=0.16223 femur=0.19159 penile=0.00000 bg=6.19990
2026-06-10 16:56:04 [INFO] Step 10/56 Loss=45.8511 mse=0.7819 v_opt=0.00000 v_mand=0.00000 ptv=0.0013 ptv_max=0.00068 global_ceil=1.11926 ring=0.00169 smooth=0.7593 laplacian=2.9936 anticollapse=0.00000 shell_inner=0.00000 shell_outer=0.00000 homogeneity=0.0000 body=0.00000 bowel=0.20839 femur=0.00000 penile=0.00000 bg=5.47033
