2026-06-09 11:08:26 [INFO] Training log started: logs/training_20260609_110826.log
2026-06-09 11:08:26 [INFO] PATCH_SIZE=(128, 128, 64), GRAD_ACCUM_STEPS=2
2026-06-09 11:08:26 [INFO] Loading clinical constraints (inline config) ...
2026-06-09 11:08:26 [INFO] Curriculum ramp: lambda_mse=25.0 constant, physics lambdas 0 -> target over 30 epochs
2026-06-09 11:08:26 [INFO] Model ready on cuda, epochs=300, AMP=ON
2026-06-09 11:08:26 [INFO] Epoch 1/300 [RAMP 1/30 (3% of physics)] ramp=0.033 lr=1.00e-04
2026-06-09 11:09:58 [INFO] Step 5/56 Loss=83.5158 mse=1.0841 v_opt=0.00000 v_mand=0.00000 ptv=0.0000 ptv_max=0.00000 global_ceil=5.44678 ring=0.02671 smooth=0.7412 laplacian=2.9499 anticollapse=0.00000 shell_inner=0.00000 shell_outer=0.00000 homogeneity=0.0000 body=0.00000 bowel=0.62922 femur=0.21534 penile=0.08273 bg=4.44698
2026-06-09 11:10:54 [INFO] Step 10/56 Loss=69.7893 mse=0.9862 v_opt=0.00000 v_mand=0.00000 ptv=0.0000 ptv_max=0.00000 global_ceil=4.31294 ring=0.02783 smooth=0.5697 laplacian=2.2541 anticollapse=0.00000 shell_inner=0.00000 shell_outer=0.00000 homogeneity=0.0000 body=0.00000 bowel=0.70470 femur=0.16298 penile=0.11964 bg=4.54438
2026-06-09 11:12:00 [INFO] Step 15/56 Loss=85.9067 mse=1.0211 v_opt=0.00000 v_mand=0.00000 ptv=0.0000 ptv_max=0.00000 global_ceil=5.79556 ring=0.03111 smooth=0.7477 laplacian=2.9573 anticollapse=0.00000 shell_inner=0.00000 shell_outer=0.00000 homogeneity=0.0000 body=0.00000 bowel=0.70520 femur=0.23624 penile=0.08646 bg=5.73284
2026-06-09 11:13:10 [INFO] Step 20/56 Loss=77.1989 mse=1.0464 v_opt=0.00000 v_mand=0.00000 ptv=0.0000 ptv_max=0.00000 global_ceil=4.87502 ring=0.02473 smooth=0.7808 laplacian=3.0973 anticollapse=0.00000 shell_inner=0.00000 shell_outer=0.00000 homogeneity=0.0000 body=0.00000 bowel=0.65173 femur=0.22874 penile=0.10742 bg=5.40013
2026-06-09 11:14:38 [INFO] Step 25/56 Loss=54.2012 mse=0.9466 v_opt=0.00000 v_mand=0.00000 ptv=0.0000 ptv_max=0.00000 global_ceil=2.85588 ring=0.02347 smooth=0.4514 laplacian=1.7823 anticollapse=0.00000 shell_inner=0.00000 shell_outer=0.00000 homogeneity=0.0000 body=0.00000 bowel=0.73744 femur=0.18229 penile=0.09014 bg=4.44581
2026-06-09 11:15:43 [INFO] Step 30/56 Loss=57.6863 mse=0.9881 v_opt=0.00000 v_mand=0.00000 ptv=0.0000 ptv_max=0.00000 global_ceil=3.07963 ring=0.01831 smooth=0.5292 laplacian=2.0897 anticollapse=0.00000 shell_inner=0.00000 shell_outer=0.00000 homogeneity=0.0000 body=0.00000 bowel=0.85270 femur=0.17194 penile=0.13602 bg=4.87393
2026-06-09 11:16:54 [INFO] Step 35/56 Loss=33.4845 mse=0.7287 v_opt=0.00000 v_mand=0.00000 ptv=0.0000 ptv_max=0.00000 global_ceil=1.32298 ring=0.02575 smooth=0.2320 laplacian=0.9054 anticollapse=0.00000 shell_inner=0.00000 shell_outer=0.00000 homogeneity=0.0000 body=0.00000 bowel=1.09543 femur=0.14023 penile=0.13692 bg=4.10373
2026-06-09 11:18:35 [INFO] Step 40/56 Loss=42.2214 mse=0.8740 v_opt=0.00000 v_mand=0.00000 ptv=0.0000 ptv_max=0.00000 global_ceil=1.84415 ring=0.00411 smooth=0.2682 laplacian=1.0438 anticollapse=0.00000 shell_inner=0.00000 shell_outer=0.00000 homogeneity=0.0000 body=0.00000 bowel=0.90678 femur=0.15184 penile=0.19683 bg=4.04069
2026-06-09 11:19:49 [INFO] Step 45/56 Loss=26.2532 mse=0.3902 v_opt=0.00000 v_mand=0.00000 ptv=0.0000 ptv_max=0.00000 global_ceil=1.45501 ring=0.00935 smooth=0.0902 laplacian=0.3448 anticollapse=0.00000 shell_inner=0.00000 shell_outer=0.00000 homogeneity=0.0000 body=0.00000 bowel=1.07895 femur=0.11664 penile=0.22413 bg=3.85028
2026-06-09 11:21:34 [INFO] Step 50/56 Loss=31.7911 mse=0.7562 v_opt=0.00000 v_mand=0.00000 ptv=0.0000 ptv_max=0.00000 global_ceil=1.08440 ring=0.00970 smooth=0.1487 laplacian=0.5627 anticollapse=0.00000 shell_inner=0.00000 shell_outer=0.00000 homogeneity=0.0000 body=0.00000 bowel=1.22259 femur=0.11130 penile=0.00000 bg=4.14349
2026-06-09 11:22:43 [INFO] Step 55/56 Loss=26.4061 mse=0.6437 v_opt=0.00000 v_mand=0.00000 ptv=0.0000 ptv_max=0.00000 global_ceil=0.84627 ring=0.00186 smooth=0.1408 laplacian=0.5441 anticollapse=0.00000 shell_inner=0.00000 shell_outer=0.00000 homogeneity=0.0000 body=0.00000 bowel=0.92654 femur=0.14327 penile=0.21698 bg=3.78424
2026-06-09 11:23:18 [INFO] Step 56/56 Loss=33.9195 mse=0.8263 v_opt=0.00000 v_mand=0.00000 ptv=0.0000 ptv_max=0.00000 global_ceil=1.12370 ring=0.00579 smooth=0.1841 laplacian=0.7123 anticollapse=0.00000 shell_inner=0.00000 shell_outer=0.00000 homogeneity=0.0000 body=0.00000 bowel=1.10377 femur=0.15700 penile=0.21450 bg=4.01370
2026-06-09 11:23:18 [INFO] Running validation at epoch 1...
2026-06-09 11:25:37 [INFO] Epoch 1 Summary: Train=51.6099 Val=0.0773 (MSE=0.0773)
          Coverage D95:  PTV60_D95=0.00Gy  PTV44_D95=0.00Gy
          SIB Means:    PTV60=0.00Gy PTV44=0.00Gy
          OAR Metrics:  Bladder=59.39Gy Rectum=54.02Gy Bowel=60.34Gy Femur=60.09Gy Ring=0.00Gy Penile=56.69Gy
          Physics:      Dmax=105.95Gy BG=61.27Gy HI=0.000 CI=0.00
2026-06-09 11:25:37 [INFO] [DIAGNOSTIC] Saved fallback model MSE=0.0773
2026-06-09 11:25:37 [INFO] Epoch 2/300 [RAMP 2/30 (7% of physics)] ramp=0.067 lr=1.00e-04
2026-06-09 11:26:39 [INFO] Step 5/56 Loss=30.5569 mse=0.6378 v_opt=0.00000 v_mand=0.00000 ptv=0.0000 ptv_max=0.00000 global_ceil=0.53765 ring=0.00092 smooth=0.1057 laplacian=0.3995 anticollapse=0.00000 shell_inner=0.00000 shell_outer=0.00000 homogeneity=0.0000 body=0.00000 bowel=1.19887 femur=0.09548 penile=0.19705 bg=3.68314
2026-06-09 11:27:26 [INFO] Step 10/56 Loss=31.0967 mse=0.6828 v_opt=0.00000 v_mand=0.00000 ptv=0.0000 ptv_max=0.00000 global_ceil=0.50251 ring=0.00462 smooth=0.1173 laplacian=0.4489 anticollapse=0.00000 shell_inner=0.00000 shell_outer=0.00000 homogeneity=0.0000 body=0.00000 bowel=1.16529 femur=0.13286 penile=0.23907 bg=3.82227
2026-06-09 11:28:28 [INFO] Step 15/56 Loss=30.6763 mse=0.7387 v_opt=0.00000 v_mand=0.00000 ptv=0.0000 ptv_max=0.00000 global_ceil=0.41135 ring=0.00589 smooth=0.1045 laplacian=0.3959 anticollapse=0.00000 shell_inner=0.00000 shell_outer=0.00000 homogeneity=0.0000 body=0.00000 bowel=1.17026 femur=0.11814 penile=0.00000 bg=4.07496
2026-06-09 11:29:11 [INFO] Step 20/56 Loss=33.0037 mse=0.7506 v_opt=0.00000 v_mand=0.00000 ptv=0.0000 ptv_max=0.00000 global_ceil=0.51072 ring=0.00314 smooth=0.1093 laplacian=0.4127 anticollapse=0.00000 shell_inner=0.00000 shell_outer=0.00000 homogeneity=0.0000 body=0.00000 bowel=1.17422 femur=0.12872 penile=0.19677 bg=3.93141
