12:49:33  Log file: /mnt/nvme/nvme-2TB-storage/sougata/python/Multichannel-Dose-Prediction-for-Radiotherapy-Planning/logs/train_physics_20260515_124933.log
12:49:33  
Finding data...
12:49:33  Found 20 patients.
12:49:33  Building 3D U-Net...
12:49:33  Model and dataloaders ready on cuda!
12:49:33  Epochs=100  Scheduler=CosineAnnealingLR  AMP=ON

12:49:33  
Epoch 1/100  (lr=1.00e-04)
12:49:39    Step 5/16  Loss=46.3554  [mse=0.8623  v_opt=0.00891  v_mand=0.00310  ptv=3.7177  smooth=4.5997]
12:49:43    Step 10/16  Loss=44.8404  [mse=0.8024  v_opt=0.00913  v_mand=0.00387  ptv=3.6273  smooth=4.2826]
12:49:49    Step 15/16  Loss=41.1846  [mse=0.7474  v_opt=0.05208  v_mand=0.03043  ptv=3.2462  smooth=3.8351]
12:49:50    Step 16/16  Loss=40.8778  [mse=0.7259  v_opt=0.01134  v_mand=0.00467  ptv=3.3109  smooth=3.7089]
12:49:59    --> Epoch 1 Summary:  Train=44.4125  Val=40.0064
12:49:59        Clinical:  PTV D95=-13.45 Gy  Bladder Mean=9.91 Gy  Rectum Mean=15.64 Gy
12:49:59    --> [PHYSICS]  Saved best PHYSICS model  (val_loss=40.0064)
12:49:59    --> [CLINICAL] Saved best CLINICAL model  Score=235.978  PTV_D95=-13.45 Gy  Bladder=9.91 Gy  Rectum=15.64 Gy
12:49:59  
Epoch 2/100  (lr=1.00e-04)
12:50:05    Step 5/16  Loss=35.5680  [mse=0.6527  v_opt=0.08146  v_mand=0.04033  ptv=2.7518  smooth=3.5170]
12:50:10    Step 10/16  Loss=31.2626  [mse=0.5701  v_opt=0.08345  v_mand=0.04195  ptv=2.4039  smooth=3.0748]
12:50:16    Step 15/16  Loss=28.4132  [mse=0.5216  v_opt=0.10721  v_mand=0.04558  ptv=2.1574  smooth=2.7001]
12:50:16    Step 16/16  Loss=27.1699  [mse=0.5173  v_opt=0.19181  v_mand=0.09041  ptv=1.9077  smooth=2.7572]
12:50:26    --> Epoch 2 Summary:  Train=33.5628  Val=26.1208
12:50:26        Clinical:  PTV D95=-8.47 Gy  Bladder Mean=21.98 Gy  Rectum Mean=33.11 Gy
12:50:26    --> [PHYSICS]  Saved best PHYSICS model  (val_loss=26.1208)
12:50:26  
Epoch 3/100  (lr=9.99e-05)
12:50:32    Step 5/16  Loss=21.9182  [mse=0.4519  v_opt=0.26763  v_mand=0.12615  ptv=1.3451  smooth=2.5981]
12:50:36    Step 10/16  Loss=25.0684  [mse=0.4534  v_opt=0.14557  v_mand=0.06961  ptv=1.8246  smooth=2.5675]
12:50:42    Step 15/16  Loss=17.2276  [mse=0.4353  v_opt=0.10873  v_mand=0.03019  ptv=1.1640  smooth=2.6238]
12:50:43    Step 16/16  Loss=18.0996  [mse=0.4188  v_opt=0.17460  v_mand=0.06931  ptv=1.1575  smooth=2.5507]
12:50:52    --> Epoch 3 Summary:  Train=20.7783  Val=17.2592
12:50:52        Clinical:  PTV D95=3.83 Gy  Bladder Mean=26.61 Gy  Rectum Mean=32.32 Gy
12:50:52    --> [PHYSICS]  Saved best PHYSICS model  (val_loss=17.2592)
12:50:52    --> [CLINICAL] Saved best CLINICAL model  Score=200.821  PTV_D95=3.83 Gy  Bladder=26.61 Gy  Rectum=32.32 Gy
12:50:52  
Epoch 4/100  (lr=9.98e-05)
12:50:59    Step 5/16  Loss=15.8231  [mse=0.3794  v_opt=0.14824  v_mand=0.05008  ptv=1.0247  smooth=2.3324]
12:51:03    Step 10/16  Loss=12.4946  [mse=0.3592  v_opt=0.11365  v_mand=0.03174  ptv=0.7661  smooth=2.2069]
12:51:09    Step 15/16  Loss=11.9173  [mse=0.3499  v_opt=0.10660  v_mand=0.02225  ptv=0.7426  smooth=2.2291]
12:51:09    Step 16/16  Loss=11.8630  [mse=0.3434  v_opt=0.11429  v_mand=0.04066  ptv=0.6968  smooth=2.1541]
12:51:19    --> Epoch 4 Summary:  Train=13.6017  Val=12.2142
12:51:19        Clinical:  PTV D95=18.69 Gy  Bladder Mean=27.23 Gy  Rectum Mean=30.38 Gy
12:51:19    --> [PHYSICS]  Saved best PHYSICS model  (val_loss=12.2142)
12:51:19    --> [CLINICAL] Saved best CLINICAL model  Score=154.308  PTV_D95=18.69 Gy  Bladder=27.23 Gy  Rectum=30.38 Gy
12:51:19  
Epoch 5/100  (lr=9.96e-05)
12:51:25    Step 5/16  Loss=10.2299  [mse=0.3315  v_opt=0.09215  v_mand=0.01550  ptv=0.6132  smooth=2.1084]
12:51:30    Step 10/16  Loss=8.8084  [mse=0.3052  v_opt=0.10975  v_mand=0.02828  ptv=0.4640  smooth=1.8966]
12:51:36    Step 15/16  Loss=14.4051  [mse=0.3407  v_opt=0.02928  v_mand=0.00263  ptv=1.0665  smooth=2.0926]
12:51:36    Step 16/16  Loss=8.1956  [mse=0.3088  v_opt=0.06352  v_mand=0.00953  ptv=0.4551  smooth=1.9081]
12:51:46    --> Epoch 5 Summary:  Train=9.4479  Val=10.5887
12:51:46        Clinical:  PTV D95=32.02 Gy  Bladder Mean=28.44 Gy  Rectum Mean=36.92 Gy
12:51:46    --> [PHYSICS]  Saved best PHYSICS model  (val_loss=10.5887)
12:51:46    --> [CLINICAL] Saved best CLINICAL model  Score=120.874  PTV_D95=32.02 Gy  Bladder=28.44 Gy  Rectum=36.92 Gy
12:51:46  
Epoch 6/100  (lr=9.94e-05)
12:51:52    Step 5/16  Loss=7.7961  [mse=0.2925  v_opt=0.14590  v_mand=0.05365  ptv=0.3051  smooth=1.8696]
12:51:57    Step 10/16  Loss=6.6591  [mse=0.2550  v_opt=0.03943  v_mand=0.00137  ptv=0.3843  smooth=1.5348]
12:52:03    Step 15/16  Loss=11.5012  [mse=0.2538  v_opt=0.03573  v_mand=0.00396  ptv=0.8636  smooth=1.5729]
12:52:03    Step 16/16  Loss=6.3774  [mse=0.2417  v_opt=0.10089  v_mand=0.01812  ptv=0.3156  smooth=1.4879]
12:52:12    --> Epoch 6 Summary:  Train=6.8701  Val=9.9859
12:52:12        Clinical:  PTV D95=38.52 Gy  Bladder Mean=29.44 Gy  Rectum Mean=38.44 Gy
12:52:12    --> [PHYSICS]  Saved best PHYSICS model  (val_loss=9.9859)
12:52:12    --> [CLINICAL] Saved best CLINICAL model  Score=102.875  PTV_D95=38.52 Gy  Bladder=29.44 Gy  Rectum=38.44 Gy
12:52:12  
Epoch 7/100  (lr=9.91e-05)
12:52:19    Step 5/16  Loss=5.0918  [mse=0.2541  v_opt=0.03167  v_mand=0.00180  ptv=0.2283  smooth=1.5929]
12:52:23    Step 10/16  Loss=4.2319  [mse=0.2409  v_opt=0.03344  v_mand=0.00015  ptv=0.1601  smooth=1.5212]
12:52:29    Step 15/16  Loss=4.8298  [mse=0.2110  v_opt=0.09004  v_mand=0.01665  ptv=0.1990  smooth=1.3346]
12:52:30    Step 16/16  Loss=4.0573  [mse=0.2338  v_opt=0.04509  v_mand=0.00371  ptv=0.1389  smooth=1.4734]
12:52:39    --> Epoch 7 Summary:  Train=5.2941  Val=7.7991
12:52:39        Clinical:  PTV D95=43.12 Gy  Bladder Mean=29.21 Gy  Rectum Mean=35.29 Gy
12:52:39    --> [PHYSICS]  Saved best PHYSICS model  (val_loss=7.7991)
12:52:39    --> [CLINICAL] Saved best CLINICAL model  Score=85.920  PTV_D95=43.12 Gy  Bladder=29.21 Gy  Rectum=35.29 Gy
12:52:39  
Epoch 8/100  (lr=9.88e-05)
12:52:46    Step 5/16  Loss=4.0654  [mse=0.2088  v_opt=0.11375  v_mand=0.02446  ptv=0.1011  smooth=1.2731]
12:52:50    Step 10/16  Loss=3.9783  [mse=0.2043  v_opt=0.04328  v_mand=0.00801  ptv=0.1522  smooth=1.2631]
12:52:57    Step 15/16  Loss=3.0229  [mse=0.1906  v_opt=0.03605  v_mand=0.00174  ptv=0.0887  smooth=1.1428]
12:52:57    Step 16/16  Loss=3.5836  [mse=0.1671  v_opt=0.07274  v_mand=0.00985  ptv=0.1422  smooth=0.9844]
12:53:06    --> Epoch 8 Summary:  Train=4.1268  Val=8.7299
12:53:06        Clinical:  PTV D95=47.79 Gy  Bladder Mean=28.01 Gy  Rectum Mean=39.95 Gy
12:53:06    --> [CLINICAL] Saved best CLINICAL model  Score=76.582  PTV_D95=47.79 Gy  Bladder=28.01 Gy  Rectum=39.95 Gy
12:53:06  
Epoch 9/100  (lr=9.84e-05)
12:53:12    Step 5/16  Loss=4.3339  [mse=0.1889  v_opt=0.00097  v_mand=0.00000  ptv=0.2334  smooth=1.0918]
12:53:17    Step 10/16  Loss=4.0522  [mse=0.1864  v_opt=0.11444  v_mand=0.04941  ptv=0.0631  smooth=0.9297]
12:53:23    Step 15/16  Loss=2.5032  [mse=0.1570  v_opt=0.03351  v_mand=0.00077  ptv=0.0758  smooth=0.8925]
12:53:23    Step 16/16  Loss=2.5509  [mse=0.1599  v_opt=0.00749  v_mand=0.00000  ptv=0.0855  smooth=0.8211]
12:53:33    --> Epoch 9 Summary:  Train=3.6230  Val=7.3574
12:53:33        Clinical:  PTV D95=46.64 Gy  Bladder Mean=25.58 Gy  Rectum Mean=37.32 Gy
12:53:33    --> [PHYSICS]  Saved best PHYSICS model  (val_loss=7.3574)
12:53:33  
Epoch 10/100  (lr=9.80e-05)
12:53:39    Step 5/16  Loss=2.0147  [mse=0.1341  v_opt=0.01892  v_mand=0.00103  ptv=0.0533  smooth=0.7679]
12:53:44    Step 10/16  Loss=2.2998  [mse=0.1531  v_opt=0.01542  v_mand=0.00025  ptv=0.0656  smooth=0.7607]
12:53:50    Step 15/16  Loss=2.9814  [mse=0.1363  v_opt=0.04496  v_mand=0.00561  ptv=0.1315  smooth=0.7258]
12:53:50    Step 16/16  Loss=6.4521  [mse=0.1465  v_opt=0.01171  v_mand=0.00000  ptv=0.4886  smooth=0.7800]
12:53:59    --> Epoch 10 Summary:  Train=2.8464  Val=7.6975
12:53:59        Clinical:  PTV D95=46.77 Gy  Bladder Mean=25.48 Gy  Rectum Mean=39.88 Gy
12:53:59  
Epoch 11/100  (lr=9.76e-05)
12:54:05    Step 5/16  Loss=2.8758  [mse=0.1383  v_opt=0.00235  v_mand=0.00000  ptv=0.1419  smooth=0.6871]
12:54:10    Step 10/16  Loss=5.2201  [mse=0.1325  v_opt=0.00539  v_mand=0.00000  ptv=0.3818  smooth=0.6596]
12:54:16    Step 15/16  Loss=2.6271  [mse=0.1244  v_opt=0.06207  v_mand=0.01018  ptv=0.0946  smooth=0.5813]
12:54:16    Step 16/16  Loss=1.9228  [mse=0.1400  v_opt=0.01449  v_mand=0.00015  ptv=0.0432  smooth=0.5834]
12:54:26    --> Epoch 11 Summary:  Train=2.3773  Val=6.5965
12:54:26        Clinical:  PTV D95=50.25 Gy  Bladder Mean=28.77 Gy  Rectum Mean=34.71 Gy
12:54:26    --> [PHYSICS]  Saved best PHYSICS model  (val_loss=6.5965)
12:54:26    --> [CLINICAL] Saved best CLINICAL model  Score=63.970  PTV_D95=50.25 Gy  Bladder=28.77 Gy  Rectum=34.71 Gy
12:54:26  
Epoch 12/100  (lr=9.71e-05)
12:54:32    Step 5/16  Loss=1.7699  [mse=0.1219  v_opt=0.01995  v_mand=0.00115  ptv=0.0426  smooth=0.5637]
12:54:37    Step 10/16  Loss=1.9651  [mse=0.1148  v_opt=0.04472  v_mand=0.00872  ptv=0.0453  smooth=0.5624]
12:54:43    Step 15/16  Loss=2.6735  [mse=0.1252  v_opt=0.00000  v_mand=0.00000  ptv=0.1362  smooth=0.6025]
12:54:43    Step 16/16  Loss=1.7725  [mse=0.1174  v_opt=0.00970  v_mand=0.00000  ptv=0.0522  smooth=0.5624]
12:54:53    --> Epoch 12 Summary:  Train=2.4052  Val=6.0112
12:54:53        Clinical:  PTV D95=52.32 Gy  Bladder Mean=26.85 Gy  Rectum Mean=35.41 Gy
12:54:53    --> [PHYSICS]  Saved best PHYSICS model  (val_loss=6.0112)
12:54:53    --> [CLINICAL] Saved best CLINICAL model  Score=58.453  PTV_D95=52.32 Gy  Bladder=26.85 Gy  Rectum=35.41 Gy
12:54:53  
Epoch 13/100  (lr=9.65e-05)
12:55:00    Step 5/16  Loss=1.7835  [mse=0.1143  v_opt=0.03709  v_mand=0.00454  ptv=0.0399  smooth=0.5344]
12:55:04    Step 10/16  Loss=1.8509  [mse=0.1107  v_opt=0.00273  v_mand=0.00000  ptv=0.0685  smooth=0.5280]
12:55:10    Step 15/16  Loss=1.9099  [mse=0.1020  v_opt=0.05863  v_mand=0.01169  ptv=0.0431  smooth=0.4889]
12:55:10    Step 16/16  Loss=2.1557  [mse=0.1114  v_opt=0.00316  v_mand=0.00000  ptv=0.0983  smooth=0.5197]
12:55:20    --> Epoch 13 Summary:  Train=1.9008  Val=12.3152
12:55:20        Clinical:  PTV D95=58.74 Gy  Bladder Mean=30.27 Gy  Rectum Mean=43.90 Gy
12:55:20    --> [CLINICAL] Saved best CLINICAL model  Score=47.686  PTV_D95=58.74 Gy  Bladder=30.27 Gy  Rectum=43.90 Gy
12:55:20  
Epoch 14/100  (lr=9.59e-05)
12:55:26    Step 5/16  Loss=1.8656  [mse=0.1149  v_opt=0.03210  v_mand=0.00551  ptv=0.0462  smooth=0.5282]
12:55:31    Step 10/16  Loss=2.3681  [mse=0.1114  v_opt=0.00230  v_mand=0.00058  ptv=0.1184  smooth=0.5128]
12:55:37    Step 15/16  Loss=1.4442  [mse=0.0954  v_opt=0.01640  v_mand=0.00077  ptv=0.0391  smooth=0.4716]
12:55:37    Step 16/16  Loss=1.7635  [mse=0.1051  v_opt=0.04706  v_mand=0.00986  ptv=0.0324  smooth=0.4801]
12:55:46    --> Epoch 14 Summary:  Train=2.0811  Val=6.8035
12:55:46        Clinical:  PTV D95=53.59 Gy  Bladder Mean=27.20 Gy  Rectum Mean=36.13 Gy
12:55:46  
Epoch 15/100  (lr=9.53e-05)
12:55:53    Step 5/16  Loss=3.7058  [mse=0.1462  v_opt=0.15023  v_mand=0.06215  ptv=0.0342  smooth=0.4812]
12:55:58    Step 10/16  Loss=1.5397  [mse=0.1088  v_opt=0.00001  v_mand=0.00000  ptv=0.0402  smooth=0.4900]
12:56:04    Step 15/16  Loss=10.0090  [mse=0.0998  v_opt=0.49345  v_mand=0.30790  ptv=0.0284  smooth=0.4259]
12:56:04    Step 16/16  Loss=5.6112  [mse=0.1013  v_opt=0.28932  v_mand=0.14171  ptv=0.0432  smooth=0.4480]
12:56:13    --> Epoch 15 Summary:  Train=2.6215  Val=9.5995
12:56:13        Clinical:  PTV D95=57.67 Gy  Bladder Mean=29.42 Gy  Rectum Mean=41.18 Gy
12:56:13  
Epoch 16/100  (lr=9.46e-05)
12:56:20    Step 5/16  Loss=1.3354  [mse=0.0999  v_opt=0.00839  v_mand=0.00000  ptv=0.0274  smooth=0.4520]
12:56:24    Step 10/16  Loss=1.5659  [mse=0.0947  v_opt=0.02661  v_mand=0.00354  ptv=0.0434  smooth=0.4350]
12:56:31    Step 15/16  Loss=2.0544  [mse=0.1289  v_opt=0.01711  v_mand=0.00053  ptv=0.0673  smooth=0.4455]
12:56:31    Step 16/16  Loss=1.3293  [mse=0.0943  v_opt=0.00000  v_mand=0.00000  ptv=0.0342  smooth=0.4470]
12:56:40    --> Epoch 16 Summary:  Train=1.6649  Val=7.4957
12:56:40        Clinical:  PTV D95=50.98 Gy  Bladder Mean=25.63 Gy  Rectum Mean=37.96 Gy
12:56:40  
Epoch 17/100  (lr=9.39e-05)
12:56:47    Step 5/16  Loss=1.4067  [mse=0.1026  v_opt=0.00020  v_mand=0.00000  ptv=0.0337  smooth=0.4355]
12:56:51    Step 10/16  Loss=1.5987  [mse=0.0975  v_opt=0.00088  v_mand=0.00000  ptv=0.0579  smooth=0.4289]
12:56:58    Step 15/16  Loss=1.1019  [mse=0.0821  v_opt=0.00211  v_mand=0.00000  ptv=0.0237  smooth=0.3916]
12:56:58    Step 16/16  Loss=1.7487  [mse=0.0950  v_opt=0.04647  v_mand=0.01353  ptv=0.0325  smooth=0.4250]
12:57:08    --> Epoch 17 Summary:  Train=1.7497  Val=6.6046
12:57:08        Clinical:  PTV D95=54.72 Gy  Bladder Mean=26.79 Gy  Rectum Mean=35.40 Gy
12:57:08  
Epoch 18/100  (lr=9.31e-05)
12:57:14    Step 5/16  Loss=1.7827  [mse=0.0880  v_opt=0.00144  v_mand=0.00000  ptv=0.0860  smooth=0.3972]
12:57:18    Step 10/16  Loss=1.1717  [mse=0.0841  v_opt=0.01297  v_mand=0.00039  ptv=0.0256  smooth=0.3910]
12:57:25    Step 15/16  Loss=1.4885  [mse=0.1164  v_opt=0.00652  v_mand=0.00000  ptv=0.0273  smooth=0.3845]
12:57:25    Step 16/16  Loss=1.3662  [mse=0.0905  v_opt=0.00000  v_mand=0.00000  ptv=0.0421  smooth=0.3988]
12:57:35    --> Epoch 18 Summary:  Train=1.5083  Val=7.5897
12:57:35        Clinical:  PTV D95=54.41 Gy  Bladder Mean=26.54 Gy  Rectum Mean=38.47 Gy
12:57:35  
Epoch 19/100  (lr=9.23e-05)
12:57:41    Step 5/16  Loss=1.3058  [mse=0.0927  v_opt=0.00298  v_mand=0.00000  ptv=0.0335  smooth=0.3809]
12:57:45    Step 10/16  Loss=1.2575  [mse=0.0809  v_opt=0.00651  v_mand=0.00000  ptv=0.0397  smooth=0.3772]
12:57:51    Step 15/16  Loss=1.6359  [mse=0.0816  v_opt=0.06971  v_mand=0.01454  ptv=0.0283  smooth=0.3417]
12:57:52    Step 16/16  Loss=1.2903  [mse=0.0846  v_opt=0.00943  v_mand=0.00097  ptv=0.0364  smooth=0.3631]
12:58:02    --> Epoch 19 Summary:  Train=1.3700  Val=6.1189
12:58:02        Clinical:  PTV D95=57.36 Gy  Bladder Mean=29.57 Gy  Rectum Mean=34.35 Gy
12:58:02    --> [CLINICAL] Saved best CLINICAL model  Score=42.263  PTV_D95=57.36 Gy  Bladder=29.57 Gy  Rectum=34.35 Gy
12:58:02  
Epoch 20/100  (lr=9.14e-05)
12:58:08    Step 5/16  Loss=2.2597  [mse=0.0817  v_opt=0.00000  v_mand=0.00000  ptv=0.1407  smooth=0.3607]
12:58:13    Step 10/16  Loss=1.3343  [mse=0.0807  v_opt=0.00071  v_mand=0.00004  ptv=0.0489  smooth=0.3520]
12:58:19    Step 15/16  Loss=1.5318  [mse=0.0709  v_opt=0.05653  v_mand=0.01626  ptv=0.0270  smooth=0.3256]
12:58:19    Step 16/16  Loss=1.0746  [mse=0.0754  v_opt=0.00002  v_mand=0.00000  ptv=0.0287  smooth=0.3338]
12:58:28    --> Epoch 20 Summary:  Train=1.3752  Val=6.3652
12:58:28        Clinical:  PTV D95=58.03 Gy  Bladder Mean=28.38 Gy  Rectum Mean=36.15 Gy
12:58:28    --> [CLINICAL] Saved best CLINICAL model  Score=42.071  PTV_D95=58.03 Gy  Bladder=28.38 Gy  Rectum=36.15 Gy
12:58:28  
Epoch 21/100  (lr=9.05e-05)
12:58:34    Step 5/16  Loss=0.9959  [mse=0.0716  v_opt=0.01180  v_mand=0.00000  ptv=0.0223  smooth=0.3352]
12:58:39    Step 10/16  Loss=1.5298  [mse=0.0766  v_opt=0.07588  v_mand=0.01482  ptv=0.0210  smooth=0.3152]
12:58:45    Step 15/16  Loss=1.0853  [mse=0.0726  v_opt=0.00227  v_mand=0.00001  ptv=0.0323  smooth=0.3170]
12:58:45    Step 16/16  Loss=0.9491  [mse=0.0700  v_opt=0.00240  v_mand=0.00035  ptv=0.0204  smooth=0.3123]
12:58:55    --> Epoch 21 Summary:  Train=1.2896  Val=6.2758
12:58:55        Clinical:  PTV D95=54.44 Gy  Bladder Mean=27.31 Gy  Rectum Mean=35.79 Gy
12:58:55  
Epoch 22/100  (lr=8.96e-05)
12:59:01    Step 5/16  Loss=1.2063  [mse=0.0711  v_opt=0.03191  v_mand=0.00510  ptv=0.0273  smooth=0.3084]
12:59:06    Step 10/16  Loss=0.9483  [mse=0.0690  v_opt=0.01140  v_mand=0.00000  ptv=0.0204  smooth=0.3142]
12:59:12    Step 15/16  Loss=1.3481  [mse=0.0713  v_opt=0.00000  v_mand=0.00000  ptv=0.0605  smooth=0.3005]
12:59:12    Step 16/16  Loss=1.4583  [mse=0.1210  v_opt=0.00415  v_mand=0.00000  ptv=0.0210  smooth=0.3001]
12:59:22    --> Epoch 22 Summary:  Train=1.2353  Val=5.4158
12:59:22        Clinical:  PTV D95=56.51 Gy  Bladder Mean=27.63 Gy  Rectum Mean=33.40 Gy
12:59:22    --> [PHYSICS]  Saved best PHYSICS model  (val_loss=5.4158)
12:59:22  
Epoch 23/100  (lr=8.86e-05)
12:59:28    Step 5/16  Loss=1.0388  [mse=0.0655  v_opt=0.00081  v_mand=0.00007  ptv=0.0351  smooth=0.2891]
12:59:33    Step 10/16  Loss=1.3004  [mse=0.0978  v_opt=0.00393  v_mand=0.00000  ptv=0.0286  smooth=0.2768]
12:59:39    Step 15/16  Loss=0.9498  [mse=0.0714  v_opt=0.00000  v_mand=0.00000  ptv=0.0208  smooth=0.2843]
12:59:39    Step 16/16  Loss=0.8737  [mse=0.0682  v_opt=0.00002  v_mand=0.00000  ptv=0.0165  smooth=0.2736]
12:59:48    --> Epoch 23 Summary:  Train=1.0689  Val=6.1565
12:59:48        Clinical:  PTV D95=59.14 Gy  Bladder Mean=27.88 Gy  Rectum Mean=35.78 Gy
12:59:48    --> [CLINICAL] Saved best CLINICAL model  Score=38.363  PTV_D95=59.14 Gy  Bladder=27.88 Gy  Rectum=35.78 Gy
12:59:48  
Epoch 24/100  (lr=8.76e-05)
12:59:55    Step 5/16  Loss=1.3955  [mse=0.1182  v_opt=0.01916  v_mand=0.00085  ptv=0.0128  smooth=0.2585]
12:59:59    Step 10/16  Loss=0.9439  [mse=0.0598  v_opt=0.01880  v_mand=0.00259  ptv=0.0218  smooth=0.2515]
13:00:06    Step 15/16  Loss=1.0467  [mse=0.0628  v_opt=0.02124  v_mand=0.00151  ptv=0.0312  smooth=0.2650]
13:00:06    Step 16/16  Loss=1.1182  [mse=0.0610  v_opt=0.01031  v_mand=0.00000  ptv=0.0461  smooth=0.2629]
13:00:15    --> Epoch 24 Summary:  Train=1.0095  Val=4.4916
13:00:15        Clinical:  PTV D95=54.63 Gy  Bladder Mean=28.84 Gy  Rectum Mean=28.57 Gy
13:00:15    --> [PHYSICS]  Saved best PHYSICS model  (val_loss=4.4916)
13:00:15  
Epoch 25/100  (lr=8.66e-05)
13:00:21    Step 5/16  Loss=1.0014  [mse=0.0613  v_opt=0.00520  v_mand=0.00227  ptv=0.0297  smooth=0.2405]
13:00:26    Step 10/16  Loss=0.8906  [mse=0.0627  v_opt=0.00729  v_mand=0.00000  ptv=0.0223  smooth=0.2530]
13:00:32    Step 15/16  Loss=0.8838  [mse=0.0612  v_opt=0.00933  v_mand=0.00032  ptv=0.0221  smooth=0.2421]
13:00:32    Step 16/16  Loss=0.8162  [mse=0.0623  v_opt=0.00045  v_mand=0.00000  ptv=0.0169  smooth=0.2391]
13:00:42    --> Epoch 25 Summary:  Train=1.1591  Val=5.1458
13:00:42        Clinical:  PTV D95=56.42 Gy  Bladder Mean=27.31 Gy  Rectum Mean=33.52 Gy
13:00:42  
Epoch 26/100  (lr=8.55e-05)
13:00:49    Step 5/16  Loss=0.7535  [mse=0.0573  v_opt=0.00006  v_mand=0.00000  ptv=0.0158  smooth=0.2268]
13:00:53    Step 10/16  Loss=1.2798  [mse=0.0561  v_opt=0.00638  v_mand=0.00000  ptv=0.0682  smooth=0.2478]
13:00:59    Step 15/16  Loss=0.9381  [mse=0.0558  v_opt=0.01946  v_mand=0.00365  ptv=0.0226  smooth=0.2360]
13:01:00    Step 16/16  Loss=0.9203  [mse=0.0657  v_opt=0.00021  v_mand=0.00000  ptv=0.0238  smooth=0.2450]
13:01:09    --> Epoch 26 Summary:  Train=0.9751  Val=4.7893
13:01:09        Clinical:  PTV D95=54.05 Gy  Bladder Mean=27.06 Gy  Rectum Mean=31.78 Gy
13:01:09  
Epoch 27/100  (lr=8.44e-05)
13:01:16    Step 5/16  Loss=1.4096  [mse=0.1071  v_opt=0.00886  v_mand=0.00093  ptv=0.0276  smooth=0.2111]
13:01:20    Step 10/16  Loss=1.3569  [mse=0.0491  v_opt=0.00052  v_mand=0.00000  ptv=0.0844  smooth=0.2064]
13:01:27    Step 15/16  Loss=0.6404  [mse=0.0443  v_opt=0.00238  v_mand=0.00000  ptv=0.0173  smooth=0.1971]
13:01:27    Step 16/16  Loss=1.1223  [mse=0.0914  v_opt=0.00694  v_mand=0.00000  ptv=0.0173  smooth=0.2120]
13:01:36    --> Epoch 27 Summary:  Train=0.9107  Val=6.3739
13:01:36        Clinical:  PTV D95=60.65 Gy  Bladder Mean=28.99 Gy  Rectum Mean=37.39 Gy
13:01:36    --> [CLINICAL] Saved best CLINICAL model  Score=37.394  PTV_D95=60.65 Gy  Bladder=28.99 Gy  Rectum=37.39 Gy
13:01:36  
Epoch 28/100  (lr=8.32e-05)
13:01:43    Step 5/16  Loss=0.6888  [mse=0.0515  v_opt=0.01028  v_mand=0.00007  ptv=0.0130  smooth=0.2083]
13:01:47    Step 10/16  Loss=1.1582  [mse=0.0927  v_opt=0.00039  v_mand=0.00000  ptv=0.0210  smooth=0.2056]
13:01:53    Step 15/16  Loss=0.7973  [mse=0.0462  v_opt=0.00738  v_mand=0.00202  ptv=0.0251  smooth=0.1928]
13:01:53    Step 16/16  Loss=0.9737  [mse=0.0516  v_opt=0.02176  v_mand=0.00481  ptv=0.0275  smooth=0.1866]
13:02:03    --> Epoch 28 Summary:  Train=0.9004  Val=5.3832
13:02:03        Clinical:  PTV D95=57.23 Gy  Bladder Mean=27.84 Gy  Rectum Mean=34.49 Gy
13:02:03  
Epoch 29/100  (lr=8.21e-05)
13:02:10    Step 5/16  Loss=1.3211  [mse=0.0512  v_opt=0.00035  v_mand=0.00000  ptv=0.0789  smooth=0.1927]
13:02:14    Step 10/16  Loss=0.7145  [mse=0.0450  v_opt=0.01705  v_mand=0.00077  ptv=0.0193  smooth=0.1870]
13:02:20    Step 15/16  Loss=0.7763  [mse=0.0481  v_opt=0.00758  v_mand=0.00085  ptv=0.0240  smooth=0.1932]
13:02:20    Step 16/16  Loss=0.9220  [mse=0.0509  v_opt=0.00000  v_mand=0.00000  ptv=0.0393  smooth=0.2042]
13:02:29    --> Epoch 29 Summary:  Train=1.0638  Val=4.0297
13:02:29        Clinical:  PTV D95=58.88 Gy  Bladder Mean=28.01 Gy  Rectum Mean=30.02 Gy
13:02:29    --> [PHYSICS]  Saved best PHYSICS model  (val_loss=4.0297)
13:02:30    --> [CLINICAL] Saved best CLINICAL model  Score=33.380  PTV_D95=58.88 Gy  Bladder=28.01 Gy  Rectum=30.02 Gy
13:02:30  
Epoch 30/100  (lr=8.08e-05)
13:02:36    Step 5/16  Loss=0.8471  [mse=0.0495  v_opt=0.00000  v_mand=0.00000  ptv=0.0333  smooth=0.1934]
13:02:41    Step 10/16  Loss=0.6324  [mse=0.0477  v_opt=0.00510  v_mand=0.00000  ptv=0.0127  smooth=0.1818]
13:02:47    Step 15/16  Loss=0.7208  [mse=0.0557  v_opt=0.00038  v_mand=0.00000  ptv=0.0145  smooth=0.1794]
13:02:47    Step 16/16  Loss=1.2988  [mse=0.1016  v_opt=0.00318  v_mand=0.00039  ptv=0.0249  smooth=0.1774]
13:02:57    --> Epoch 30 Summary:  Train=0.9892  Val=4.6386
13:02:57        Clinical:  PTV D95=59.22 Gy  Bladder Mean=28.95 Gy  Rectum Mean=33.24 Gy
13:02:57  
Epoch 31/100  (lr=7.96e-05)
13:03:04    Step 5/16  Loss=0.5643  [mse=0.0410  v_opt=0.00014  v_mand=0.00000  ptv=0.0136  smooth=0.1702]
13:03:08    Step 10/16  Loss=0.7875  [mse=0.0488  v_opt=0.00190  v_mand=0.00010  ptv=0.0275  smooth=0.1781]
13:03:14    Step 15/16  Loss=0.7328  [mse=0.0397  v_opt=0.00628  v_mand=0.00000  ptv=0.0307  smooth=0.1590]
13:03:15    Step 16/16  Loss=0.6715  [mse=0.0508  v_opt=0.00025  v_mand=0.00000  ptv=0.0145  smooth=0.1788]
13:03:24    --> Epoch 31 Summary:  Train=0.9181  Val=4.4023
13:03:24        Clinical:  PTV D95=57.83 Gy  Bladder Mean=27.45 Gy  Rectum Mean=34.21 Gy
13:03:24  
Epoch 32/100  (lr=7.83e-05)
13:03:32    Step 5/16  Loss=0.6697  [mse=0.0478  v_opt=0.00494  v_mand=0.00085  ptv=0.0144  smooth=0.1611]
13:03:36    Step 10/16  Loss=1.0366  [mse=0.0492  v_opt=0.03832  v_mand=0.00779  ptv=0.0257  smooth=0.1644]
13:03:43    Step 15/16  Loss=0.5542  [mse=0.0368  v_opt=0.00002  v_mand=0.00000  ptv=0.0171  smooth=0.1537]
13:03:43    Step 16/16  Loss=0.5776  [mse=0.0358  v_opt=0.00410  v_mand=0.00045  ptv=0.0185  smooth=0.1469]
13:03:53    --> Epoch 32 Summary:  Train=0.7618  Val=4.5371
13:03:53        Clinical:  PTV D95=55.19 Gy  Bladder Mean=28.61 Gy  Rectum Mean=31.90 Gy
13:03:53  
Epoch 33/100  (lr=7.70e-05)
13:04:00    Step 5/16  Loss=0.7773  [mse=0.0468  v_opt=0.00003  v_mand=0.00000  ptv=0.0293  smooth=0.1629]
13:04:04    Step 10/16  Loss=0.5653  [mse=0.0382  v_opt=0.00093  v_mand=0.00000  ptv=0.0167  smooth=0.1429]
13:04:10    Step 15/16  Loss=0.8841  [mse=0.0440  v_opt=0.02045  v_mand=0.00125  ptv=0.0356  smooth=0.1642]
13:04:10    Step 16/16  Loss=1.2473  [mse=0.0462  v_opt=0.05458  v_mand=0.01537  ptv=0.0277  smooth=0.1496]
13:04:20    --> Epoch 33 Summary:  Train=0.7433  Val=6.0096
13:04:20        Clinical:  PTV D95=61.50 Gy  Bladder Mean=31.53 Gy  Rectum Mean=36.28 Gy
13:04:20  
Epoch 34/100  (lr=7.57e-05)
13:04:26    Step 5/16  Loss=1.0867  [mse=0.0427  v_opt=0.00000  v_mand=0.00000  ptv=0.0645  smooth=0.1461]
13:04:30    Step 10/16  Loss=0.6772  [mse=0.0423  v_opt=0.00601  v_mand=0.00031  ptv=0.0221  smooth=0.1306]
13:04:36    Step 15/16  Loss=0.6331  [mse=0.0371  v_opt=0.00961  v_mand=0.00000  ptv=0.0230  smooth=0.1298]
13:04:37    Step 16/16  Loss=0.8348  [mse=0.0399  v_opt=0.02702  v_mand=0.00414  ptv=0.0264  smooth=0.1360]
13:04:46    --> Epoch 34 Summary:  Train=0.7695  Val=5.1861
13:04:46        Clinical:  PTV D95=56.08 Gy  Bladder Mean=28.87 Gy  Rectum Mean=33.91 Gy
13:04:46  
Epoch 35/100  (lr=7.43e-05)
13:04:53    Step 5/16  Loss=1.1615  [mse=0.0970  v_opt=0.00442  v_mand=0.00171  ptv=0.0127  smooth=0.1280]
13:04:57    Step 10/16  Loss=0.7031  [mse=0.0354  v_opt=0.02887  v_mand=0.00604  ptv=0.0129  smooth=0.1152]
13:05:03    Step 15/16  Loss=0.6139  [mse=0.0360  v_opt=0.00000  v_mand=0.00000  ptv=0.0242  smooth=0.1168]
13:05:03    Step 16/16  Loss=0.5573  [mse=0.0372  v_opt=0.00165  v_mand=0.00000  ptv=0.0169  smooth=0.1357]
13:05:13    --> Epoch 35 Summary:  Train=0.6692  Val=4.5840
13:05:13        Clinical:  PTV D95=54.89 Gy  Bladder Mean=27.41 Gy  Rectum Mean=33.58 Gy
13:05:13  
Epoch 36/100  (lr=7.30e-05)
