2026-05-29 15:23:38 [INFO] Training log started: logs/training_20260529_152338.log
2026-05-29 15:23:38 [INFO] PATCH_SIZE=(128, 128, 64), GRAD_ACCUM_STEPS=2
2026-05-29 15:23:38 [INFO] Loading clinical constraints from ./prostate_prime_constraints_v3.csv ...
2026-05-29 15:23:38 [INFO] Curriculum ramp: lambda_mse=25.0 constant, physics lambdas 0 -> target over 75 epochs
2026-05-29 15:23:38 [INFO] Model ready on cuda, epochs=300, AMP=ON
2026-05-29 15:23:38 [INFO] Epoch 1/300 [RAMP 1/75 (1% of physics)] ramp=0.013 lr=1.00e-04
2026-05-29 15:23:46 [INFO] Step 5/54 Loss=413.2022 mse=0.9050 v_opt=2.35493 v_mand=1.56144 ptv=0.0133 ptv_max=0.16988 global_ceil=2581.09619 ring=0.06158 smooth=0.9235 laplacian=3.6280 anticollapse=0.00009 beam=0.88414 beam_ceil=1303.05347 shell_inner=0.00000 shell_outer=0.00000 homogeneity=0.1834 body=0.00000 bowel=0.20195 femur=0.42791 penile=0.07566
2026-05-29 15:23:51 [INFO] Step 10/54 Loss=858.1931 mse=1.9272 v_opt=2.26843 v_mand=1.48509 ptv=0.0094 ptv_max=0.10224 global_ceil=4569.36523 ring=0.04753 smooth=1.9728 laplacian=7.7988 anticollapse=0.00002 beam=0.94937 beam_ceil=3508.44678 shell_inner=0.00000 shell_outer=0.00000 homogeneity=0.1133 body=0.00000 bowel=0.08198 femur=0.31595 penile=0.10486
2026-05-29 15:23:58 [INFO] Step 15/54 Loss=655.7960 mse=1.2712 v_opt=2.04535 v_mand=1.31714 ptv=0.0078 ptv_max=0.00512 global_ceil=5314.91992 ring=0.02357 smooth=2.1311 laplacian=8.4443 anticollapse=0.00000 beam=0.93192 beam_ceil=906.61133 shell_inner=0.00000 shell_outer=0.00000 homogeneity=0.0158 body=0.00000 bowel=0.00000 femur=0.00000 penile=0.05970
2026-05-29 15:24:03 [INFO] Step 20/54 Loss=488.5999 mse=1.0461 v_opt=1.82044 v_mand=1.15032 ptv=0.0092 ptv_max=0.12565 global_ceil=2889.06348 ring=0.09817 smooth=1.3109 laplacian=5.1736 anticollapse=0.00002 beam=0.99864 beam_ceil=1716.33960 shell_inner=0.00000 shell_outer=0.00000 homogeneity=0.1369 body=0.00000 bowel=0.08429 femur=0.51137 penile=0.01207
2026-05-29 15:24:10 [INFO] Step 25/54 Loss=734.4194 mse=1.3349 v_opt=2.24102 v_mand=1.47409 ptv=0.0122 ptv_max=0.03315 global_ceil=4429.95898 ring=0.01381 smooth=1.5312 laplacian=6.0477 anticollapse=0.00000 beam=0.98165 beam_ceil=2561.74121 shell_inner=0.00000 shell_outer=0.00000 homogeneity=0.0418 body=0.00000 bowel=0.00000 femur=0.00000 penile=0.01106
2026-05-29 15:24:15 [INFO] Step 30/54 Loss=569.7498 mse=1.3125 v_opt=2.32593 v_mand=1.54118 ptv=0.0123 ptv_max=0.11852 global_ceil=3552.66895 ring=0.06798 smooth=1.4821 laplacian=5.8449 anticollapse=0.00004 beam=0.90059 beam_ceil=1794.98438 shell_inner=0.00000 shell_outer=0.00000 homogeneity=0.1333 body=0.00000 bowel=0.13881 femur=0.33117 penile=0.08967
2026-05-29 15:24:23 [INFO] Step 35/54 Loss=429.5435 mse=1.0775 v_opt=2.72313 v_mand=1.88318 ptv=0.0056 ptv_max=0.06853 global_ceil=2749.44580 ring=0.02779 smooth=1.0132 laplacian=3.9892 anticollapse=0.00002 beam=0.86712 beam_ceil=1255.16113 shell_inner=0.00000 shell_outer=0.00000 homogeneity=0.0743 body=0.00000 bowel=0.29072 femur=0.20138 penile=0.00000
2026-05-29 15:24:28 [INFO] Step 40/54 Loss=679.9896 mse=1.4498 v_opt=2.21352 v_mand=1.45748 ptv=0.0058 ptv_max=0.07302 global_ceil=3986.78418 ring=0.02511 smooth=1.2302 laplacian=4.8500 anticollapse=0.00001 beam=0.94263 beam_ceil=2431.06616 shell_inner=0.00000 shell_outer=0.00000 homogeneity=0.0801 body=0.00000 bowel=0.24830 femur=0.26851 penile=0.11872
2026-05-29 15:24:36 [INFO] Step 45/54 Loss=474.8938 mse=1.1372 v_opt=2.90611 v_mand=2.04365 ptv=0.0059 ptv_max=0.07244 global_ceil=2609.56030 ring=0.02048 smooth=0.8973 laplacian=3.5022 anticollapse=0.00002 beam=0.83460 beam_ceil=1832.92053 shell_inner=0.00000 shell_outer=0.00000 homogeneity=0.0783 body=0.00000 bowel=0.16726 femur=0.19810 penile=0.16603
2026-05-29 15:24:41 [INFO] Step 50/54 Loss=269.7108 mse=0.6806 v_opt=2.15840 v_mand=1.47182 ptv=0.0234 ptv_max=0.06047 global_ceil=1459.62964 ring=0.00874 smooth=0.3393 laplacian=1.3072 anticollapse=0.00005 beam=0.82281 beam_ceil=1050.92041 shell_inner=0.00000 shell_outer=0.00000 homogeneity=0.0834 body=0.00000 bowel=0.23357 femur=0.16285 penile=0.15075
2026-05-29 15:24:46 [INFO] Step 54/54 Loss=350.2856 mse=0.7974 v_opt=2.81794 v_mand=1.96020 ptv=0.0074 ptv_max=0.05904 global_ceil=1856.65564 ring=0.01544 smooth=0.4512 laplacian=1.7567 anticollapse=0.00001 beam=0.85978 beam_ceil=1426.00293 shell_inner=0.00000 shell_outer=0.00000 homogeneity=0.0689 body=0.00000 bowel=0.60849 femur=0.22163 penile=0.01880
2026-05-29 15:24:46 [INFO] Running validation at epoch 1...
2026-05-29 15:25:23 [INFO] Epoch 1 Summary: Train=593.3343 Val=0.0939 (MSE=0.0939)
          Core Metrics: PTV_D95=41.27Gy Bladder=58.92Gy Rectum=56.31Gy
          SIB Targets:  PTV60=57.32Gy PTV44=50.78Gy
          OAR Metrics:  Bowel=50.60Gy Femur=52.11Gy Ring=58.93Gy Penile=58.67Gy
          Physics:      Dmax=153.75Gy BG=63.24Gy
2026-05-29 15:25:23 [INFO] [DIAGNOSTIC] Saved fallback model MSE=0.0939
2026-05-29 15:25:23 [INFO] Epoch 2/300 [RAMP 2/75 (3% of physics)] ramp=0.027 lr=1.00e-04
2026-05-29 15:25:32 [INFO] Step 5/54 Loss=708.2469 mse=1.0353 v_opt=3.02121 v_mand=2.13531 ptv=0.0172 ptv_max=0.11159 global_ceil=2110.59424 ring=0.01861 smooth=0.6252 laplacian=2.4460 anticollapse=0.00005 beam=0.92067 beam_ceil=1277.31641 shell_inner=0.00000 shell_outer=0.00000 homogeneity=0.1193 body=0.00000 bowel=0.58246 femur=0.15956 penile=0.07850
2026-05-29 15:25:37 [INFO] Step 10/54 Loss=842.4397 mse=1.0497 v_opt=3.12126 v_mand=2.22549 ptv=0.0052 ptv_max=0.04678 global_ceil=2338.62158 ring=0.01149 smooth=0.6642 laplacian=2.6007 anticollapse=0.00000 beam=0.83278 beam_ceil=1719.63599 shell_inner=0.00000 shell_outer=0.00000 homogeneity=0.0539 body=0.00000 bowel=0.47268 femur=0.21657 penile=0.08343
2026-05-29 15:25:46 [INFO] Step 15/54 Loss=780.8235 mse=1.1869 v_opt=3.13149 v_mand=2.24627 ptv=0.0096 ptv_max=0.08216 global_ceil=2203.01929 ring=0.02305 smooth=0.7215 laplacian=2.8299 anticollapse=0.00004 beam=0.95833 beam_ceil=1528.53003 shell_inner=0.00000 shell_outer=0.00000 homogeneity=0.0928 body=0.00000 bowel=0.45808 femur=0.26099 penile=0.00000
2026-05-29 15:25:51 [INFO] Step 20/54 Loss=815.8587 mse=1.2428 v_opt=2.45464 v_mand=1.71573 ptv=0.0126 ptv_max=0.07863 global_ceil=2400.61084 ring=0.01568 smooth=0.7814 laplacian=3.0679 anticollapse=0.00005 beam=0.93213 beam_ceil=1502.91040 shell_inner=0.00000 shell_outer=0.00000 homogeneity=0.0910 body=0.00000 bowel=0.38432 femur=0.21626 penile=0.11107
2026-05-29 15:26:00 [INFO] Step 25/54 Loss=734.3128 mse=1.2491 v_opt=3.16570 v_mand=2.27332 ptv=0.0065 ptv_max=0.07468 global_ceil=1929.84290 ring=0.01635 smooth=0.8142 laplacian=3.2081 anticollapse=0.00005 beam=1.02111 beam_ceil=1560.91626 shell_inner=0.00000 shell_outer=0.00000 homogeneity=0.0805 body=0.00000 bowel=0.34317 femur=0.22626 penile=0.20708
2026-05-29 15:26:05 [INFO] Step 30/54 Loss=843.8394 mse=1.2517 v_opt=3.02468 v_mand=2.14705 ptv=0.0076 ptv_max=0.06200 global_ceil=2248.69482 ring=0.01303 smooth=0.7561 laplacian=2.9699 anticollapse=0.00001 beam=0.90328 beam_ceil=1791.10962 shell_inner=0.00000 shell_outer=0.00000 homogeneity=0.0715 body=0.00000 bowel=0.42961 femur=0.29681 penile=0.00000
2026-05-29 15:26:13 [INFO] Step 35/54 Loss=306.5240 mse=0.6364 v_opt=3.37513 v_mand=2.45701 ptv=0.0054 ptv_max=0.05996 global_ceil=965.71814 ring=0.00913 smooth=0.3918 laplacian=1.5231 anticollapse=0.00002 beam=0.84057 beam_ceil=463.95575 shell_inner=0.00000 shell_outer=0.00000 homogeneity=0.0654 body=0.00000 bowel=0.17383 femur=0.13957 penile=0.23610
2026-05-29 15:26:19 [INFO] Step 40/54 Loss=506.0971 mse=0.9749 v_opt=2.57848 v_mand=1.82818 ptv=0.0072 ptv_max=0.04586 global_ceil=1387.58191 ring=0.00744 smooth=0.6747 laplacian=2.6606 anticollapse=0.00000 beam=0.82344 beam_ceil=1001.41821 shell_inner=0.00000 shell_outer=0.00000 homogeneity=0.0546 body=0.00000 bowel=0.26589 femur=0.19674 penile=0.19342
2026-05-29 15:26:27 [INFO] Step 45/54 Loss=597.6080 mse=1.0527 v_opt=2.91115 v_mand=2.05865 ptv=0.0091 ptv_max=0.07898 global_ceil=1599.57959 ring=0.01658 smooth=0.6165 laplacian=2.4259 anticollapse=0.00008 beam=0.88056 beam_ceil=1234.85156 shell_inner=0.00000 shell_outer=0.00000 homogeneity=0.0865 body=0.00000 bowel=0.33385 femur=0.17734 penile=0.09627
2026-05-29 15:26:32 [INFO] Step 50/54 Loss=172.4712 mse=0.4589 v_opt=1.66852 v_mand=1.18375 ptv=0.0021 ptv_max=0.00000 global_ceil=719.34473 ring=0.00004 smooth=0.2917 laplacian=1.1215 anticollapse=0.00000 beam=0.84074 beam_ceil=71.93295 shell_inner=0.00000 shell_outer=0.00000 homogeneity=0.0022 body=0.00000 bowel=0.63645 femur=0.15147 penile=0.22969
2026-05-29 15:26:38 [INFO] Step 54/54 Loss=422.7375 mse=0.8380 v_opt=3.20069 v_mand=2.31916 ptv=0.0110 ptv_max=0.09064 global_ceil=1199.63721 ring=0.02458 smooth=0.5103 laplacian=1.9891 anticollapse=0.00009 beam=0.83601 beam_ceil=786.43536 shell_inner=0.00000 shell_outer=0.00000 homogeneity=0.1004 body=0.00000 bowel=0.00000 femur=0.17145 penile=0.00000
2026-05-29 15:26:38 [INFO] Running validation at epoch 2...
2026-05-29 15:27:17 [INFO] Epoch 2 Summary: Train=588.5858 Val=0.0877 (MSE=0.0877)
          Core Metrics: PTV_D95=39.75Gy Bladder=59.51Gy Rectum=56.48Gy
          SIB Targets:  PTV60=57.98Gy PTV44=51.03Gy
          OAR Metrics:  Bowel=50.48Gy Femur=52.08Gy Ring=59.18Gy Penile=58.55Gy
          Physics:      Dmax=119.01Gy BG=62.08Gy
2026-05-29 15:27:17 [INFO] [DIAGNOSTIC] Saved fallback model MSE=0.0877
2026-05-29 15:27:17 [INFO] Epoch 3/300 [RAMP 3/75 (4% of physics)] ramp=0.040 lr=1.00e-04
2026-05-29 15:27:26 [INFO] Step 5/54 Loss=481.0002 mse=0.7859 v_opt=3.07952 v_mand=2.21121 ptv=0.0060 ptv_max=0.00071 global_ceil=1269.42236 ring=0.00209 smooth=0.5198 laplacian=2.0431 anticollapse=0.00000 beam=0.84311 beam_ceil=248.37831 shell_inner=0.00000 shell_outer=0.00000 homogeneity=0.0084 body=0.00000 bowel=0.00000 femur=0.00000 penile=0.14157
2026-05-29 15:27:32 [INFO] Step 10/54 Loss=727.5226 mse=1.0382 v_opt=3.61686 v_mand=2.67496 ptv=0.0034 ptv_max=0.04480 global_ceil=1202.22290 ring=0.00374 smooth=0.6417 laplacian=2.5417 anticollapse=0.00000 beam=0.84208 beam_ceil=1110.74438 shell_inner=0.00000 shell_outer=0.00000 homogeneity=0.0496 body=0.00000 bowel=0.36848 femur=0.12548 penile=0.19995
2026-05-29 15:27:39 [INFO] Step 15/54 Loss=516.2729 mse=0.8248 v_opt=3.23046 v_mand=2.35308 ptv=0.0059 ptv_max=0.00074 global_ceil=1202.39160 ring=0.00139 smooth=0.5338 laplacian=2.0950 anticollapse=0.00000 beam=0.85929 beam_ceil=428.77295 shell_inner=0.00000 shell_outer=0.00000 homogeneity=0.0084 body=0.00000 bowel=0.00000 femur=0.00000 penile=0.06438
2026-05-29 15:27:46 [INFO] Step 20/54 Loss=532.8491 mse=0.7885 v_opt=3.38101 v_mand=2.48845 ptv=0.0075 ptv_max=0.05472 global_ceil=1099.15613 ring=0.00697 smooth=0.4867 laplacian=1.9099 anticollapse=0.00001 beam=0.84007 beam_ceil=587.07025 shell_inner=0.00000 shell_outer=0.00000 homogeneity=0.0645 body=0.00000 bowel=0.45478 femur=0.17717 penile=0.12125
2026-05-29 15:27:52 [INFO] Step 25/54 Loss=391.7030 mse=0.6655 v_opt=1.79566 v_mand=1.34488 ptv=0.0021 ptv_max=0.03548 global_ceil=693.30627 ring=0.00112 smooth=0.3278 laplacian=1.2824 anticollapse=0.00000 beam=0.83489 beam_ceil=541.78308 shell_inner=0.00000 shell_outer=0.00000 homogeneity=0.0391 body=0.00000 bowel=0.51010 femur=0.12306 penile=0.00000
2026-05-29 15:27:58 [INFO] Step 30/54 Loss=510.9369 mse=0.7946 v_opt=2.84208 v_mand=2.07381 ptv=0.0074 ptv_max=0.04554 global_ceil=885.10455 ring=0.00399 smooth=0.4336 laplacian=1.7078 anticollapse=0.00000 beam=0.81542 beam_ceil=731.52795 shell_inner=0.00000 shell_outer=0.00000 homogeneity=0.0546 body=0.00000 bowel=0.25999 femur=0.13813 penile=0.00000
2026-05-29 15:28:05 [INFO] Step 35/54 Loss=556.2289 mse=0.8927 v_opt=3.36525 v_mand=2.46475 ptv=0.0171 ptv_max=0.07483 global_ceil=967.31195 ring=0.00492 smooth=0.4490 laplacian=1.7697 anticollapse=0.00001 beam=0.83727 beam_ceil=788.21008 shell_inner=0.00000 shell_outer=0.00000 homogeneity=0.0862 body=0.00000 bowel=0.37230 femur=0.16673 penile=0.07104
2026-05-29 15:28:12 [INFO] Step 40/54 Loss=736.8873 mse=1.0270 v_opt=3.28797 v_mand=2.40132 ptv=0.0092 ptv_max=0.05932 global_ceil=1311.59546 ring=0.00834 smooth=0.5341 laplacian=2.1207 anticollapse=0.00001 beam=0.83598 beam_ceil=1034.81226 shell_inner=0.00000 shell_outer=0.00000 homogeneity=0.0717 body=0.00000 bowel=0.66537 femur=0.24104 penile=0.06396
2026-05-29 15:28:18 [INFO] Step 45/54 Loss=501.9760 mse=0.8838 v_opt=3.24327 v_mand=2.37830 ptv=0.0084 ptv_max=0.05874 global_ceil=912.44397 ring=0.00700 smooth=0.4043 laplacian=1.5945 anticollapse=0.00001 beam=0.85954 beam_ceil=663.52856 shell_inner=0.00000 shell_outer=0.00000 homogeneity=0.0696 body=0.00000 bowel=0.58392 femur=0.18399 penile=0.09859
2026-05-29 15:28:24 [INFO] Step 50/54 Loss=454.9119 mse=0.9182 v_opt=3.27052 v_mand=2.39815 ptv=0.0061 ptv_max=0.00085 global_ceil=1122.46509 ring=0.00113 smooth=0.5511 laplacian=2.1835 anticollapse=0.00000 beam=0.83504 beam_ceil=296.07251 shell_inner=0.00000 shell_outer=0.00000 homogeneity=0.0089 body=0.00000 bowel=0.00000 femur=0.00000 penile=0.07258
2026-05-29 15:28:30 [INFO] Step 54/54 Loss=171.1560 mse=0.4445 v_opt=0.00000 v_mand=0.00000 ptv=0.0002 ptv_max=0.03794 global_ceil=448.80432 ring=0.00128 smooth=0.2509 laplacian=0.9720 anticollapse=0.00000 beam=0.83445 beam_ceil=79.21711 shell_inner=0.00000 shell_outer=0.00000 homogeneity=0.0399 body=0.00000 bowel=0.56248 femur=0.00000 penile=0.00000
2026-05-29 15:28:30 [INFO] Running validation at epoch 3...
2026-05-29 15:29:10 [INFO] Epoch 3 Summary: Train=522.5799 Val=0.0827 (MSE=0.0827)
          Core Metrics: PTV_D95=39.08Gy Bladder=59.56Gy Rectum=56.67Gy
          SIB Targets:  PTV60=58.39Gy PTV44=50.93Gy
          OAR Metrics:  Bowel=50.02Gy Femur=51.70Gy Ring=59.07Gy Penile=58.41Gy
          Physics:      Dmax=103.47Gy BG=61.03Gy
2026-05-29 15:29:10 [INFO] [DIAGNOSTIC] Saved fallback model MSE=0.0827
2026-05-29 15:29:10 [INFO] Epoch 4/300 [RAMP 4/75 (5% of physics)] ramp=0.053 lr=1.00e-04
2026-05-29 15:29:17 [INFO] Step 5/54 Loss=600.5687 mse=0.9265 v_opt=3.43339 v_mand=2.53119 ptv=0.0065 ptv_max=0.04831 global_ceil=793.58923 ring=0.00405 smooth=0.4965 laplacian=1.9600 anticollapse=0.00001 beam=0.84997 beam_ceil=625.50702 shell_inner=0.00000 shell_outer=0.00000 homogeneity=0.0570 body=0.00000 bowel=0.45337 femur=0.12810 penile=0.15958
2026-05-29 15:29:23 [INFO] Step 10/54 Loss=270.6227 mse=0.5497 v_opt=3.41200 v_mand=2.52093 ptv=0.0068 ptv_max=0.00108 global_ceil=464.60080 ring=0.00088 smooth=0.2782 laplacian=1.0856 anticollapse=0.00000 beam=0.81904 beam_ceil=156.33493 shell_inner=0.00000 shell_outer=0.00000 homogeneity=0.0101 body=0.00000 bowel=0.00000 femur=0.00000 penile=0.00000
2026-05-29 15:29:31 [INFO] Step 15/54 Loss=530.8974 mse=0.8298 v_opt=3.37238 v_mand=2.48088 ptv=0.0071 ptv_max=0.00151 global_ceil=662.93323 ring=0.00162 smooth=0.3364 laplacian=1.3197 anticollapse=0.00000 beam=0.82132 beam_ceil=591.14960 shell_inner=0.00000 shell_outer=0.00000 homogeneity=0.0110 body=0.00000 bowel=0.00000 femur=0.00000 penile=0.09514
2026-05-29 15:29:37 [INFO] Step 20/54 Loss=785.5514 mse=0.9852 v_opt=3.37571 v_mand=2.49340 ptv=0.0087 ptv_max=0.06767 global_ceil=987.05261 ring=0.00725 smooth=0.4231 laplacian=1.6817 anticollapse=0.00005 beam=0.84606 beam_ceil=890.80121 shell_inner=0.00000 shell_outer=0.00000 homogeneity=0.0774 body=0.00000 bowel=0.56043 femur=0.16522 penile=0.00000
2026-05-29 15:29:44 [INFO] Step 25/54 Loss=536.5362 mse=0.9020 v_opt=3.41363 v_mand=2.52918 ptv=0.0086 ptv_max=0.05864 global_ceil=694.84497 ring=0.00518 smooth=0.3841 laplacian=1.5160 anticollapse=0.00002 beam=0.81409 beam_ceil=565.90515 shell_inner=0.00000 shell_outer=0.00000 homogeneity=0.0700 body=0.00000 bowel=0.47142 femur=0.15620 penile=0.10199
2026-05-29 15:29:50 [INFO] Step 30/54 Loss=540.3052 mse=0.8756 v_opt=2.81641 v_mand=2.07065 ptv=0.0117 ptv_max=0.05411 global_ceil=691.76495 ring=0.00316 smooth=0.3883 laplacian=1.5304 anticollapse=0.00002 beam=0.80770 beam_ceil=583.36224 shell_inner=0.00000 shell_outer=0.00000 homogeneity=0.0675 body=0.00000 bowel=0.45705 femur=0.14997 penile=0.14246
2026-05-29 15:29:58 [INFO] Step 35/54 Loss=352.4972 mse=0.6620 v_opt=3.35449 v_mand=2.47839 ptv=0.0136 ptv_max=0.06432 global_ceil=588.03296 ring=0.00563 smooth=0.2746 laplacian=1.0705 anticollapse=0.00003 beam=0.80814 beam_ceil=227.72914 shell_inner=0.00000 shell_outer=0.00000 homogeneity=0.0818 body=0.00000 bowel=0.70724 femur=0.14759 penile=0.07484
2026-05-29 15:30:04 [INFO] Step 40/54 Loss=360.0353 mse=0.5849 v_opt=3.44520 v_mand=2.55579 ptv=0.0082 ptv_max=0.06496 global_ceil=544.09973 ring=0.00417 smooth=0.2790 laplacian=1.0935 anticollapse=0.00005 beam=0.80399 beam_ceil=294.94943 shell_inner=0.00000 shell_outer=0.00000 homogeneity=0.0740 body=0.00000 bowel=0.54026 femur=0.14396 penile=0.21676
2026-05-29 15:30:11 [INFO] Step 45/54 Loss=458.2910 mse=0.8515 v_opt=3.61422 v_mand=2.70083 ptv=0.0076 ptv_max=0.05606 global_ceil=522.59631 ring=0.00382 smooth=0.3332 laplacian=1.3116 anticollapse=0.00004 beam=0.82600 beam_ceil=544.65143 shell_inner=0.00000 shell_outer=0.00000 homogeneity=0.0650 body=0.00000 bowel=0.56264 femur=0.13708 penile=0.00000
2026-05-29 15:30:17 [INFO] Step 50/54 Loss=246.4237 mse=0.5898 v_opt=3.45747 v_mand=2.56944 ptv=0.0161 ptv_max=0.09171 global_ceil=366.79950 ring=0.00390 smooth=0.2145 laplacian=0.8257 anticollapse=0.00004 beam=0.80391 beam_ceil=187.32028 shell_inner=0.00000 shell_outer=0.00000 homogeneity=0.1036 body=0.00000 bowel=0.66255 femur=0.11761 penile=0.10838
2026-05-29 15:30:22 [INFO] Step 54/54 Loss=313.6289 mse=0.6352 v_opt=3.54711 v_mand=2.65219 ptv=0.0076 ptv_max=0.05609 global_ceil=351.34991 ring=0.00312 smooth=0.2340 laplacian=0.9165 anticollapse=0.00003 beam=0.79370 beam_ceil=368.52164 shell_inner=0.00000 shell_outer=0.00000 homogeneity=0.0650 body=0.00000 bowel=0.41025 femur=0.10130 penile=0.23939
2026-05-29 15:30:22 [INFO] Running validation at epoch 4...
2026-05-29 15:31:02 [INFO] Epoch 4 Summary: Train=445.2788 Val=0.0766 (MSE=0.0766)
          Core Metrics: PTV_D95=40.15Gy Bladder=59.06Gy Rectum=56.65Gy
          SIB Targets:  PTV60=58.43Gy PTV44=50.52Gy
          OAR Metrics:  Bowel=49.26Gy Femur=50.92Gy Ring=58.61Gy Penile=58.09Gy
          Physics:      Dmax=92.02Gy BG=59.71Gy
2026-05-29 15:31:02 [INFO] [DIAGNOSTIC] Saved fallback model MSE=0.0766
2026-05-29 15:31:02 [INFO] Epoch 5/300 [RAMP 5/75 (7% of physics)] ramp=0.067 lr=1.00e-04
2026-05-29 15:31:10 [INFO] Step 5/54 Loss=384.9820 mse=0.6630 v_opt=3.21564 v_mand=2.38294 ptv=0.0094 ptv_max=0.06204 global_ceil=413.10419 ring=0.00463 smooth=0.2241 laplacian=0.8779 anticollapse=0.00004 beam=0.79480 beam_ceil=300.75595 shell_inner=0.00000 shell_outer=0.00000 homogeneity=0.0733 body=0.00000 bowel=0.66164 femur=0.12324 penile=0.00000
2026-05-29 15:31:15 [INFO] Step 10/54 Loss=389.6171 mse=0.7883 v_opt=3.47047 v_mand=2.57933 ptv=0.0062 ptv_max=0.00151 global_ceil=531.40466 ring=0.00070 smooth=0.2679 laplacian=1.0548 anticollapse=0.00000 beam=0.80297 beam_ceil=186.64136 shell_inner=0.00000 shell_outer=0.00000 homogeneity=0.0101 body=0.00000 bowel=0.00000 femur=0.00000 penile=0.12823
2026-05-29 15:31:23 [INFO] Step 15/54 Loss=418.8101 mse=0.7868 v_opt=3.67869 v_mand=2.76315 ptv=0.0051 ptv_max=0.04483 global_ceil=360.08112 ring=0.00166 smooth=0.2952 laplacian=1.1458 anticollapse=0.00001 beam=0.80944 beam_ceil=413.47833 shell_inner=0.00000 shell_outer=0.00000 homogeneity=0.0520 body=0.00000 bowel=0.32321 femur=0.09548 penile=0.00000
2026-05-29 15:31:29 [INFO] Step 20/54 Loss=507.4141 mse=0.8805 v_opt=3.48800 v_mand=2.60140 ptv=0.0090 ptv_max=0.05027 global_ceil=438.75934 ring=0.00228 smooth=0.3017 laplacian=1.1963 anticollapse=0.00006 beam=0.79124 beam_ceil=507.70981 shell_inner=0.00000 shell_outer=0.00000 homogeneity=0.0589 body=0.00000 bowel=0.49670 femur=0.11271 penile=0.19738
2026-05-29 15:31:37 [INFO] Step 25/54 Loss=269.1659 mse=0.5553 v_opt=3.57858 v_mand=2.66402 ptv=0.0066 ptv_max=0.04778 global_ceil=239.15671 ring=0.00202 smooth=0.1383 laplacian=0.5348 anticollapse=0.00001 beam=0.78991 beam_ceil=246.80151 shell_inner=0.00000 shell_outer=0.00000 homogeneity=0.0570 body=0.00000 bowel=0.82807 femur=0.08279 penile=0.00000
2026-05-29 15:31:43 [INFO] Step 30/54 Loss=426.3727 mse=0.7314 v_opt=3.61947 v_mand=2.70625 ptv=0.0058 ptv_max=0.04440 global_ceil=350.20776 ring=0.00126 smooth=0.2416 laplacian=0.9360 anticollapse=0.00001 beam=0.79168 beam_ceil=441.36359 shell_inner=0.00000 shell_outer=0.00000 homogeneity=0.0522 body=0.00000 bowel=0.43627 femur=0.09589 penile=0.19953
2026-05-29 15:31:50 [INFO] Step 35/54 Loss=257.9841 mse=0.6188 v_opt=3.15237 v_mand=2.33460 ptv=0.0106 ptv_max=0.06132 global_ceil=258.85724 ring=0.00301 smooth=0.1954 laplacian=0.7602 anticollapse=0.00010 beam=0.78972 beam_ceil=203.52756 shell_inner=0.00000 shell_outer=0.00000 homogeneity=0.0717 body=0.00000 bowel=0.61574 femur=0.11839 penile=0.18278
2026-05-29 15:31:56 [INFO] Step 40/54 Loss=231.2811 mse=0.5863 v_opt=3.46365 v_mand=2.56516 ptv=0.0068 ptv_max=0.00126 global_ceil=247.10924 ring=0.00066 smooth=0.1677 laplacian=0.6505 anticollapse=0.00000 beam=0.79297 beam_ceil=164.80545 shell_inner=0.00000 shell_outer=0.00000 homogeneity=0.0102 body=0.00000 bowel=0.00000 femur=0.00000 penile=0.10844
2026-05-29 15:32:03 [INFO] Step 45/54 Loss=321.8560 mse=0.7388 v_opt=3.79602 v_mand=2.85527 ptv=0.0047 ptv_max=0.04089 global_ceil=213.55267 ring=0.00048 smooth=0.2379 laplacian=0.9363 anticollapse=0.00001 beam=0.77914 beam_ceil=367.18265 shell_inner=0.00000 shell_outer=0.00000 homogeneity=0.0474 body=0.00000 bowel=0.69440 femur=0.07837 penile=0.21723
2026-05-29 15:32:09 [INFO] Step 50/54 Loss=236.2647 mse=0.5894 v_opt=3.40606 v_mand=2.52924 ptv=0.0087 ptv_max=0.04787 global_ceil=214.29175 ring=0.00158 smooth=0.1819 laplacian=0.7041 anticollapse=0.00003 beam=0.78715 beam_ceil=204.88788 shell_inner=0.00000 shell_outer=0.00000 homogeneity=0.0585 body=0.00000 bowel=0.74614 femur=0.09775 penile=0.18123
2026-05-29 15:32:14 [INFO] Step 54/54 Loss=270.9445 mse=0.6456 v_opt=3.32208 v_mand=2.44097 ptv=0.0105 ptv_max=0.04589 global_ceil=191.55560 ring=0.00125 smooth=0.1617 laplacian=0.6118 anticollapse=0.00001 beam=0.78858 beam_ceil=294.87933 shell_inner=0.00000 shell_outer=0.00000 homogeneity=0.0592 body=0.00000 bowel=0.72811 femur=0.10148 penile=0.20593
2026-05-29 15:32:14 [INFO] Running validation at epoch 5...
2026-05-29 15:32:54 [INFO] Epoch 5 Summary: Train=343.3482 Val=0.0726 (MSE=0.0726)
          Core Metrics: PTV_D95=40.61Gy Bladder=58.40Gy Rectum=56.45Gy
          SIB Targets:  PTV60=58.11Gy PTV44=49.97Gy
          OAR Metrics:  Bowel=48.57Gy Femur=50.20Gy Ring=58.05Gy Penile=57.70Gy
          Physics:      Dmax=85.71Gy BG=58.70Gy
2026-05-29 15:32:54 [INFO] [DIAGNOSTIC] Saved fallback model MSE=0.0726
2026-05-29 15:32:54 [INFO] Epoch 6/300 [RAMP 6/75 (8% of physics)] ramp=0.080 lr=9.99e-05
2026-05-29 15:33:01 [INFO] Step 5/54 Loss=402.8590 mse=0.6941 v_opt=3.38780 v_mand=2.51182 ptv=0.0090 ptv_max=0.04961 global_ceil=312.79199 ring=0.00149 smooth=0.2239 laplacian=0.8878 anticollapse=0.00004 beam=0.78846 beam_ceil=306.13815 shell_inner=0.00000 shell_outer=0.00000 homogeneity=0.0597 body=0.00000 bowel=0.58974 femur=0.09829 penile=0.15335
2026-05-29 15:33:07 [INFO] Step 10/54 Loss=369.9974 mse=0.7663 v_opt=3.44306 v_mand=2.53906 ptv=0.0078 ptv_max=0.04024 global_ceil=254.85222 ring=0.00083 smooth=0.1932 laplacian=0.7590 anticollapse=0.00001 beam=0.78848 beam_ceil=306.02463 shell_inner=0.00000 shell_outer=0.00000 homogeneity=0.0505 body=0.00000 bowel=0.79629 femur=0.09368 penile=0.13526
2026-05-29 15:33:15 [INFO] Step 15/54 Loss=302.3904 mse=0.6550 v_opt=3.09850 v_mand=2.25176 ptv=0.0088 ptv_max=0.03811 global_ceil=194.04501 ring=0.00070 smooth=0.1502 laplacian=0.5871 anticollapse=0.00000 beam=0.78573 beam_ceil=260.54166 shell_inner=0.00000 shell_outer=0.00000 homogeneity=0.0499 body=0.00000 bowel=1.00079 femur=0.09719 penile=0.14935
2026-05-29 15:33:20 [INFO] Step 20/54 Loss=210.0501 mse=0.5679 v_opt=3.73769 v_mand=2.78270 ptv=0.0037 ptv_max=0.03369 global_ceil=172.51329 ring=0.00036 smooth=0.1404 laplacian=0.5397 anticollapse=0.00001 beam=0.78424 beam_ceil=129.12170 shell_inner=0.00000 shell_outer=0.00000 homogeneity=0.0380 body=0.00000 bowel=0.68345 femur=0.07216 penile=0.00000
2026-05-29 15:33:28 [INFO] Step 25/54 Loss=196.7637 mse=0.5950 v_opt=3.37426 v_mand=2.47460 ptv=0.0077 ptv_max=0.00070 global_ceil=134.30817 ring=0.00027 smooth=0.1342 laplacian=0.5111 anticollapse=0.00000 beam=0.78087 beam_ceil=148.21718 shell_inner=0.00000 shell_outer=0.00000 homogeneity=0.0101 body=0.00000 bowel=0.00000 femur=0.00000 penile=0.15960
2026-05-29 15:33:34 [INFO] Step 30/54 Loss=185.0254 mse=0.5637 v_opt=2.64215 v_mand=1.93689 ptv=0.0046 ptv_max=0.03515 global_ceil=102.05215 ring=0.00027 smooth=0.1605 laplacian=0.6131 anticollapse=0.00000 beam=0.77968 beam_ceil=163.54529 shell_inner=0.00000 shell_outer=0.00000 homogeneity=0.0416 body=0.00000 bowel=0.86328 femur=0.07231 penile=0.00000
2026-05-29 15:33:42 [INFO] Step 35/54 Loss=128.9365 mse=0.4396 v_opt=1.89056 v_mand=1.38623 ptv=0.0031 ptv_max=0.00001 global_ceil=168.41934 ring=0.00000 smooth=0.0972 laplacian=0.3527 anticollapse=0.00000 beam=0.77649 beam_ceil=15.18231 shell_inner=0.00000 shell_outer=0.00000 homogeneity=0.0037 body=0.00000 bowel=0.00000 femur=0.08085 penile=0.20455
2026-05-29 15:33:47 [INFO] Step 40/54 Loss=36.2436 mse=0.3655 v_opt=0.00000 v_mand=0.00000 ptv=0.0000 ptv_max=0.00000 global_ceil=14.49158 ring=0.00000 smooth=0.0783 laplacian=0.2933 anticollapse=0.00000 beam=0.77574 beam_ceil=25.76519 shell_inner=0.00000 shell_outer=0.00000 homogeneity=0.0000 body=0.00000 bowel=1.01751 femur=0.06857 penile=0.00000
2026-05-29 15:33:56 [INFO] Step 45/54 Loss=129.8059 mse=0.5262 v_opt=2.92114 v_mand=2.41269 ptv=0.0000 ptv_max=0.02717 global_ceil=84.79977 ring=0.00000 smooth=0.1174 laplacian=0.4339 anticollapse=0.00000 beam=0.77603 beam_ceil=87.28251 shell_inner=0.00000 shell_outer=0.00000 homogeneity=0.0290 body=0.00000 bowel=0.93441 femur=0.06829 penile=0.00000
2026-05-29 15:34:01 [INFO] Step 50/54 Loss=209.9272 mse=0.6218 v_opt=3.34941 v_mand=2.43999 ptv=0.0083 ptv_max=0.03584 global_ceil=63.93507 ring=0.00022 smooth=0.1363 laplacian=0.5261 anticollapse=0.00003 beam=0.77956 beam_ceil=237.11923 shell_inner=0.00000 shell_outer=0.00000 homogeneity=0.0440 body=0.00000 bowel=0.79193 femur=0.07863 penile=0.19059
2026-05-29 15:34:07 [INFO] Step 54/54 Loss=232.7854 mse=0.6880 v_opt=3.07788 v_mand=2.24553 ptv=0.0084 ptv_max=0.03484 global_ceil=83.85321 ring=0.00025 smooth=0.1669 laplacian=0.6475 anticollapse=0.00002 beam=0.77629 beam_ceil=254.10004 shell_inner=0.00000 shell_outer=0.00000 homogeneity=0.0442 body=0.00000 bowel=0.70480 femur=0.07840 penile=0.13709
2026-05-29 15:34:07 [INFO] Running validation at epoch 6...
2026-05-29 15:34:46 [INFO] Epoch 6 Summary: Train=237.4023 Val=0.0700 (MSE=0.0700)
          Core Metrics: PTV_D95=39.98Gy Bladder=57.56Gy Rectum=56.15Gy
          SIB Targets:  PTV60=57.56Gy PTV44=49.38Gy
          OAR Metrics:  Bowel=47.94Gy Femur=49.53Gy Ring=57.41Gy Penile=57.24Gy
          Physics:      Dmax=80.21Gy BG=57.87Gy
2026-05-29 15:34:46 [INFO] [DIAGNOSTIC] Saved fallback model MSE=0.0700
2026-05-29 15:34:46 [INFO] Epoch 7/300 [RAMP 7/75 (9% of physics)] ramp=0.093 lr=9.99e-05
2026-05-29 15:34:55 [INFO] Step 5/54 Loss=166.6858 mse=0.5207 v_opt=3.36989 v_mand=2.45501 ptv=0.0096 ptv_max=0.03523 global_ceil=22.79030 ring=0.00014 smooth=0.1007 laplacian=0.3892 anticollapse=0.00002 beam=0.78921 beam_ceil=173.75711 shell_inner=0.00000 shell_outer=0.00000 homogeneity=0.0461 body=0.00000 bowel=0.92785 femur=0.08372 penile=0.00000
2026-05-29 15:35:00 [INFO] Step 10/54 Loss=160.6974 mse=0.6187 v_opt=3.57353 v_mand=2.63800 ptv=0.0104 ptv_max=0.02883 global_ceil=25.44990 ring=0.00003 smooth=0.1434 laplacian=0.5325 anticollapse=0.00004 beam=0.77679 beam_ceil=158.58144 shell_inner=0.00000 shell_outer=0.00000 homogeneity=0.0374 body=0.00000 bowel=0.44535 femur=0.07993 penile=0.18658
2026-05-29 15:35:08 [INFO] Step 15/54 Loss=202.0034 mse=0.6067 v_opt=3.34342 v_mand=2.43068 ptv=0.0105 ptv_max=0.03269 global_ceil=74.67039 ring=0.00005 smooth=0.1164 laplacian=0.4500 anticollapse=0.00001 beam=0.77369 beam_ceil=169.17419 shell_inner=0.00000 shell_outer=0.00000 homogeneity=0.0449 body=0.00000 bowel=0.98876 femur=0.08092 penile=0.14996
2026-05-29 15:35:13 [INFO] Step 20/54 Loss=145.4244 mse=0.6179 v_opt=3.39464 v_mand=2.48126 ptv=0.0063 ptv_max=0.00008 global_ceil=67.26749 ring=0.00001 smooth=0.1226 laplacian=0.4679 anticollapse=0.00000 beam=0.77110 beam_ceil=97.80930 shell_inner=0.00000 shell_outer=0.00000 homogeneity=0.0071 body=0.00000 bowel=0.00000 femur=0.00000 penile=0.17379
2026-05-29 15:35:21 [INFO] Step 25/54 Loss=192.0070 mse=0.6169 v_opt=3.37361 v_mand=2.45699 ptv=0.0083 ptv_max=0.02736 global_ceil=75.39677 ring=0.00001 smooth=0.1267 laplacian=0.4827 anticollapse=0.00000 beam=0.76890 beam_ceil=154.11859 shell_inner=0.00000 shell_outer=0.00000 homogeneity=0.0380 body=0.00000 bowel=0.79824 femur=0.07253 penile=0.16215
2026-05-29 15:35:26 [INFO] Step 30/54 Loss=234.2903 mse=0.6266 v_opt=3.57047 v_mand=2.64171 ptv=0.0063 ptv_max=0.03137 global_ceil=48.87788 ring=0.00004 smooth=0.1625 laplacian=0.6395 anticollapse=0.00001 beam=0.77331 beam_ceil=238.98203 shell_inner=0.00000 shell_outer=0.00000 homogeneity=0.0388 body=0.00000 bowel=0.88278 femur=0.07854 penile=0.19780
2026-05-29 15:35:34 [INFO] Step 35/54 Loss=75.2924 mse=0.4395 v_opt=3.41157 v_mand=2.48542 ptv=0.0075 ptv_max=0.03010 global_ceil=16.38451 ring=0.00000 smooth=0.0882 laplacian=0.3288 anticollapse=0.00000 beam=0.76699 beam_ceil=52.02631 shell_inner=0.00000 shell_outer=0.00000 homogeneity=0.0389 body=0.00000 bowel=1.09236 femur=0.07134 penile=0.14438
2026-05-29 15:35:40 [INFO] Step 40/54 Loss=144.3808 mse=0.5712 v_opt=3.37335 v_mand=2.45988 ptv=0.0072 ptv_max=0.03038 global_ceil=6.41517 ring=0.00003 smooth=0.1198 laplacian=0.4632 anticollapse=0.00001 beam=0.77282 beam_ceil=156.43050 shell_inner=0.00000 shell_outer=0.00000 homogeneity=0.0387 body=0.00000 bowel=0.88322 femur=0.07475 penile=0.17041
2026-05-29 15:35:47 [INFO] Step 45/54 Loss=41.3351 mse=0.4343 v_opt=0.00000 v_mand=0.00000 ptv=0.0001 ptv_max=0.02616 global_ceil=0.77207 ring=0.00000 smooth=0.0944 laplacian=0.3485 anticollapse=0.00000 beam=0.76447 beam_ceil=37.76427 shell_inner=0.00000 shell_outer=0.00000 homogeneity=0.0279 body=0.00000 bowel=0.80631 femur=0.00000 penile=0.00000
2026-05-29 15:35:54 [INFO] Step 50/54 Loss=191.6385 mse=0.6605 v_opt=3.25868 v_mand=2.35654 ptv=0.0105 ptv_max=0.03066 global_ceil=33.39513 ring=0.00003 smooth=0.1335 laplacian=0.5243 anticollapse=0.00001 beam=0.77417 beam_ceil=194.49734 shell_inner=0.00000 shell_outer=0.00000 homogeneity=0.0422 body=0.00000 bowel=0.86245 femur=0.07800 penile=0.14281
2026-05-29 15:35:59 [INFO] Step 54/54 Loss=177.1621 mse=0.6784 v_opt=3.24171 v_mand=2.34846 ptv=0.0106 ptv_max=0.03297 global_ceil=34.74261 ring=0.00006 smooth=0.1398 laplacian=0.5520 anticollapse=0.00003 beam=0.76649 beam_ceil=171.89902 shell_inner=0.00000 shell_outer=0.00000 homogeneity=0.0433 body=0.00000 bowel=0.80824 femur=0.07364 penile=0.18843
2026-05-29 15:35:59 [INFO] Running validation at epoch 7...
